Selected dataset: Rmat-20 -> ../data/pr/graph500-scale20-ef16_adj.edges
================================ SYSTEM INFO =======================================
Python Version: 3.8.20
PyTorch Version: 2.4.1+cu118
================================ SYSTEM INFO =======================================
start loading data...
load data complete...
shape of matrix: [645821, 645821], num_nodes=645821
start calculating pagerank...
Iteration: 1, Diff: 1.2815
Iteration: 2, Diff: 0.2462
Iteration: 3, Diff: 0.0414
Iteration: 4, Diff: 0.0110
Iteration: 5, Diff: 0.0027
Iteration: 6, Diff: 0.0008
calculate complete...
printing top 20 node ids with their ranks:
S No. Node Id Rank
1 1 0.002198741538450122
2 330702 0.0008649000083096325
3 326638 0.0008577986736781895
4 9341 0.0008565970929339528
5 426482 0.0008546534227207303
6 101769 0.0008523404248990119
7 139132 0.0008508393657393754
8 544219 0.0008502395357936621
9 194455 0.0008496240479871631
10 34541 0.0008471609908156097
11 261692 0.0008443427504971623
12 141625 0.0008331442950293422
13 64385 0.0008255857392214239
14 36022 0.0008243769989348948
15 433913 0.0008096100646071136
16 199033 0.0008091068011708558
17 530778 0.0008079973049461842
18 254027 0.0008061889093369246
19 97431 0.0008045444847084582
20 2 0.0008008106960915029
================================ DATAFLOW METHOD =======================================
Graph: nodes:645821, edges:188170332
GTEPS: 0.014186
Total Cost: 76.10 seconds
================================ DATAFLOW METHOD =======================================
