> Selected dataset: Rmat-18 -> ../data/pr/graph500-scale18-ef16_adj.edges
> ================================ SYSTEM INFO =======================================
> Python Version: 3.8.20
> PyTorch Version: 2.4.1+cu118
> ================================ SYSTEM INFO =======================================
> start loading data...
> load data complete...
> shape of matrix: [174148, 174148], num_nodes=174148
> start calculating pagerank...
> Iteration: 1, Diff: 1.2531
> Iteration: 2, Diff: 0.2519
> Iteration: 3, Diff: 0.0447
> Iteration: 4, Diff: 0.0119
> Iteration: 5, Diff: 0.0030
> Iteration: 6, Diff: 0.0009
> calculate complete...
> printing top 20 node ids with their ranks:
> S No. Node Id Rank
> 1 1 0.0034712939523160458
> 2 159453 0.001431524520739913
> 3 78518 0.0014265358913689852
> 4 133418 0.0014198430581018329
> 5 144325 0.0014166472246870399
> 6 158201 0.0014157277764752507
> 7 2099 0.0014137119287624955
> 8 20983 0.001412219018675387
> 9 115679 0.0014116857200860977
> 10 143636 0.0013976737391203642
> 11 46630 0.0013942137593403459
> 12 108888 0.001391989761032164
> 13 19869 0.001387431169860065
> 14 124206 0.0013854673597961664
> 15 116089 0.001346762990579009
> 16 123461 0.0013459721812978387
> 17 48707 0.0013247061287984252
> 18 74854 0.0013234324287623167
> 19 2 0.0013085782993584871
> 20 48718 0.0005912991473451257
> ================================ DATAFLOW METHOD =======================================
> Graph: nodes:174148, edges:45604176
> GTEPS: 0.015633
> Total Cost: 18.60 seconds
> ================================ DATAFLOW METHOD =======================================