Selected dataset: Rmat-19 -> ../data/pr/graph500-scale19-ef16_adj.edges
================================ SYSTEM INFO =======================================
Python Version: 3.8.20
PyTorch Version: 2.4.1+cu118
================================ SYSTEM INFO =======================================
start loading data...
load data complete...
shape of matrix: [335319, 335319], num_nodes=335319
start calculating pagerank...
Iteration: 1, Diff: 1.2671
Iteration: 2, Diff: 0.2475
Iteration: 3, Diff: 0.0427
Iteration: 4, Diff: 0.0113
Iteration: 5, Diff: 0.0028
Iteration: 6, Diff: 0.0008
calculate complete...
printing top 20 node ids with their ranks:
S No. Node Id Rank
1 1 0.0027571485843509436
2 120991 0.0011115489760413766
3 2259 0.0010997328208759427
4 170570 0.0010938933119177818
5 289915 0.0010933774756267667
6 302985 0.0010896952589973807
7 21751 0.0010896470630541444
8 118851 0.0010886375093832612
9 84954 0.0010883170180022717
10 232019 0.001082973787561059
11 50099 0.0010768325300887227
12 318268 0.0010742077138274908
13 23044 0.0010737967677414417
14 319671 0.0010705952299758792
15 303790 0.0010590949095785618
16 174501 0.0010358747094869614
17 80958 0.001022855518385768
18 2 0.0010221147676929832
19 52496 0.0010200400138273835
20 224968 0.0010164494160562754
================================ DATAFLOW METHOD =======================================
Graph: nodes:335319, edges:92756100
GTEPS: 0.014774
Total Cost: 37.69 seconds
================================ DATAFLOW METHOD =======================================
