Autocomplete enabled for the xbutil command
Autocomplete enabled for the xbmgmt command
XILINX_XRT : /opt/xilinx/xrt
PATH : /opt/xilinx/xrt/bin:/tools/Xilinx/Vitis_HLS/2023.2/bin:/tools/Xilinx/Model_Composer/2023.2/bin:/tools/Xilinx/Vitis/2023.2/bin:/tools/Xilinx/Vitis/2023.2/gnu/microblaze/lin/bin:/tools/Xilinx/Vitis/2023.2/gnu/microblaze/linux_toolchain/lin64_le/bin:/tools/Xilinx/Vitis/2023.2/gnu/aarch32/lin/gcc-arm-linux-gnueabi/bin:/tools/Xilinx/Vitis/2023.2/gnu/aarch32/lin/gcc-arm-none-eabi/bin:/tools/Xilinx/Vitis/2023.2/gnu/aarch64/lin/aarch64-linux/bin:/tools/Xilinx/Vitis/2023.2/gnu/aarch64/lin/aarch64-none/bin:/tools/Xilinx/Vitis/2023.2/gnu/armr5/lin/gcc-arm-none-eabi/bin:/tools/Xilinx/Vitis/2023.2/tps/lnx64/cmake-3.3.2/bin:/tools/Xilinx/Vitis/2023.2/aietools/bin:/tools/Xilinx/Vitis/2023.2/gnu/riscv/lin/riscv64-unknown-elf/bin:/tools/Xilinx/Vivado/2023.2/bin:/tools/Xilinx/DocNav:/usr/local/sbin:/usr/local/bin:/usr/sbin:/usr/bin:/sbin:/bin:/usr/games:/usr/local/games:/snap/bin
LD_LIBRARY_PATH : /opt/xilinx/xrt/lib
PYTHONPATH : /opt/xilinx/xrt/python
main: seed = 1773209518
[device 1 info] Name: xilinx_u280_gen3x16_xdma_base_1
[device 1 info] BDF: 0000:b1:00.1
Loaded xclbin: /home/jinjm/Documents/hls_source-1/vit_accel_hw.xclbin
vit_model_load: loading model from '/home/jinjm/Documents/ViT-Accelerator/host/vit.gguf' - please wait
Found 150 image files for folder inference
Total images: 150, Batch: 5, Inference runs: 30
Processing Batch 1/30
FPGA Kernel Execution time: 79.4 ms | GFLOPS: 60.4534
FPGA Kernel Execution time: 21.4 ms | GFLOPS: 224.299
FPGA Kernel Execution time: 18.6 ms | GFLOPS: 258.065
FPGA Kernel Execution time: 19.8 ms | GFLOPS: 242.424
FPGA Kernel Execution time: 46.8 ms | GFLOPS: 102.564
FPGA Kernel Execution time: 28.8 ms | GFLOPS: 166.667
FPGA Kernel Execution time: 28.2 ms | GFLOPS: 170.213
FPGA Kernel Execution time: 28.5 ms | GFLOPS: 168.421
FPGA Kernel Execution time: 29.7 ms | GFLOPS: 161.616
FPGA Kernel Execution time: 77.2 ms | GFLOPS: 62.1762
FPGA Kernel Execution time: 33.7 ms | GFLOPS: 142.433
FPGA Kernel Execution time: 83.2 ms | GFLOPS: 57.6923
n0184338300001176.jpg > snail : 0.90
n0184338300001191.jpg > hen-of-the-woods, hen of the woods, Polyporus frondosus, Grifola frondosa : 0.94
n0184338300001197.jpg > earthstar : 0.96
n0184338300001198.jpg > bubble : 0.97
n0184338300001199.jpg > fig : 0.97
Processing Batch 2/30
FPGA Kernel Execution time: 60.9 ms | GFLOPS: 78.8177
FPGA Kernel Execution time: 21.2 ms | GFLOPS: 226.415
FPGA Kernel Execution time: 21.3 ms | GFLOPS: 225.352
FPGA Kernel Execution time: 19 ms | GFLOPS: 252.632
FPGA Kernel Execution time: 20.6 ms | GFLOPS: 233.01
FPGA Kernel Execution time: 21.6 ms | GFLOPS: 222.222
FPGA Kernel Execution time: 25.1 ms | GFLOPS: 191.235
FPGA Kernel Execution time: 45.8 ms | GFLOPS: 104.803
FPGA Kernel Execution time: 28.9 ms | GFLOPS: 166.09
FPGA Kernel Execution time: 55 ms | GFLOPS: 87.2727
FPGA Kernel Execution time: 77.5 ms | GFLOPS: 61.9355
FPGA Kernel Execution time: 72.9 ms | GFLOPS: 65.8436
n0184338300001204.jpg > coil, spiral, volute, whorl, helix : 0.79
n0184338300001233.jpg > wine bottle : 0.92
n0184338300001238.jpg > lampshade, lamp shade : 0.96
n0184338300001249.jpg > coral reef : 0.97
n0184338300001254.jpg > castle : 0.97
Processing Batch 3/30
FPGA Kernel Execution time: 56.3 ms | GFLOPS: 85.2575
FPGA Kernel Execution time: 21.8 ms | GFLOPS: 220.183
FPGA Kernel Execution time: 57.7 ms | GFLOPS: 83.1889
FPGA Kernel Execution time: 19.9 ms | GFLOPS: 241.206
FPGA Kernel Execution time: 22.3 ms | GFLOPS: 215.247
FPGA Kernel Execution time: 21.7 ms | GFLOPS: 221.198
FPGA Kernel Execution time: 42.9 ms | GFLOPS: 111.888
FPGA Kernel Execution time: 26.1 ms | GFLOPS: 183.908
FPGA Kernel Execution time: 24.8 ms | GFLOPS: 193.548
FPGA Kernel Execution time: 66.2 ms | GFLOPS: 72.5076
FPGA Kernel Execution time: 71.9 ms | GFLOPS: 66.7594
FPGA Kernel Execution time: 91.8 ms | GFLOPS: 52.2876
n0184338300001255.jpg > honeycomb : 0.91
n0184338300001257.jpg > maze, labyrinth : 0.93
n0184338300001262.jpg > coil, spiral, volute, whorl, helix : 0.93
n0184338300001264.jpg > coral reef : 0.94
n0184338300001270.jpg > wool, woolen, woollen : 0.94
Processing Batch 4/30
FPGA Kernel Execution time: 54.8 ms | GFLOPS: 87.5912
FPGA Kernel Execution time: 51.8 ms | GFLOPS: 92.6641
FPGA Kernel Execution time: 38.8 ms | GFLOPS: 123.711
FPGA Kernel Execution time: 44.1 ms | GFLOPS: 108.844
FPGA Kernel Execution time: 43.1 ms | GFLOPS: 111.369
FPGA Kernel Execution time: 21.4 ms | GFLOPS: 224.299
FPGA Kernel Execution time: 22.7 ms | GFLOPS: 211.454
FPGA Kernel Execution time: 23.1 ms | GFLOPS: 207.792
FPGA Kernel Execution time: 25.8 ms | GFLOPS: 186.047
FPGA Kernel Execution time: 76.1 ms | GFLOPS: 63.0749
FPGA Kernel Execution time: 73.3 ms | GFLOPS: 65.4843
FPGA Kernel Execution time: 74.5 ms | GFLOPS: 64.4295
n0184338300001274.jpg > coil, spiral, volute, whorl, helix : 0.81
n0184338300001279.jpg > coral reef : 0.92
n0184338300001281.jpg > sea urchin : 0.92
n0184338300001282.jpg > mushroom : 0.94
n0184338300001291.jpg > earthstar : 0.95
Processing Batch 5/30
FPGA Kernel Execution time: 68.5 ms | GFLOPS: 70.073
FPGA Kernel Execution time: 19.9 ms | GFLOPS: 241.206
FPGA Kernel Execution time: 18.8 ms | GFLOPS: 255.319
FPGA Kernel Execution time: 22.7 ms | GFLOPS: 211.454
FPGA Kernel Execution time: 24.5 ms | GFLOPS: 195.918
FPGA Kernel Execution time: 48.3 ms | GFLOPS: 99.3789
FPGA Kernel Execution time: 23.2 ms | GFLOPS: 206.897
FPGA Kernel Execution time: 23.3 ms | GFLOPS: 206.009
FPGA Kernel Execution time: 23.9 ms | GFLOPS: 200.837
FPGA Kernel Execution time: 71.3 ms | GFLOPS: 67.3212
FPGA Kernel Execution time: 76.6 ms | GFLOPS: 62.6632
FPGA Kernel Execution time: 31.3 ms | GFLOPS: 153.355
n0184338300001296.jpg > coral reef : 0.74
n0185567200001239.jpg > wool, woolen, woollen : 0.83
n0185567200001242.jpg > velvet : 0.95
n0185567200001246.jpg > sombrero : 0.96
n0185567200001258.jpg > coil, spiral, volute, whorl, helix : 0.97
Processing Batch 6/30
FPGA Kernel Execution time: 70 ms | GFLOPS: 68.5714
FPGA Kernel Execution time: 24.8 ms | GFLOPS: 193.548
FPGA Kernel Execution time: 19 ms | GFLOPS: 252.632
FPGA Kernel Execution time: 19.7 ms | GFLOPS: 243.655
FPGA Kernel Execution time: 24.9 ms | GFLOPS: 192.771
FPGA Kernel Execution time: 26 ms | GFLOPS: 184.615
FPGA Kernel Execution time: 26.3 ms | GFLOPS: 182.51
FPGA Kernel Execution time: 24.9 ms | GFLOPS: 192.771
FPGA Kernel Execution time: 75 ms | GFLOPS: 64
FPGA Kernel Execution time: 81.3 ms | GFLOPS: 59.0406
FPGA Kernel Execution time: 76.3 ms | GFLOPS: 62.9096
FPGA Kernel Execution time: 76.2 ms | GFLOPS: 62.9921
n0185567200001261.jpg > fountain : 0.91
n0185567200001269.jpg > shower curtain : 0.94
n0185567200001270.jpg > paper towel : 0.96
n0185567200001274.jpg > crane : 0.97
n0185567200001276.jpg > parachute, chute : 0.97
Processing Batch 7/30
FPGA Kernel Execution time: 62.9 ms | GFLOPS: 76.3116
FPGA Kernel Execution time: 50.8 ms | GFLOPS: 94.4882
FPGA Kernel Execution time: 47.7 ms | GFLOPS: 100.629
FPGA Kernel Execution time: 45.5 ms | GFLOPS: 105.495
FPGA Kernel Execution time: 53.4 ms | GFLOPS: 89.8876
FPGA Kernel Execution time: 65.9 ms | GFLOPS: 72.8376
FPGA Kernel Execution time: 50.4 ms | GFLOPS: 95.2381
FPGA Kernel Execution time: 76.1 ms | GFLOPS: 63.0749
FPGA Kernel Execution time: 76.3 ms | GFLOPS: 62.9096
FPGA Kernel Execution time: 48.6 ms | GFLOPS: 98.7654
FPGA Kernel Execution time: 72 ms | GFLOPS: 66.6667
FPGA Kernel Execution time: 47.2 ms | GFLOPS: 101.695
n0185567200001278.jpg > coil, spiral, volute, whorl, helix : 0.77
n0185567200001283.jpg > wine bottle : 0.91
n0185567200001285.jpg > honeycomb : 0.93
n0185567200001286.jpg > bubble : 0.95
n0185567200001291.jpg > fountain : 0.96
Processing Batch 8/30
FPGA Kernel Execution time: 62.9 ms | GFLOPS: 76.3116
FPGA Kernel Execution time: 19.9 ms | GFLOPS: 241.206
FPGA Kernel Execution time: 18.3 ms | GFLOPS: 262.295
FPGA Kernel Execution time: 18.8 ms | GFLOPS: 255.319
FPGA Kernel Execution time: 21.1 ms | GFLOPS: 227.488
FPGA Kernel Execution time: 21.6 ms | GFLOPS: 222.222
FPGA Kernel Execution time: 24.5 ms | GFLOPS: 195.918
FPGA Kernel Execution time: 26.2 ms | GFLOPS: 183.206
FPGA Kernel Execution time: 25.9 ms | GFLOPS: 185.328
FPGA Kernel Execution time: 26.7 ms | GFLOPS: 179.775
FPGA Kernel Execution time: 25.2 ms | GFLOPS: 190.476
FPGA Kernel Execution time: 25.9 ms | GFLOPS: 185.328
n0758411000001135.jpg > coil, spiral, volute, whorl, helix : 0.81
n0758411000001136.jpg > maze, labyrinth : 0.92
n0758411000001140.jpg > bubble : 0.92
n0758411000001142.jpg > maypole : 0.94
n0758411000001144.jpg > spider web, spider's web : 0.95
Processing Batch 9/30
FPGA Kernel Execution time: 57.6 ms | GFLOPS: 83.3333
FPGA Kernel Execution time: 20.2 ms | GFLOPS: 237.624
FPGA Kernel Execution time: 19.6 ms | GFLOPS: 244.898
FPGA Kernel Execution time: 18.9 ms | GFLOPS: 253.968
FPGA Kernel Execution time: 20.6 ms | GFLOPS: 233.01
FPGA Kernel Execution time: 22.6 ms | GFLOPS: 212.389
FPGA Kernel Execution time: 22.3 ms | GFLOPS: 215.247
FPGA Kernel Execution time: 50.6 ms | GFLOPS: 94.8617
FPGA Kernel Execution time: 25.8 ms | GFLOPS: 186.047
FPGA Kernel Execution time: 25.6 ms | GFLOPS: 187.5
FPGA Kernel Execution time: 54.5 ms | GFLOPS: 88.0734
FPGA Kernel Execution time: 24.8 ms | GFLOPS: 193.548
n0758411000001146.jpg > coil, spiral, volute, whorl, helix : 0.91
n0758411000001148.jpg > acorn : 0.93
n0758411000001149.jpg > wine bottle : 0.93
n0758411000001151.jpg > coral reef : 0.93
n0758411000001157.jpg > bubble : 0.95
Processing Batch 10/30
FPGA Kernel Execution time: 57.6 ms | GFLOPS: 83.3333
FPGA Kernel Execution time: 18.5 ms | GFLOPS: 259.459
FPGA Kernel Execution time: 18.3 ms | GFLOPS: 262.295
FPGA Kernel Execution time: 23.7 ms | GFLOPS: 202.532
FPGA Kernel Execution time: 20.5 ms | GFLOPS: 234.146
FPGA Kernel Execution time: 46.8 ms | GFLOPS: 102.564
FPGA Kernel Execution time: 22.2 ms | GFLOPS: 216.216
FPGA Kernel Execution time: 47.4 ms | GFLOPS: 101.266
FPGA Kernel Execution time: 29.2 ms | GFLOPS: 164.384
FPGA Kernel Execution time: 31.4 ms | GFLOPS: 152.866
FPGA Kernel Execution time: 31.7 ms | GFLOPS: 151.42
FPGA Kernel Execution time: 30.7 ms | GFLOPS: 156.352
n0758411000001160.jpg > coil, spiral, volute, whorl, helix : 0.93
n0758411000001161.jpg > coral reef : 0.94
n0758411000001165.jpg > fountain : 0.95
n0758411000001175.jpg > castle : 0.95
n0758411000001176.jpg > sunglasses, dark glasses, shades : 0.96
Processing Batch 11/30
FPGA Kernel Execution time: 63.8 ms | GFLOPS: 75.2351
FPGA Kernel Execution time: 18.1 ms | GFLOPS: 265.193
FPGA Kernel Execution time: 46.4 ms | GFLOPS: 103.448
FPGA Kernel Execution time: 19 ms | GFLOPS: 252.632
FPGA Kernel Execution time: 64.5 ms | GFLOPS: 74.4186
FPGA Kernel Execution time: 22.1 ms | GFLOPS: 217.195
FPGA Kernel Execution time: 22.8 ms | GFLOPS: 210.526
FPGA Kernel Execution time: 22.7 ms | GFLOPS: 211.454
FPGA Kernel Execution time: 26.6 ms | GFLOPS: 180.451
FPGA Kernel Execution time: 25.5 ms | GFLOPS: 188.235
FPGA Kernel Execution time: 25 ms | GFLOPS: 192
FPGA Kernel Execution time: 57.5 ms | GFLOPS: 83.4783
n0758411000001178.jpg > coil, spiral, volute, whorl, helix : 0.78
n0758411000001181.jpg > vine snake : 0.93
n0761348000001239.jpg > zucchini, courgette : 0.93
n0761348000001240.jpg > green snake, grass snake : 0.95
n0761348000001242.jpg > coral reef : 0.96
Processing Batch 12/30
FPGA Kernel Execution time: 74.6 ms | GFLOPS: 64.3432
FPGA Kernel Execution time: 22.7 ms | GFLOPS: 211.454
FPGA Kernel Execution time: 19.6 ms | GFLOPS: 244.898
FPGA Kernel Execution time: 66.3 ms | GFLOPS: 72.3982
FPGA Kernel Execution time: 46.3 ms | GFLOPS: 103.672
FPGA Kernel Execution time: 21.5 ms | GFLOPS: 223.256
FPGA Kernel Execution time: 22.9 ms | GFLOPS: 209.607
FPGA Kernel Execution time: 24.1 ms | GFLOPS: 199.17
FPGA Kernel Execution time: 24.5 ms | GFLOPS: 195.918
FPGA Kernel Execution time: 51.6 ms | GFLOPS: 93.0233
FPGA Kernel Execution time: 25.2 ms | GFLOPS: 190.476
FPGA Kernel Execution time: 26.9 ms | GFLOPS: 178.439
n0761348000001245.jpg > planetarium : 0.93
n0761348000001247.jpg > wine bottle : 0.94
n0761348000001249.jpg > coil, spiral, volute, whorl, helix : 0.94
n0761348000001252.jpg > fountain : 0.95
n0761348000001254.jpg > sunglasses, dark glasses, shades : 0.95
Processing Batch 13/30
FPGA Kernel Execution time: 71.4 ms | GFLOPS: 67.2269
FPGA Kernel Execution time: 63.3 ms | GFLOPS: 75.8294
FPGA Kernel Execution time: 53.4 ms | GFLOPS: 89.8876
FPGA Kernel Execution time: 53.8 ms | GFLOPS: 89.2193
FPGA Kernel Execution time: 67.1 ms | GFLOPS: 71.535
FPGA Kernel Execution time: 65.4 ms | GFLOPS: 73.3945
FPGA Kernel Execution time: 22.1 ms | GFLOPS: 217.195
FPGA Kernel Execution time: 78.5 ms | GFLOPS: 61.1465
FPGA Kernel Execution time: 75.8 ms | GFLOPS: 63.3245
FPGA Kernel Execution time: 79.7 ms | GFLOPS: 60.2258
FPGA Kernel Execution time: 24.8 ms | GFLOPS: 193.548
FPGA Kernel Execution time: 47.6 ms | GFLOPS: 100.84
n0761348000001260.jpg > coral reef : 0.93
n0761348000001264.jpg > binoculars, field glasses, opera glasses : 0.94
n0761348000001268.jpg > coil, spiral, volute, whorl, helix : 0.95
n0761348000001271.jpg > water bottle : 0.95
n0761348000001276.jpg > fountain pen : 0.95
Processing Batch 14/30
FPGA Kernel Execution time: 61.7 ms | GFLOPS: 77.7958
FPGA Kernel Execution time: 29.3 ms | GFLOPS: 163.823
FPGA Kernel Execution time: 18.2 ms | GFLOPS: 263.736
FPGA Kernel Execution time: 19 ms | GFLOPS: 252.632
FPGA Kernel Execution time: 21.7 ms | GFLOPS: 221.198
FPGA Kernel Execution time: 24.4 ms | GFLOPS: 196.721
FPGA Kernel Execution time: 49.6 ms | GFLOPS: 96.7742
FPGA Kernel Execution time: 24.1 ms | GFLOPS: 199.17
FPGA Kernel Execution time: 24.5 ms | GFLOPS: 195.918
FPGA Kernel Execution time: 51.1 ms | GFLOPS: 93.9335
FPGA Kernel Execution time: 23.7 ms | GFLOPS: 202.532
FPGA Kernel Execution time: 25 ms | GFLOPS: 192
n0761348000001277.jpg > vase : 0.89
n0769753700001194.jpg > wine bottle : 0.91
n0769753700001199.jpg > mortar : 0.96
n0769753700001200.jpg > perfume, essence : 0.97
n0769753700001203.jpg > spotlight, spot : 0.97
Processing Batch 15/30
FPGA Kernel Execution time: 68 ms | GFLOPS: 70.5882
FPGA Kernel Execution time: 19.3 ms | GFLOPS: 248.705
FPGA Kernel Execution time: 18.7 ms | GFLOPS: 256.684
FPGA Kernel Execution time: 19.1 ms | GFLOPS: 251.309
FPGA Kernel Execution time: 21.2 ms | GFLOPS: 226.415
FPGA Kernel Execution time: 21.5 ms | GFLOPS: 223.256
FPGA Kernel Execution time: 73.2 ms | GFLOPS: 65.5738
FPGA Kernel Execution time: 80.9 ms | GFLOPS: 59.3325
FPGA Kernel Execution time: 23.4 ms | GFLOPS: 205.128
FPGA Kernel Execution time: 24.3 ms | GFLOPS: 197.531
FPGA Kernel Execution time: 29.1 ms | GFLOPS: 164.948
FPGA Kernel Execution time: 83.2 ms | GFLOPS: 57.6923
n0769753700001208.jpg > coil, spiral, volute, whorl, helix : 0.75
n0769753700001209.jpg > zucchini, courgette : 0.94
n0769753700001214.jpg > hen-of-the-woods, hen of the woods, Polyporus frondosus, Grifola frondosa : 0.95
n0769753700001221.jpg > park bench : 0.97
n0769753700001224.jpg > earthstar : 0.97
Processing Batch 16/30
FPGA Kernel Execution time: 75.5 ms | GFLOPS: 63.5762
FPGA Kernel Execution time: 22.2 ms | GFLOPS: 216.216
FPGA Kernel Execution time: 22.5 ms | GFLOPS: 213.333
FPGA Kernel Execution time: 20.7 ms | GFLOPS: 231.884
FPGA Kernel Execution time: 21.5 ms | GFLOPS: 223.256
FPGA Kernel Execution time: 22.2 ms | GFLOPS: 216.216
FPGA Kernel Execution time: 23.7 ms | GFLOPS: 202.532
FPGA Kernel Execution time: 64.2 ms | GFLOPS: 74.7664
FPGA Kernel Execution time: 47.1 ms | GFLOPS: 101.911
FPGA Kernel Execution time: 24.9 ms | GFLOPS: 192.771
FPGA Kernel Execution time: 53.7 ms | GFLOPS: 89.3855
FPGA Kernel Execution time: 25.2 ms | GFLOPS: 190.476
n0769753700001225.jpg > bullfrog, Rana catesbeiana : 0.87
n0769753700001228.jpg > coral reef : 0.94
n0769753700001234.jpg > bittern : 0.96
n0769753700001239.jpg > sea urchin : 0.96
n0769753700001248.jpg > pot, flowerpot : 0.97
Processing Batch 17/30
FPGA Kernel Execution time: 72.2 ms | GFLOPS: 66.482
FPGA Kernel Execution time: 20.4 ms | GFLOPS: 235.294
FPGA Kernel Execution time: 19 ms | GFLOPS: 252.632
FPGA Kernel Execution time: 22.8 ms | GFLOPS: 210.526
FPGA Kernel Execution time: 75.1 ms | GFLOPS: 63.9148
FPGA Kernel Execution time: 50.5 ms | GFLOPS: 95.0495
FPGA Kernel Execution time: 22.2 ms | GFLOPS: 216.216
FPGA Kernel Execution time: 79.8 ms | GFLOPS: 60.1504
FPGA Kernel Execution time: 83.3 ms | GFLOPS: 57.623
FPGA Kernel Execution time: 23.9 ms | GFLOPS: 200.837
FPGA Kernel Execution time: 25.4 ms | GFLOPS: 188.976
FPGA Kernel Execution time: 25.1 ms | GFLOPS: 191.235
n0774760700001208.jpg > wine bottle : 0.88
n0774760700001209.jpg > sunglasses, dark glasses, shades : 0.90
n0774760700001212.jpg > coral reef : 0.95
n0774760700001218.jpg > traffic light, traffic signal, stoplight : 0.95
n0774760700001220.jpg > wool, woolen, woollen : 0.96
Processing Batch 18/30
FPGA Kernel Execution time: 71.6 ms | GFLOPS: 67.0391
FPGA Kernel Execution time: 22.1 ms | GFLOPS: 217.195
FPGA Kernel Execution time: 18.7 ms | GFLOPS: 256.684
FPGA Kernel Execution time: 41.6 ms | GFLOPS: 115.385
FPGA Kernel Execution time: 26.8 ms | GFLOPS: 179.104
FPGA Kernel Execution time: 31 ms | GFLOPS: 154.839
FPGA Kernel Execution time: 29.3 ms | GFLOPS: 163.823
FPGA Kernel Execution time: 31.9 ms | GFLOPS: 150.47
FPGA Kernel Execution time: 86.9 ms | GFLOPS: 55.2359
FPGA Kernel Execution time: 30.5 ms | GFLOPS: 157.377
FPGA Kernel Execution time: 29.9 ms | GFLOPS: 160.535
FPGA Kernel Execution time: 59.3 ms | GFLOPS: 80.9444
n0774760700001221.jpg > earthstar : 0.91
n0774760700001225.jpg > acorn : 0.92
n0774760700001231.jpg > coil, spiral, volute, whorl, helix : 0.93
n0774760700001232.jpg > planetarium : 0.94
n0774760700001234.jpg > volcano : 0.94
Processing Batch 19/30
FPGA Kernel Execution time: 65.5 ms | GFLOPS: 73.2824
FPGA Kernel Execution time: 20.9 ms | GFLOPS: 229.665
FPGA Kernel Execution time: 18.1 ms | GFLOPS: 265.193
FPGA Kernel Execution time: 19.1 ms | GFLOPS: 251.309
FPGA Kernel Execution time: 46.1 ms | GFLOPS: 104.121
FPGA Kernel Execution time: 24.2 ms | GFLOPS: 198.347
FPGA Kernel Execution time: 26.1 ms | GFLOPS: 183.908
FPGA Kernel Execution time: 25.9 ms | GFLOPS: 185.328
FPGA Kernel Execution time: 80.8 ms | GFLOPS: 59.4059
FPGA Kernel Execution time: 52.7 ms | GFLOPS: 91.0816
FPGA Kernel Execution time: 26.1 ms | GFLOPS: 183.908
FPGA Kernel Execution time: 25 ms | GFLOPS: 192
n0774760700001235.jpg > coil, spiral, volute, whorl, helix : 0.84
n0774760700001245.jpg > teapot : 0.95
n0774760700001248.jpg > wine bottle : 0.96
n0774760700001253.jpg > coral reef : 0.96
n0774760700001254.jpg > sea urchin : 0.96
Processing Batch 20/30
FPGA Kernel Execution time: 84 ms | GFLOPS: 57.1429
FPGA Kernel Execution time: 26.5 ms | GFLOPS: 181.132
FPGA Kernel Execution time: 19.9 ms | GFLOPS: 241.206
FPGA Kernel Execution time: 19.5 ms | GFLOPS: 246.154
FPGA Kernel Execution time: 21.1 ms | GFLOPS: 227.488
FPGA Kernel Execution time: 21.4 ms | GFLOPS: 224.299
FPGA Kernel Execution time: 22.6 ms | GFLOPS: 212.389
FPGA Kernel Execution time: 26.6 ms | GFLOPS: 180.451
FPGA Kernel Execution time: 60.9 ms | GFLOPS: 78.8177
FPGA Kernel Execution time: 70.9 ms | GFLOPS: 67.701
FPGA Kernel Execution time: 25 ms | GFLOPS: 192
FPGA Kernel Execution time: 25.3 ms | GFLOPS: 189.723
n0774760700001255.jpg > rubber eraser, rubber, pencil eraser : 0.90
n0774760700001259.jpg > candle, taper, wax light : 0.93
n0924646400001247.jpg > pencil sharpener : 0.96
n0924646400001251.jpg > lampshade, lamp shade : 0.96
n0924646400001252.jpg > goldfish, Carassius auratus : 0.97
Processing Batch 21/30
FPGA Kernel Execution time: 75.4 ms | GFLOPS: 63.6605
FPGA Kernel Execution time: 25.8 ms | GFLOPS: 186.047
FPGA Kernel Execution time: 19.6 ms | GFLOPS: 244.898
FPGA Kernel Execution time: 19 ms | GFLOPS: 252.632
FPGA Kernel Execution time: 20.3 ms | GFLOPS: 236.453
FPGA Kernel Execution time: 21.5 ms | GFLOPS: 223.256
FPGA Kernel Execution time: 52.4 ms | GFLOPS: 91.6031
FPGA Kernel Execution time: 24.4 ms | GFLOPS: 196.721
FPGA Kernel Execution time: 23.6 ms | GFLOPS: 203.39
FPGA Kernel Execution time: 63.4 ms | GFLOPS: 75.7098
FPGA Kernel Execution time: 24.3 ms | GFLOPS: 197.531
FPGA Kernel Execution time: 25.8 ms | GFLOPS: 186.047
n0924646400001254.jpg > coil, spiral, volute, whorl, helix : 0.63
n0924646400001255.jpg > coral reef : 0.89
n0924646400001263.jpg > velvet : 0.95
n0924646400001264.jpg > wool, woolen, woollen : 0.95
n0924646400001266.jpg > acorn : 0.97
Processing Batch 22/30
FPGA Kernel Execution time: 72.9 ms | GFLOPS: 65.8436
FPGA Kernel Execution time: 20.8 ms | GFLOPS: 230.769
FPGA Kernel Execution time: 18.7 ms | GFLOPS: 256.684
FPGA Kernel Execution time: 18.9 ms | GFLOPS: 253.968
FPGA Kernel Execution time: 20 ms | GFLOPS: 240
FPGA Kernel Execution time: 21.6 ms | GFLOPS: 222.222
FPGA Kernel Execution time: 23.8 ms | GFLOPS: 201.681
FPGA Kernel Execution time: 22.8 ms | GFLOPS: 210.526
FPGA Kernel Execution time: 25.1 ms | GFLOPS: 191.235
FPGA Kernel Execution time: 85.7 ms | GFLOPS: 56.0093
FPGA Kernel Execution time: 87.2 ms | GFLOPS: 55.0459
FPGA Kernel Execution time: 25.6 ms | GFLOPS: 187.5
n0924646400001268.jpg > terrapin : 0.89
n0924646400001269.jpg > earthstar : 0.93
n0924646400001272.jpg > ringlet, ringlet butterfly : 0.96
n0924646400001274.jpg > admiral : 0.96
n0924646400001277.jpg > dragonfly, darning needle, devil's darning needle, sewing needle, snake feeder, snake doctor, mosquito hawk, skeeter hawk : 0.97
Processing Batch 23/30
FPGA Kernel Execution time: 75.3 ms | GFLOPS: 63.745
FPGA Kernel Execution time: 23.2 ms | GFLOPS: 206.897
FPGA Kernel Execution time: 18.9 ms | GFLOPS: 253.968
FPGA Kernel Execution time: 19.6 ms | GFLOPS: 244.898
FPGA Kernel Execution time: 20.5 ms | GFLOPS: 234.146
FPGA Kernel Execution time: 21.5 ms | GFLOPS: 223.256
FPGA Kernel Execution time: 22.3 ms | GFLOPS: 215.247
FPGA Kernel Execution time: 53.5 ms | GFLOPS: 89.7196
FPGA Kernel Execution time: 23.8 ms | GFLOPS: 201.681
FPGA Kernel Execution time: 25.4 ms | GFLOPS: 188.976
FPGA Kernel Execution time: 86.7 ms | GFLOPS: 55.3633
FPGA Kernel Execution time: 48 ms | GFLOPS: 100
n0924646400001280.jpg > hen-of-the-woods, hen of the woods, Polyporus frondosus, Grifola frondosa : 0.89
n0924646400001282.jpg > earthstar : 0.93
n0924646400001283.jpg > acorn squash : 0.93
n0925647900001202.jpg > coil, spiral, volute, whorl, helix : 0.94
n0925647900001203.jpg > zucchini, courgette : 0.94
Processing Batch 24/30
FPGA Kernel Execution time: 70.8 ms | GFLOPS: 67.7966
FPGA Kernel Execution time: 20.7 ms | GFLOPS: 231.884
FPGA Kernel Execution time: 18.2 ms | GFLOPS: 263.736
FPGA Kernel Execution time: 20.4 ms | GFLOPS: 235.294
FPGA Kernel Execution time: 46 ms | GFLOPS: 104.348
FPGA Kernel Execution time: 23.4 ms | GFLOPS: 205.128
FPGA Kernel Execution time: 23.1 ms | GFLOPS: 207.792
FPGA Kernel Execution time: 25.4 ms | GFLOPS: 188.976
FPGA Kernel Execution time: 25.2 ms | GFLOPS: 190.476
FPGA Kernel Execution time: 25.2 ms | GFLOPS: 190.476
FPGA Kernel Execution time: 87.4 ms | GFLOPS: 54.9199
FPGA Kernel Execution time: 24.7 ms | GFLOPS: 194.332
n0925647900001213.jpg > little blue heron, Egretta caerulea : 0.81
n0925647900001215.jpg > coral reef : 0.94
n0925647900001218.jpg > wool, woolen, woollen : 0.96
n0925647900001219.jpg > paper towel : 0.97
n0925647900001224.jpg > tiger shark, Galeocerdo cuvieri : 0.97
Processing Batch 25/30
FPGA Kernel Execution time: 68.2 ms | GFLOPS: 70.3812
FPGA Kernel Execution time: 19.8 ms | GFLOPS: 242.424
FPGA Kernel Execution time: 18.4 ms | GFLOPS: 260.87
FPGA Kernel Execution time: 22.9 ms | GFLOPS: 209.607
FPGA Kernel Execution time: 21.6 ms | GFLOPS: 222.222
FPGA Kernel Execution time: 21.7 ms | GFLOPS: 221.198
FPGA Kernel Execution time: 22.8 ms | GFLOPS: 210.526
FPGA Kernel Execution time: 23.6 ms | GFLOPS: 203.39
FPGA Kernel Execution time: 23.7 ms | GFLOPS: 202.532
FPGA Kernel Execution time: 24.6 ms | GFLOPS: 195.122
FPGA Kernel Execution time: 88.9 ms | GFLOPS: 53.9933
FPGA Kernel Execution time: 89.7 ms | GFLOPS: 53.5117
n0925647900001228.jpg > perfume, essence : 0.82
n0925647900001239.jpg > fig : 0.92
n0925647900001243.jpg > wine bottle : 0.93
n0925647900001244.jpg > goblet : 0.93
n0925647900001245.jpg > lipstick, lip rouge : 0.96
Processing Batch 26/30
FPGA Kernel Execution time: 72.7 ms | GFLOPS: 66.0248
FPGA Kernel Execution time: 21.9 ms | GFLOPS: 219.178
FPGA Kernel Execution time: 18.5 ms | GFLOPS: 259.459
FPGA Kernel Execution time: 19 ms | GFLOPS: 252.632
FPGA Kernel Execution time: 46.2 ms | GFLOPS: 103.896
FPGA Kernel Execution time: 21.5 ms | GFLOPS: 223.256
FPGA Kernel Execution time: 23.3 ms | GFLOPS: 206.009
FPGA Kernel Execution time: 23.6 ms | GFLOPS: 203.39
FPGA Kernel Execution time: 24.5 ms | GFLOPS: 195.918
FPGA Kernel Execution time: 52.5 ms | GFLOPS: 91.4286
FPGA Kernel Execution time: 25.1 ms | GFLOPS: 191.235
FPGA Kernel Execution time: 88.7 ms | GFLOPS: 54.115
n0925647900001246.jpg > coil, spiral, volute, whorl, helix : 0.74
n0925647900001254.jpg > coral reef : 0.94
n0925647900001256.jpg > acorn : 0.95
n1305456000001228.jpg > sunglasses, dark glasses, shades : 0.95
n1305456000001232.jpg > bee : 0.97
Processing Batch 27/30
FPGA Kernel Execution time: 73.5 ms | GFLOPS: 65.3061
FPGA Kernel Execution time: 23.1 ms | GFLOPS: 207.792
FPGA Kernel Execution time: 18.7 ms | GFLOPS: 256.684
FPGA Kernel Execution time: 19.4 ms | GFLOPS: 247.423
FPGA Kernel Execution time: 20.1 ms | GFLOPS: 238.806
FPGA Kernel Execution time: 22.1 ms | GFLOPS: 217.195
FPGA Kernel Execution time: 22.4 ms | GFLOPS: 214.286
FPGA Kernel Execution time: 23 ms | GFLOPS: 208.696
FPGA Kernel Execution time: 24.1 ms | GFLOPS: 199.17
FPGA Kernel Execution time: 88.6 ms | GFLOPS: 54.1761
FPGA Kernel Execution time: 25.5 ms | GFLOPS: 188.235
FPGA Kernel Execution time: 85.6 ms | GFLOPS: 56.0748
n1305456000001235.jpg > earthstar : 0.90
n1305456000001240.jpg > coil, spiral, volute, whorl, helix : 0.93
n1305456000001252.jpg > sea urchin : 0.94
n1305456000001255.jpg > coral reef : 0.94
n1305456000001259.jpg > mushroom : 0.96
Processing Batch 28/30
FPGA Kernel Execution time: 61.1 ms | GFLOPS: 78.5597
FPGA Kernel Execution time: 21.8 ms | GFLOPS: 220.183
FPGA Kernel Execution time: 20.2 ms | GFLOPS: 237.624
FPGA Kernel Execution time: 19.9 ms | GFLOPS: 241.206
FPGA Kernel Execution time: 20.3 ms | GFLOPS: 236.453
FPGA Kernel Execution time: 22.9 ms | GFLOPS: 209.607
FPGA Kernel Execution time: 50.6 ms | GFLOPS: 94.8617
FPGA Kernel Execution time: 24.1 ms | GFLOPS: 199.17
FPGA Kernel Execution time: 24 ms | GFLOPS: 200
FPGA Kernel Execution time: 52.3 ms | GFLOPS: 91.7782
FPGA Kernel Execution time: 24.7 ms | GFLOPS: 194.332
FPGA Kernel Execution time: 26.3 ms | GFLOPS: 182.51
n1305456000001261.jpg > fountain : 0.89
n1305456000001266.jpg > loudspeaker, speaker, speaker unit, loudspeaker system, speaker system : 0.94
n1305456000001271.jpg > coil, spiral, volute, whorl, helix : 0.95
n1305456000001273.jpg > drum, membranophone, tympan : 0.97
n1305456000001277.jpg > planetarium : 0.97
Processing Batch 29/30
FPGA Kernel Execution time: 58.5 ms | GFLOPS: 82.0513
FPGA Kernel Execution time: 20.9 ms | GFLOPS: 229.665
FPGA Kernel Execution time: 20.9 ms | GFLOPS: 229.665
FPGA Kernel Execution time: 24.5 ms | GFLOPS: 195.918
FPGA Kernel Execution time: 22.1 ms | GFLOPS: 217.195
FPGA Kernel Execution time: 25.7 ms | GFLOPS: 186.77
FPGA Kernel Execution time: 23.1 ms | GFLOPS: 207.792
FPGA Kernel Execution time: 23 ms | GFLOPS: 208.696
FPGA Kernel Execution time: 23.5 ms | GFLOPS: 204.255
FPGA Kernel Execution time: 25.6 ms | GFLOPS: 187.5
FPGA Kernel Execution time: 25.1 ms | GFLOPS: 191.235
FPGA Kernel Execution time: 26.8 ms | GFLOPS: 179.104
n1313361300001222.jpg > tile roof : 0.73
n1313361300001231.jpg > goose : 0.93
n1313361300001239.jpg > umbrella : 0.95
n1313361300001240.jpg > jigsaw puzzle : 0.97
n1313361300001249.jpg > park bench : 0.97
Processing Batch 30/30
FPGA Kernel Execution time: 58.4 ms | GFLOPS: 82.1918
FPGA Kernel Execution time: 19.4 ms | GFLOPS: 247.423
FPGA Kernel Execution time: 18.2 ms | GFLOPS: 263.736
FPGA Kernel Execution time: 19.2 ms | GFLOPS: 250
FPGA Kernel Execution time: 22.8 ms | GFLOPS: 210.526
FPGA Kernel Execution time: 26.1 ms | GFLOPS: 183.908
FPGA Kernel Execution time: 24 ms | GFLOPS: 200
FPGA Kernel Execution time: 50.8 ms | GFLOPS: 94.4882
FPGA Kernel Execution time: 24.2 ms | GFLOPS: 198.347
FPGA Kernel Execution time: 24.7 ms | GFLOPS: 194.332
FPGA Kernel Execution time: 52.3 ms | GFLOPS: 91.7782
FPGA Kernel Execution time: 25.8 ms | GFLOPS: 186.047
n1313361300001251.jpg > coil, spiral, volute, whorl, helix : 0.65
n1313361300001252.jpg > spider web, spider's web : 0.94
n1313361300001262.jpg > coral reef : 0.96
n1313361300001275.jpg > earthstar : 0.97
n1313361300001282.jpg > dragonfly, darning needle, devil's darning needle, sewing needle, snake feeder, snake doctor, mosquito hawk, skeeter hawk : 0.97
================================ DATAFLOW METHOD =======================================
Model load time = 16.88 ms
Total inference time = 63.59 s
Processed images = 150
Total runs batch = 360
FPGA Kernel avg time = 37.60 ms
Avg GFLOPS = 127.67
================================ DATAFLOW METHOD =======================================
