Found 707 training images (ratio: 0.02).
Found 132 validation images (ratio: 0.02).
Using 8 dataloader workers every process
pin_memory: False
<All keys matched successfully>
training head.weight
training head.bias
#SLEEP:0.8

  0%|          | 0/23 [00:00<?, ?it/s]
#SLEEP:1.1
[train epoch 1] loss: 4.347, acc: 0.94:   4%|▍         | 1/23 [00:05<02:04,  5.64s/it]
#SLEEP:1.1
[train epoch 1] loss: 4.355, acc: 0.91:   9%|▊         | 2/23 [00:07<01:14,  3.53s/it]
#SLEEP:1.1
[train epoch 1] loss: 4.363, acc: 0.89:  13%|█▎        | 3/23 [00:09<00:52,  2.63s/it]
#SLEEP:1.1
[train epoch 1] loss: 4.369, acc: 0.88:  17%|█▋        | 4/23 [00:10<00:42,  2.22s/it]
#SLEEP:1.1
[train epoch 1] loss: 4.374, acc: 0.85:  22%|██▏       | 5/23 [00:12<00:39,  2.19s/it]
#SLEEP:1.1
[train epoch 1] loss: 4.368, acc: 0.85:  26%|██▌       | 6/23 [00:15<00:36,  2.13s/it]
#SLEEP:1.1
[train epoch 1] loss: 4.372, acc: 0.84:  30%|███       | 7/23 [00:16<00:32,  2.05s/it]
#SLEEP:1.1
[train epoch 1] loss: 4.376, acc: 0.83:  35%|███▍      | 8/23 [00:18<00:28,  1.88s/it]
#SLEEP:1.1
[train epoch 1] loss: 4.375, acc: 0.83:  39%|███▉      | 9/23 [00:19<00:24,  1.76s/it]
#SLEEP:1.1
[train epoch 1] loss: 4.374, acc: 0.83:  43%|████▎     | 10/23 [00:21<00:21,  1.66s/it]
#SLEEP:1.1
[train epoch 1] loss: 4.374, acc: 0.83:  48%|████▊     | 11/23 [00:23<00:20,  1.72s/it]
#SLEEP:1.1
[train epoch 1] loss: 4.374, acc: 0.83:  52%|█████▏    | 12/23 [00:24<00:18,  1.69s/it]
#SLEEP:1.1
[train epoch 1] loss: 4.375, acc: 0.83:  57%|█████▋    | 13/23 [00:26<00:16,  1.61s/it]
#SLEEP:1.1
[train epoch 1] loss: 4.376, acc: 0.82:  61%|██████    | 14/23 [00:27<00:14,  1.58s/it]
#SLEEP:1.1
[train epoch 1] loss: 4.375, acc: 0.82:  65%|██████▌   | 15/23 [00:29<00:12,  1.56s/it]
#SLEEP:1.1
[train epoch 1] loss: 4.374, acc: 0.83:  70%|██████▉   | 16/23 [00:30<00:10,  1.53s/it]
#SLEEP:1.1
[train epoch 1] loss: 4.373, acc: 0.83:  74%|███████▍  | 17/23 [00:32<00:09,  1.58s/it]
#SLEEP:1.1
[train epoch 1] loss: 4.372, acc: 0.83:  78%|███████▊  | 18/23 [00:33<00:07,  1.56s/it]
#SLEEP:1.1
[train epoch 1] loss: 4.369, acc: 0.83:  83%|████████▎ | 19/23 [00:35<00:06,  1.52s/it]
#SLEEP:1.1
[train epoch 1] loss: 4.371, acc: 0.83:  87%|████████▋ | 20/23 [00:36<00:04,  1.50s/it]
#SLEEP:1.1
[train epoch 1] loss: 4.369, acc: 0.83:  91%|█████████▏| 21/23 [00:38<00:03,  1.51s/it]
#SLEEP:1.1
[train epoch 1] loss: 4.369, acc: 0.83:  96%|█████████▌| 22/23 [00:39<00:01,  1.49s/it]
#SLEEP:1.1
[train epoch 1] loss: 4.364, acc: 0.83: 100%|██████████| 23/23 [00:40<00:00,  1.11s/it]
#SLEEP:1.1
[train epoch 1] loss: 4.364, acc: 0.83: 100%|██████████| 23/23 [00:40<00:00,  1.74s/it]
 
#SLEEP:1.1
  0%|          | 0/5 [00:00<?, ?it/s]
#SLEEP:1.1
[valid epoch 1] loss: 4.307, acc: 0.91:  20%|██        | 1/5 [00:02<00:11,  2.77s/it]
#SLEEP:1.1
[valid epoch 1] loss: 4.330, acc: 0.84:  40%|████      | 2/5 [00:04<00:07,  2.33s/it]
#SLEEP:1.1
[valid epoch 1] loss: 4.344, acc: 0.83:  60%|██████    | 3/5 [00:06<00:04,  2.21s/it]
#SLEEP:1.1
[valid epoch 1] loss: 4.350, acc: 0.84:  80%|████████  | 4/5 [00:08<00:02,  2.13s/it]
#SLEEP:1.1
[valid epoch 1] loss: 4.357, acc: 0.83: 100%|██████████| 5/5 [00:09<00:00,  1.46s/it]
#SLEEP:1.1
[valid epoch 1] loss: 4.357, acc: 0.83: 100%|██████████| 5/5 [00:09<00:00,  1.83s/it]
===========================
707 132
EPOCH1 GFLOPS: 477.49 GFLOPS, TIME: 49.20 seconds.

#SLEEP:1.1
  0%|          | 0/23 [00:00<?, ?it/s]
#SLEEP:1.1
[train epoch 2] loss: 4.344, acc: 0.88:   4%|▍         | 1/23 [00:01<00:42,  1.91s/it]
#SLEEP:1.1
[train epoch 2] loss: 4.338, acc: 0.88:   9%|▊         | 2/23 [00:03<00:36,  1.75s/it]
#SLEEP:1.1
[train epoch 2] loss: 4.348, acc: 0.84:  13%|█▎        | 3/23 [00:05<00:33,  1.68s/it]
#SLEEP:1.1
[train epoch 2] loss: 4.353, acc: 0.83:  17%|█▋        | 4/23 [00:06<00:31,  1.64s/it]
#SLEEP:1.1
[train epoch 2] loss: 4.354, acc: 0.85:  22%|██▏       | 5/23 [00:08<00:28,  1.59s/it]
#SLEEP:1.1
[train epoch 2] loss: 4.356, acc: 0.84:  26%|██▌       | 6/23 [00:09<00:27,  1.61s/it]
#SLEEP:1.1
[train epoch 2] loss: 4.352, acc: 0.84:  30%|███       | 7/23 [00:11<00:25,  1.60s/it]
#SLEEP:1.1
[train epoch 2] loss: 4.352, acc: 0.84:  35%|███▍      | 8/23 [00:12<00:23,  1.55s/it]
#SLEEP:1.1
[train epoch 2] loss: 4.354, acc: 0.82:  39%|███▉      | 9/23 [00:14<00:21,  1.51s/it]
#SLEEP:1.1
[train epoch 2] loss: 4.354, acc: 0.83:  43%|████▎     | 10/23 [00:15<00:19,  1.51s/it]
#SLEEP:1.1
[train epoch 2] loss: 4.356, acc: 0.82:  48%|████▊     | 11/23 [00:17<00:17,  1.49s/it]
#SLEEP:1.1
[train epoch 2] loss: 4.357, acc: 0.82:  52%|█████▏    | 12/23 [00:18<00:16,  1.48s/it]
#SLEEP:1.1
[train epoch 2] loss: 4.356, acc: 0.83:  57%|█████▋    | 13/23 [00:20<00:14,  1.47s/it]
#SLEEP:1.1
[train epoch 2] loss: 4.357, acc: 0.83:  61%|██████    | 14/23 [00:21<00:13,  1.46s/it]
#SLEEP:1.1
[train epoch 2] loss: 4.356, acc: 0.82:  65%|██████▌   | 15/23 [00:23<00:12,  1.50s/it]
#SLEEP:1.1
[train epoch 2] loss: 4.356, acc: 0.82:  70%|██████▉   | 16/23 [00:24<00:10,  1.51s/it]
#SLEEP:1.1
[train epoch 2] loss: 4.357, acc: 0.82:  74%|███████▍  | 17/23 [00:26<00:08,  1.48s/it]
#SLEEP:1.1
[train epoch 2] loss: 4.358, acc: 0.82:  78%|███████▊  | 18/23 [00:27<00:07,  1.48s/it]
#SLEEP:1.1
[train epoch 2] loss: 4.359, acc: 0.82:  83%|████████▎ | 19/23 [00:29<00:05,  1.49s/it]
#SLEEP:1.1
[train epoch 2] loss: 4.359, acc: 0.81:  87%|████████▋ | 20/23 [00:30<00:04,  1.49s/it]
#SLEEP:1.1
[train epoch 2] loss: 4.358, acc: 0.82:  91%|█████████▏| 21/23 [00:32<00:02,  1.50s/it]
#SLEEP:1.1
[train epoch 2] loss: 4.358, acc: 0.82:  96%|█████████▌| 22/23 [00:33<00:01,  1.48s/it]
#SLEEP:1.1
[train epoch 2] loss: 4.363, acc: 0.82: 100%|██████████| 23/23 [00:33<00:00,  1.10s/it]
#SLEEP:1.1
[train epoch 2] loss: 4.363, acc: 0.82: 100%|██████████| 23/23 [00:33<00:00,  1.47s/it]

#SLEEP:1.1
  0%|          | 0/5 [00:00<?, ?it/s]
#SLEEP:1.1
[valid epoch 2] loss: 4.291, acc: 0.91:  20%|██        | 1/5 [00:01<00:07,  1.87s/it]
#SLEEP:1.1
[valid epoch 2] loss: 4.316, acc: 0.86:  40%|████      | 2/5 [00:03<00:04,  1.58s/it]
#SLEEP:1.1
[valid epoch 2] loss: 4.331, acc: 0.85:  60%|██████    | 3/5 [00:04<00:03,  1.55s/it]
#SLEEP:1.1
[valid epoch 2] loss: 4.337, acc: 0.85:  80%|████████  | 4/5 [00:06<00:01,  1.51s/it]
#SLEEP:1.1
[valid epoch 2] loss: 4.344, acc: 0.85: 100%|██████████| 5/5 [00:06<00:00,  1.06s/it]
#SLEEP:1.1
[valid epoch 2] loss: 4.344, acc: 0.85: 100%|██████████| 5/5 [00:06<00:00,  1.29s/it]
===========================
707 132
EPOCH2 GFLOPS: 583.65 GFLOPS, TIME: 40.25 seconds.
 
#SLEEP:1.1
  0%|          | 0/23 [00:00<?, ?it/s]
#SLEEP:1.1
[train epoch 3] loss: 4.389, acc: 0.75:   4%|▍         | 1/23 [00:02<00:46,  2.10s/it]
#SLEEP:1.1
[train epoch 3] loss: 4.377, acc: 0.84:   9%|▊         | 2/23 [00:03<00:36,  1.76s/it]
#SLEEP:1.1
[train epoch 3] loss: 4.353, acc: 0.88:  13%|█▎        | 3/23 [00:05<00:33,  1.67s/it]
#SLEEP:1.1
[train epoch 3] loss: 4.353, acc: 0.85:  17%|█▋        | 4/23 [00:06<00:30,  1.59s/it]
#SLEEP:1.1
[train epoch 3] loss: 4.347, acc: 0.86:  22%|██▏       | 5/23 [00:08<00:28,  1.56s/it]
#SLEEP:1.1
[train epoch 3] loss: 4.345, acc: 0.85:  26%|██▌       | 6/23 [00:09<00:26,  1.56s/it]
#SLEEP:1.1
[train epoch 3] loss: 4.344, acc: 0.85:  30%|███       | 7/23 [00:11<00:24,  1.55s/it]
#SLEEP:1.1
[train epoch 3] loss: 4.342, acc: 0.86:  35%|███▍      | 8/23 [00:12<00:23,  1.54s/it]
#SLEEP:1.1
[train epoch 3] loss: 4.343, acc: 0.85:  39%|███▉      | 9/23 [00:14<00:21,  1.54s/it]
#SLEEP:1.1
[train epoch 3] loss: 4.341, acc: 0.86:  43%|████▎     | 10/23 [00:15<00:19,  1.53s/it]
#SLEEP:1.1
[train epoch 3] loss: 4.340, acc: 0.86:  48%|████▊     | 11/23 [00:17<00:18,  1.52s/it]
#SLEEP:1.1
[train epoch 3] loss: 4.337, acc: 0.86:  52%|█████▏    | 12/23 [00:19<00:17,  1.63s/it]
#SLEEP:1.1
[train epoch 3] loss: 4.340, acc: 0.85:  57%|█████▋    | 13/23 [00:20<00:16,  1.61s/it]
#SLEEP:1.1
[train epoch 3] loss: 4.341, acc: 0.85:  61%|██████    | 14/23 [00:22<00:15,  1.72s/it]
#SLEEP:1.1
[train epoch 3] loss: 4.339, acc: 0.85:  65%|██████▌   | 15/23 [00:24<00:13,  1.66s/it]
#SLEEP:1.1
[train epoch 3] loss: 4.341, acc: 0.85:  70%|██████▉   | 16/23 [00:26<00:12,  1.77s/it]
#SLEEP:1.1
[train epoch 3] loss: 4.342, acc: 0.84:  74%|███████▍  | 17/23 [00:27<00:10,  1.75s/it]
#SLEEP:1.1
[train epoch 3] loss: 4.343, acc: 0.84:  78%|███████▊  | 18/23 [00:29<00:08,  1.69s/it]
#SLEEP:1.1
[train epoch 3] loss: 4.342, acc: 0.84:  83%|████████▎ | 19/23 [00:31<00:06,  1.64s/it]
#SLEEP:1.1
[train epoch 3] loss: 4.344, acc: 0.84:  87%|████████▋ | 20/23 [00:32<00:04,  1.60s/it]
#SLEEP:1.1
[train epoch 3] loss: 4.344, acc: 0.84:  91%|█████████▏| 21/23 [00:34<00:03,  1.60s/it]
#SLEEP:1.1
[train epoch 3] loss: 4.346, acc: 0.84:  96%|█████████▌| 22/23 [00:35<00:01,  1.58s/it]
#SLEEP:1.1
[train epoch 3] loss: 4.346, acc: 0.84: 100%|██████████| 23/23 [00:35<00:00,  1.17s/it]
#SLEEP:1.1
[train epoch 3] loss: 4.346, acc: 0.84: 100%|██████████| 23/23 [00:35<00:00,  1.56s/it]
 
#SLEEP:1.1
  0%|          | 0/5 [00:00<?, ?it/s]
#SLEEP:1.1
[valid epoch 3] loss: 4.286, acc: 0.91:  20%|██        | 1/5 [00:01<00:07,  1.91s/it]
#SLEEP:1.1
[valid epoch 3] loss: 4.311, acc: 0.86:  40%|████      | 2/5 [00:03<00:04,  1.63s/it]
#SLEEP:1.1
[valid epoch 3] loss: 4.326, acc: 0.85:  60%|██████    | 3/5 [00:04<00:03,  1.58s/it]
#SLEEP:1.1
[valid epoch 3] loss: 4.332, acc: 0.85:  80%|████████  | 4/5 [00:06<00:01,  1.62s/it]
#SLEEP:1.1
[valid epoch 3] loss: 4.340, acc: 0.85: 100%|██████████| 5/5 [00:06<00:00,  1.10s/it]
#SLEEP:1.1
[valid epoch 3] loss: 4.340, acc: 0.85: 100%|██████████| 5/5 [00:06<00:00,  1.34s/it]
===========================
707 132
EPOCH3 GFLOPS: 551.13 GFLOPS, TIME: 42.63 seconds.
#SLEEP:0.8
======================== DataFlow ========================
          Total E2E time: 135.59 seconds
           Average Time Per Epoch: 42.63 seconds, AVG Calculate GFLOPS: 551.13 GFLOPS
======================== DataFlow ========================