[ssh] stdout: train_length: 800, valid_length: 200
[ssh] stdout: Using 8 dataloader workers
[ssh] stdout: _IncompatibleKeys(missing_keys=['head.weight', 'head.bias'], unexpected_keys=['blocks.10.norm1.bias', 'blocks.10.norm1.weight', 'blocks.10.norm2.bias', 'blocks.10.norm2.weight', 'blocks.10.mlp.fc1.bias', 'blocks.10.mlp.fc1.weight', 'blocks.10.mlp.fc2.bias', 'blocks.10.mlp.fc2.weight', 'blocks.10.attn.proj.bias', 'blocks.10.attn.proj.weight', 'blocks.10.attn.qkv.bias', 'blocks.10.attn.qkv.weight', 'blocks.11.norm1.bias', 'blocks.11.norm1.weight', 'blocks.11.norm2.bias', 'blocks.11.norm2.weight', 'blocks.11.mlp.fc1.bias', 'blocks.11.mlp.fc1.weight', 'blocks.11.mlp.fc2.bias', 'blocks.11.mlp.fc2.weight', 'blocks.11.attn.proj.bias', 'blocks.11.attn.proj.weight', 'blocks.11.attn.qkv.bias', 'blocks.11.attn.qkv.weight'])
[ssh] stdout: Training head.weight
[ssh] stdout: Training head.bias
[ssh] stdout:
[ssh] stdout:   0%|          | 0/100 [00:00<?, ?it/s]
[ssh] stdout: [train epoch 1] loss: 2.568, acc: 0.000:   1%|          | 1/100 [00:01<02:45,  1.67s/it]
[ssh] stdout: [train epoch 1] loss: 2.565, acc: 0.062:   2%|▏         | 2/100 [00:02<01:27,  1.12it/s]
[ssh] stdout: [train epoch 1] loss: 2.562, acc: 0.042:   3%|▎         | 3/100 [00:02<01:00,  1.59it/s]
[ssh] stdout: [train epoch 1] loss: 2.560, acc: 0.031:   4%|▍         | 4/100 [00:02<00:48,  1.97it/s]
[ssh] stdout: [train epoch 1] loss: 2.558, acc: 0.025:   5%|▌         | 5/100 [00:02<00:41,  2.28it/s]
[ssh] stdout: [train epoch 1] loss: 2.558, acc: 0.021:   6%|▌         | 6/100 [00:03<00:38,  2.47it/s]
[ssh] stdout: [train epoch 1] loss: 2.556, acc: 0.036:   7%|▋         | 7/100 [00:03<00:36,  2.56it/s]
[ssh] stdout: [train epoch 1] loss: 2.554, acc: 0.031:   8%|▊         | 8/100 [00:04<00:34,  2.67it/s]
[ssh] stdout: [train epoch 1] loss: 2.551, acc: 0.069:   9%|▉         | 9/100 [00:04<00:33,  2.68it/s]
[ssh] stdout: [train epoch 1] loss: 2.546, acc: 0.138:  10%|█         | 10/100 [00:04<00:32,  2.75it/s]
[ssh] stdout: [train epoch 1] loss: 2.540, acc: 0.182:  11%|█         | 11/100 [00:05<00:30,  2.87it/s]
[ssh] stdout: [train epoch 1] loss: 2.536, acc: 0.208:  12%|█▏        | 12/100 [00:05<00:29,  2.94it/s]
[ssh] stdout: [train epoch 1] loss: 2.531, acc: 0.221:  13%|█▎        | 13/100 [00:05<00:29,  2.97it/s]
[ssh] stdout: [train epoch 1] loss: 2.528, acc: 0.205:  14%|█▍        | 14/100 [00:06<00:28,  2.99it/s]
[ssh] stdout: [train epoch 1] loss: 2.523, acc: 0.208:  15%|█▌        | 15/100 [00:06<00:28,  2.93it/s]
[ssh] stdout: [train epoch 1] loss: 2.518, acc: 0.211:  16%|█▌        | 16/100 [00:06<00:28,  2.98it/s]
[ssh] stdout: [train epoch 1] loss: 2.513, acc: 0.228:  17%|█▋        | 17/100 [00:07<00:28,  2.87it/s]
[ssh] stdout: [train epoch 1] loss: 2.507, acc: 0.243:  18%|█▊        | 18/100 [00:07<00:29,  2.80it/s]
[ssh] stdout: [train epoch 1] loss: 2.502, acc: 0.250:  19%|█▉        | 19/100 [00:07<00:29,  2.74it/s]
[ssh] stdout: [train epoch 1] loss: 2.494, acc: 0.269:  20%|██        | 20/100 [00:08<00:29,  2.72it/s]
[ssh] stdout: [train epoch 1] loss: 2.490, acc: 0.262:  21%|██        | 21/100 [00:08<00:27,  2.83it/s]
[ssh] stdout: [train epoch 1] loss: 2.483, acc: 0.261:  22%|██▏       | 22/100 [00:08<00:27,  2.82it/s]
[ssh] stdout: [train epoch 1] loss: 2.476, acc: 0.277:  23%|██▎       | 23/100 [00:09<00:26,  2.87it/s]
[ssh] stdout: [train epoch 1] loss: 2.470, acc: 0.276:  24%|██▍       | 24/100 [00:09<00:25,  2.93it/s]
[ssh] stdout: [train epoch 1] loss: 2.463, acc: 0.285:  25%|██▌       | 25/100 [00:09<00:25,  2.89it/s]
[ssh] stdout: [train epoch 1] loss: 2.456, acc: 0.284:  26%|██▌       | 26/100 [00:10<00:25,  2.86it/s]
[ssh] stdout: [train epoch 1] loss: 2.452, acc: 0.287:  27%|██▋       | 27/100 [00:10<00:25,  2.91it/s]
[ssh] stdout: [train epoch 1] loss: 2.445, acc: 0.295:  28%|██▊       | 28/100 [00:10<00:24,  2.97it/s]
[ssh] stdout: [train epoch 1] loss: 2.437, acc: 0.310:  29%|██▉       | 29/100 [00:11<00:24,  2.93it/s]
[ssh] stdout: [train epoch 1] loss: 2.431, acc: 0.321:  30%|███       | 30/100 [00:11<00:24,  2.86it/s]
[ssh] stdout: [train epoch 1] loss: 2.424, acc: 0.327:  31%|███       | 31/100 [00:11<00:24,  2.86it/s]
[ssh] stdout: [train epoch 1] loss: 2.416, acc: 0.332:  32%|███▏      | 32/100 [00:12<00:23,  2.94it/s]
[ssh] stdout: [train epoch 1] loss: 2.410, acc: 0.341:  33%|███▎      | 33/100 [00:12<00:22,  3.01it/s]
[ssh] stdout: [train epoch 1] loss: 2.403, acc: 0.346:  34%|███▍      | 34/100 [00:12<00:22,  2.97it/s]
[ssh] stdout: [train epoch 1] loss: 2.396, acc: 0.350:  35%|███▌      | 35/100 [00:13<00:22,  2.92it/s]
[ssh] stdout: [train epoch 1] loss: 2.391, acc: 0.347:  36%|███▌      | 36/100 [00:13<00:22,  2.83it/s]
[ssh] stdout: [train epoch 1] loss: 2.386, acc: 0.341:  37%|███▋      | 37/100 [00:14<00:22,  2.83it/s]
[ssh] stdout: [train epoch 1] loss: 2.379, acc: 0.339:  38%|███▊      | 38/100 [00:14<00:21,  2.87it/s]
[ssh] stdout: [train epoch 1] loss: 2.371, acc: 0.343:  39%|███▉      | 39/100 [00:14<00:21,  2.83it/s]
[ssh] stdout: [train epoch 1] loss: 2.364, acc: 0.347:  40%|████      | 40/100 [00:15<00:21,  2.79it/s]
[ssh] stdout: [train epoch 1] loss: 2.356, acc: 0.354:  41%|████      | 41/100 [00:15<00:21,  2.79it/s]
[ssh] stdout: [train epoch 1] loss: 2.350, acc: 0.357:  42%|████▏     | 42/100 [00:15<00:20,  2.88it/s]
[ssh] stdout: [train epoch 1] loss: 2.344, acc: 0.358:  43%|████▎     | 43/100 [00:16<00:20,  2.81it/s]
[ssh] stdout: [train epoch 1] loss: 2.338, acc: 0.361:  44%|████▍     | 44/100 [00:16<00:19,  2.82it/s]
[ssh] stdout: [train epoch 1] loss: 2.331, acc: 0.367:  45%|████▌     | 45/100 [00:16<00:18,  2.92it/s]
[ssh] stdout: [train epoch 1] loss: 2.323, acc: 0.361:  46%|████▌     | 46/100 [00:17<00:19,  2.82it/s]
[ssh] stdout: [train epoch 1] loss: 2.315, acc: 0.359:  47%|████▋     | 47/100 [00:17<00:18,  2.85it/s]
[ssh] stdout: [train epoch 1] loss: 2.307, acc: 0.365:  48%|████▊     | 48/100 [00:17<00:18,  2.79it/s]
[ssh] stdout: [train epoch 1] loss: 2.302, acc: 0.360:  49%|████▉     | 49/100 [00:18<00:18,  2.80it/s]
[ssh] stdout: [train epoch 1] loss: 2.297, acc: 0.360:  50%|█████     | 50/100 [00:18<00:17,  2.83it/s]
[ssh] stdout: [train epoch 1] loss: 2.292, acc: 0.365:  51%|█████     | 51/100 [00:19<00:17,  2.82it/s]
[ssh] stdout: [train epoch 1] loss: 2.285, acc: 0.368:  52%|█████▏    | 52/100 [00:19<00:16,  2.84it/s]
[ssh] stdout: [train epoch 1] loss: 2.277, acc: 0.375:  53%|█████▎    | 53/100 [00:19<00:16,  2.87it/s]
[ssh] stdout: [train epoch 1] loss: 2.270, acc: 0.375:  54%|█████▍    | 54/100 [00:20<00:16,  2.86it/s]
[ssh] stdout: [train epoch 1] loss: 2.268, acc: 0.373:  55%|█████▌    | 55/100 [00:20<00:16,  2.81it/s]
[ssh] stdout: [train epoch 1] loss: 2.265, acc: 0.371:  56%|█████▌    | 56/100 [00:20<00:15,  2.78it/s]
[ssh] stdout: [train epoch 1] loss: 2.260, acc: 0.368:  57%|█████▋    | 57/100 [00:21<00:15,  2.79it/s]
[ssh] stdout: [train epoch 1] loss: 2.253, acc: 0.369:  58%|█████▊    | 58/100 [00:21<00:14,  2.81it/s]
[ssh] stdout: [train epoch 1] loss: 2.250, acc: 0.371:  59%|█████▉    | 59/100 [00:21<00:14,  2.74it/s]
[ssh] stdout: [train epoch 1] loss: 2.245, acc: 0.373:  60%|██████    | 60/100 [00:22<00:14,  2.79it/s]
[ssh] stdout: [train epoch 1] loss: 2.238, acc: 0.375:  61%|██████    | 61/100 [00:22<00:13,  2.90it/s]
[ssh] stdout: [train epoch 1] loss: 2.231, acc: 0.377:  62%|██████▏   | 62/100 [00:22<00:12,  2.93it/s]
[ssh] stdout: [train epoch 1] loss: 2.225, acc: 0.375:  63%|██████▎   | 63/100 [00:23<00:12,  2.92it/s]
[ssh] stdout: [train epoch 1] loss: 2.220, acc: 0.375:  64%|██████▍   | 64/100 [00:23<00:12,  2.88it/s]
[ssh] stdout: [train epoch 1] loss: 2.215, acc: 0.375:  65%|██████▌   | 65/100 [00:23<00:12,  2.86it/s]
[ssh] stdout: [train epoch 1] loss: 2.206, acc: 0.379:  66%|██████▌   | 66/100 [00:24<00:11,  2.87it/s]
[ssh] stdout: [train epoch 1] loss: 2.198, acc: 0.381:  67%|██████▋   | 67/100 [00:24<00:11,  2.95it/s]
[ssh] stdout: [train epoch 1] loss: 2.193, acc: 0.382:  68%|██████▊   | 68/100 [00:24<00:11,  2.85it/s]
[ssh] stdout: [train epoch 1] loss: 2.187, acc: 0.382:  69%|██████▉   | 69/100 [00:25<00:11,  2.80it/s]
[ssh] stdout: [train epoch 1] loss: 2.181, acc: 0.380:  70%|███████   | 70/100 [00:25<00:10,  2.90it/s]
[ssh] stdout: [train epoch 1] loss: 2.178, acc: 0.380:  71%|███████   | 71/100 [00:25<00:10,  2.88it/s]
[ssh] stdout: [train epoch 1] loss: 2.175, acc: 0.380:  72%|███████▏  | 72/100 [00:26<00:09,  2.92it/s]
[ssh] stdout: [train epoch 1] loss: 2.169, acc: 0.378:  73%|███████▎  | 73/100 [00:26<00:09,  2.89it/s]
[ssh] stdout: [train epoch 1] loss: 2.163, acc: 0.378:  74%|███████▍  | 74/100 [00:27<00:08,  2.96it/s]
[ssh] stdout: [train epoch 1] loss: 2.160, acc: 0.378:  75%|███████▌  | 75/100 [00:27<00:08,  2.89it/s]
[ssh] stdout: [train epoch 1] loss: 2.153, acc: 0.380:  76%|███████▌  | 76/100 [00:27<00:08,  2.90it/s]
[ssh] stdout: [train epoch 1] loss: 2.149, acc: 0.378:  77%|███████▋  | 77/100 [00:28<00:07,  2.95it/s]
[ssh] stdout: [train epoch 1] loss: 2.145, acc: 0.378:  78%|███████▊  | 78/100 [00:28<00:07,  2.93it/s]
[ssh] stdout: [train epoch 1] loss: 2.141, acc: 0.377:  79%|███████▉  | 79/100 [00:28<00:07,  2.89it/s]
[ssh] stdout: [train epoch 1] loss: 2.140, acc: 0.373:  80%|████████  | 80/100 [00:29<00:07,  2.81it/s]
[ssh] stdout: [train epoch 1] loss: 2.135, acc: 0.375:  81%|████████  | 81/100 [00:29<00:06,  2.82it/s]
[ssh] stdout: [train epoch 1] loss: 2.129, acc: 0.375:  82%|████████▏ | 82/100 [00:29<00:06,  2.81it/s]
[ssh] stdout: [train epoch 1] loss: 2.125, acc: 0.373:  83%|████████▎ | 83/100 [00:30<00:05,  2.86it/s]
[ssh] stdout: [train epoch 1] loss: 2.121, acc: 0.372:  84%|████████▍ | 84/100 [00:30<00:05,  2.88it/s]
[ssh] stdout: [train epoch 1] loss: 2.117, acc: 0.369:  85%|████████▌ | 85/100 [00:30<00:05,  2.93it/s]
[ssh] stdout: [train epoch 1] loss: 2.112, acc: 0.371:  86%|████████▌ | 86/100 [00:31<00:04,  2.89it/s]
[ssh] stdout: [train epoch 1] loss: 2.107, acc: 0.369:  87%|████████▋ | 87/100 [00:31<00:04,  3.12it/s]
[ssh] stdout: [train epoch 1] loss: 2.101, acc: 0.371:  88%|████████▊ | 88/100 [00:31<00:03,  3.42it/s]
[ssh] stdout: [train epoch 1] loss: 2.099, acc: 0.369:  89%|████████▉ | 89/100 [00:31<00:03,  3.53it/s]
[ssh] stdout: [train epoch 1] loss: 2.091, acc: 0.372:  90%|█████████ | 90/100 [00:32<00:02,  3.62it/s]
[ssh] stdout: [train epoch 1] loss: 2.084, acc: 0.375:  91%|█████████ | 91/100 [00:32<00:02,  3.83it/s]
[ssh] stdout: [train epoch 1] loss: 2.079, acc: 0.376:  92%|█████████▏| 92/100 [00:32<00:02,  3.84it/s]
[ssh] stdout: [train epoch 1] loss: 2.075, acc: 0.376:  93%|█████████▎| 93/100 [00:32<00:01,  3.76it/s]
[ssh] stdout: [train epoch 1] loss: 2.067, acc: 0.380:  94%|█████████▍| 94/100 [00:33<00:01,  3.86it/s]
[ssh] stdout: [train epoch 1] loss: 2.060, acc: 0.382:  95%|█████████▌| 95/100 [00:33<00:01,  3.92it/s]
[ssh] stdout: [train epoch 1] loss: 2.055, acc: 0.380:  96%|█████████▌| 96/100 [00:33<00:00,  4.04it/s]
[ssh] stdout: [train epoch 1] loss: 2.052, acc: 0.381:  97%|█████████▋| 97/100 [00:33<00:00,  4.24it/s]
[ssh] stdout: [train epoch 1] loss: 2.045, acc: 0.384:  98%|█████████▊| 98/100 [00:34<00:00,  4.48it/s]
[ssh] stdout: [train epoch 1] loss: 2.040, acc: 0.388:  99%|█████████▉| 99/100 [00:34<00:00,  4.53it/s]
[ssh] stdout: [train epoch 1] loss: 2.033, acc: 0.391: 100%|██████████| 100/100 [00:34<00:00,  4.70it/s]
[ssh] stdout: [train epoch 1] loss: 2.033, acc: 0.391: 100%|██████████| 100/100 [00:34<00:00,  2.90it/s]
[ssh] stdout:
[ssh] stdout:   0%|          | 0/25 [00:00<?, ?it/s]
[ssh] stdout: [valid epoch 1] loss: 1.434, acc: 0.750:   4%|▍         | 1/25 [00:01<00:33,  1.40s/it]
[ssh] stdout: [valid epoch 1] loss: 1.470, acc: 0.688:   8%|▊         | 2/25 [00:01<00:18,  1.27it/s]
[ssh] stdout: [valid epoch 1] loss: 1.566, acc: 0.667:  12%|█▏        | 3/25 [00:02<00:12,  1.69it/s]
[ssh] stdout: [valid epoch 1] loss: 1.509, acc: 0.656:  16%|█▌        | 4/25 [00:02<00:10,  2.01it/s]
[ssh] stdout: [valid epoch 1] loss: 1.530, acc: 0.675:  20%|██        | 5/25 [00:02<00:08,  2.29it/s]
[ssh] stdout: [valid epoch 1] loss: 1.495, acc: 0.688:  24%|██▍       | 6/25 [00:03<00:07,  2.51it/s]
[ssh] stdout: [valid epoch 1] loss: 1.467, acc: 0.696:  28%|██▊       | 7/25 [00:03<00:06,  2.68it/s]
[ssh] stdout: [valid epoch 1] loss: 1.443, acc: 0.719:  32%|███▏      | 8/25 [00:03<00:06,  2.77it/s]
[ssh] stdout: [valid epoch 1] loss: 1.447, acc: 0.722:  36%|███▌      | 9/25 [00:04<00:05,  2.79it/s]
[ssh] stdout: [valid epoch 1] loss: 1.443, acc: 0.725:  40%|████      | 10/25 [00:04<00:05,  2.85it/s]
[ssh] stdout: [valid epoch 1] loss: 1.431, acc: 0.739:  44%|████▍     | 11/25 [00:04<00:04,  2.96it/s]
[ssh] stdout: [valid epoch 1] loss: 1.445, acc: 0.740:  48%|████▊     | 12/25 [00:05<00:04,  2.95it/s]
[ssh] stdout: [valid epoch 1] loss: 1.451, acc: 0.731:  52%|█████▏    | 13/25 [00:05<00:03,  3.03it/s]
[ssh] stdout: [valid epoch 1] loss: 1.470, acc: 0.723:  56%|█████▌    | 14/25 [00:05<00:03,  3.07it/s]
[ssh] stdout: [valid epoch 1] loss: 1.463, acc: 0.725:  60%|██████    | 15/25 [00:06<00:03,  3.13it/s]
[ssh] stdout: [valid epoch 1] loss: 1.478, acc: 0.703:  64%|██████▍   | 16/25 [00:06<00:02,  3.05it/s]
[ssh] stdout: [valid epoch 1] loss: 1.469, acc: 0.713:  68%|██████▊   | 17/25 [00:06<00:02,  3.02it/s]
[ssh] stdout: [valid epoch 1] loss: 1.477, acc: 0.708:  72%|███████▏  | 18/25 [00:07<00:02,  3.01it/s]
[ssh] stdout: [valid epoch 1] loss: 1.487, acc: 0.704:  76%|███████▌  | 19/25 [00:07<00:02,  2.97it/s]
[ssh] stdout: [valid epoch 1] loss: 1.493, acc: 0.706:  80%|████████  | 20/25 [00:07<00:01,  2.98it/s]
[ssh] stdout: [valid epoch 1] loss: 1.497, acc: 0.708:  84%|████████▍ | 21/25 [00:07<00:01,  3.24it/s]
[ssh] stdout: [valid epoch 1] loss: 1.499, acc: 0.705:  88%|████████▊ | 22/25 [00:08<00:00,  3.58it/s]
[ssh] stdout: [valid epoch 1] loss: 1.517, acc: 0.679:  92%|█████████▏| 23/25 [00:08<00:00,  3.92it/s]
[ssh] stdout: [valid epoch 1] loss: 1.521, acc: 0.672:  96%|█████████▌| 24/25 [00:08<00:00,  4.22it/s]
[ssh] stdout: [valid epoch 1] loss: 1.516, acc: 0.680: 100%|██████████| 25/25 [00:08<00:00,  4.47it/s]
[ssh] stdout: [valid epoch 1] loss: 1.516, acc: 0.680: 100%|██████████| 25/25 [00:08<00:00,  2.84it/s]
[ssh] stdout: EPOCH1 GFLOPS: 646.80 GFLOPS, TIME: 43.29 seconds.
[ssh] stdout:
[ssh] stdout:   0%|          | 0/100 [00:00<?, ?it/s]
[ssh] stdout: [train epoch 2] loss: 1.550, acc: 0.875:   1%|          | 1/100 [00:00<01:17,  1.27it/s]
[ssh] stdout: [train epoch 2] loss: 1.631, acc: 0.750:   2%|▏         | 2/100 [00:01<00:51,  1.91it/s]
[ssh] stdout: [train epoch 2] loss: 1.600, acc: 0.750:   3%|▎         | 3/100 [00:01<00:41,  2.31it/s]
[ssh] stdout: [train epoch 2] loss: 1.644, acc: 0.719:   4%|▍         | 4/100 [00:01<00:37,  2.58it/s]
[ssh] stdout: [train epoch 2] loss: 1.694, acc: 0.675:   5%|▌         | 5/100 [00:02<00:34,  2.75it/s]
[ssh] stdout: [train epoch 2] loss: 1.648, acc: 0.708:   6%|▌         | 6/100 [00:02<00:32,  2.91it/s]
[ssh] stdout: [train epoch 2] loss: 1.686, acc: 0.679:   7%|▋         | 7/100 [00:02<00:31,  2.99it/s]
[ssh] stdout: [train epoch 2] loss: 1.657, acc: 0.672:   8%|▊         | 8/100 [00:03<00:30,  3.05it/s]
[ssh] stdout: [train epoch 2] loss: 1.654, acc: 0.681:   9%|▉         | 9/100 [00:03<00:29,  3.09it/s]
[ssh] stdout: [train epoch 2] loss: 1.616, acc: 0.700:  10%|█         | 10/100 [00:03<00:29,  3.09it/s]
[ssh] stdout: [train epoch 2] loss: 1.591, acc: 0.705:  11%|█         | 11/100 [00:03<00:28,  3.12it/s]
[ssh] stdout: [train epoch 2] loss: 1.566, acc: 0.729:  12%|█▏        | 12/100 [00:04<00:27,  3.15it/s]
[ssh] stdout: [train epoch 2] loss: 1.554, acc: 0.731:  13%|█▎        | 13/100 [00:04<00:27,  3.17it/s]
[ssh] stdout: [train epoch 2] loss: 1.546, acc: 0.741:  14%|█▍        | 14/100 [00:04<00:27,  3.12it/s]
[ssh] stdout: [train epoch 2] loss: 1.559, acc: 0.725:  15%|█▌        | 15/100 [00:05<00:27,  3.13it/s]
[ssh] stdout: [train epoch 2] loss: 1.568, acc: 0.711:  16%|█▌        | 16/100 [00:05<00:26,  3.13it/s]
[ssh] stdout: [train epoch 2] loss: 1.557, acc: 0.699:  17%|█▋        | 17/100 [00:05<00:26,  3.09it/s]
[ssh] stdout: [train epoch 2] loss: 1.558, acc: 0.694:  18%|█▊        | 18/100 [00:06<00:26,  3.10it/s]
[ssh] stdout: [train epoch 2] loss: 1.552, acc: 0.684:  19%|█▉        | 19/100 [00:06<00:25,  3.13it/s]
[ssh] stdout: [train epoch 2] loss: 1.552, acc: 0.675:  20%|██        | 20/100 [00:06<00:26,  3.07it/s]
[ssh] stdout: [train epoch 2] loss: 1.546, acc: 0.673:  21%|██        | 21/100 [00:07<00:25,  3.08it/s]
[ssh] stdout: [train epoch 2] loss: 1.543, acc: 0.676:  22%|██▏       | 22/100 [00:07<00:25,  3.10it/s]
[ssh] stdout: [train epoch 2] loss: 1.535, acc: 0.674:  23%|██▎       | 23/100 [00:07<00:24,  3.10it/s]
[ssh] stdout: [train epoch 2] loss: 1.529, acc: 0.677:  24%|██▍       | 24/100 [00:08<00:24,  3.11it/s]
[ssh] stdout: [train epoch 2] loss: 1.530, acc: 0.675:  25%|██▌       | 25/100 [00:08<00:23,  3.14it/s]
[ssh] stdout: [train epoch 2] loss: 1.544, acc: 0.668:  26%|██▌       | 26/100 [00:08<00:23,  3.12it/s]
[ssh] stdout: [train epoch 2] loss: 1.541, acc: 0.667:  27%|██▋       | 27/100 [00:09<00:23,  3.10it/s]
[ssh] stdout: [train epoch 2] loss: 1.552, acc: 0.661:  28%|██▊       | 28/100 [00:09<00:23,  3.13it/s]
[ssh] stdout: [train epoch 2] loss: 1.551, acc: 0.664:  29%|██▉       | 29/100 [00:09<00:22,  3.12it/s]
[ssh] stdout: [train epoch 2] loss: 1.560, acc: 0.662:  30%|███       | 30/100 [00:10<00:22,  3.12it/s]
[ssh] stdout: [train epoch 2] loss: 1.559, acc: 0.661:  31%|███       | 31/100 [00:10<00:22,  3.11it/s]
[ssh] stdout: [train epoch 2] loss: 1.553, acc: 0.664:  32%|███▏      | 32/100 [00:10<00:21,  3.13it/s]
[ssh] stdout: [train epoch 2] loss: 1.549, acc: 0.667:  33%|███▎      | 33/100 [00:11<00:21,  3.14it/s]
[ssh] stdout: [train epoch 2] loss: 1.555, acc: 0.658:  34%|███▍      | 34/100 [00:11<00:21,  3.12it/s]
[ssh] stdout: [train epoch 2] loss: 1.549, acc: 0.661:  35%|███▌      | 35/100 [00:11<00:20,  3.14it/s]
[ssh] stdout: [train epoch 2] loss: 1.544, acc: 0.663:  36%|███▌      | 36/100 [00:11<00:20,  3.15it/s]
[ssh] stdout: [train epoch 2] loss: 1.545, acc: 0.662:  37%|███▋      | 37/100 [00:12<00:19,  3.18it/s]
[ssh] stdout: [train epoch 2] loss: 1.544, acc: 0.661:  38%|███▊      | 38/100 [00:12<00:19,  3.20it/s]
[ssh] stdout: [train epoch 2] loss: 1.543, acc: 0.660:  39%|███▉      | 39/100 [00:12<00:19,  3.18it/s]
[ssh] stdout: [train epoch 2] loss: 1.543, acc: 0.659:  40%|████      | 40/100 [00:13<00:18,  3.19it/s]
[ssh] stdout: [train epoch 2] loss: 1.543, acc: 0.655:  41%|████      | 41/100 [00:13<00:18,  3.17it/s]
[ssh] stdout: [train epoch 2] loss: 1.539, acc: 0.655:  42%|████▏     | 42/100 [00:13<00:18,  3.17it/s]
[ssh] stdout: [train epoch 2] loss: 1.544, acc: 0.651:  43%|████▎     | 43/100 [00:14<00:18,  3.16it/s]
[ssh] stdout: [train epoch 2] loss: 1.543, acc: 0.645:  44%|████▍     | 44/100 [00:14<00:17,  3.12it/s]
[ssh] stdout: [train epoch 2] loss: 1.548, acc: 0.644:  45%|████▌     | 45/100 [00:14<00:17,  3.14it/s]
[ssh] stdout: [train epoch 2] loss: 1.548, acc: 0.641:  46%|████▌     | 46/100 [00:15<00:17,  3.13it/s]
[ssh] stdout: [train epoch 2] loss: 1.546, acc: 0.644:  47%|████▋     | 47/100 [00:15<00:16,  3.14it/s]
[ssh] stdout: [train epoch 2] loss: 1.550, acc: 0.641:  48%|████▊     | 48/100 [00:15<00:16,  3.17it/s]
[ssh] stdout: [train epoch 2] loss: 1.542, acc: 0.645:  49%|████▉     | 49/100 [00:16<00:16,  3.15it/s]
[ssh] stdout: [train epoch 2] loss: 1.538, acc: 0.647:  50%|█████     | 50/100 [00:16<00:15,  3.17it/s]
[ssh] stdout: [train epoch 2] loss: 1.537, acc: 0.647:  51%|█████     | 51/100 [00:16<00:15,  3.13it/s]
[ssh] stdout: [train epoch 2] loss: 1.531, acc: 0.647:  52%|█████▏    | 52/100 [00:17<00:15,  3.12it/s]
[ssh] stdout: [train epoch 2] loss: 1.523, acc: 0.653:  53%|█████▎    | 53/100 [00:17<00:14,  3.14it/s]
[ssh] stdout: [train epoch 2] loss: 1.521, acc: 0.650:  54%|█████▍    | 54/100 [00:17<00:14,  3.15it/s]
[ssh] stdout: [train epoch 2] loss: 1.517, acc: 0.655:  55%|█████▌    | 55/100 [00:18<00:14,  3.13it/s]
[ssh] stdout: [train epoch 2] loss: 1.519, acc: 0.654:  56%|█████▌    | 56/100 [00:18<00:13,  3.17it/s]
[ssh] stdout: [train epoch 2] loss: 1.519, acc: 0.654:  57%|█████▋    | 57/100 [00:18<00:13,  3.13it/s]
[ssh] stdout: [train epoch 2] loss: 1.523, acc: 0.651:  58%|█████▊    | 58/100 [00:18<00:13,  3.12it/s]
[ssh] stdout: [train epoch 2] loss: 1.517, acc: 0.657:  59%|█████▉    | 59/100 [00:19<00:13,  3.14it/s]
[ssh] stdout: [train epoch 2] loss: 1.516, acc: 0.650:  60%|██████    | 60/100 [00:19<00:12,  3.13it/s]
[ssh] stdout: [train epoch 2] loss: 1.517, acc: 0.652:  61%|██████    | 61/100 [00:19<00:12,  3.16it/s]
[ssh] stdout: [train epoch 2] loss: 1.510, acc: 0.655:  62%|██████▏   | 62/100 [00:20<00:12,  3.15it/s]
[ssh] stdout: [train epoch 2] loss: 1.504, acc: 0.659:  63%|██████▎   | 63/100 [00:20<00:11,  3.15it/s]
[ssh] stdout: [train epoch 2] loss: 1.498, acc: 0.660:  64%|██████▍   | 64/100 [00:20<00:11,  3.15it/s]
[ssh] stdout: [train epoch 2] loss: 1.503, acc: 0.658:  65%|██████▌   | 65/100 [00:21<00:11,  3.14it/s]
[ssh] stdout: [train epoch 2] loss: 1.508, acc: 0.652:  66%|██████▌   | 66/100 [00:21<00:10,  3.16it/s]
[ssh] stdout: [train epoch 2] loss: 1.508, acc: 0.653:  67%|██████▋   | 67/100 [00:21<00:10,  3.16it/s]
[ssh] stdout: [train epoch 2] loss: 1.507, acc: 0.651:  68%|██████▊   | 68/100 [00:22<00:10,  3.18it/s]
[ssh] stdout: [train epoch 2] loss: 1.504, acc: 0.649:  69%|██████▉   | 69/100 [00:22<00:09,  3.18it/s]
[ssh] stdout: [train epoch 2] loss: 1.501, acc: 0.652:  70%|███████   | 70/100 [00:22<00:09,  3.20it/s]
[ssh] stdout: [train epoch 2] loss: 1.503, acc: 0.651:  71%|███████   | 71/100 [00:23<00:09,  3.21it/s]
[ssh] stdout: [train epoch 2] loss: 1.505, acc: 0.651:  72%|███████▏  | 72/100 [00:23<00:08,  3.23it/s]
[ssh] stdout: [train epoch 2] loss: 1.503, acc: 0.651:  73%|███████▎  | 73/100 [00:23<00:08,  3.21it/s]
[ssh] stdout: [train epoch 2] loss: 1.502, acc: 0.645:  74%|███████▍  | 74/100 [00:23<00:08,  3.20it/s]
[ssh] stdout: [train epoch 2] loss: 1.497, acc: 0.648:  75%|███████▌  | 75/100 [00:24<00:07,  3.19it/s]
[ssh] stdout: [train epoch 2] loss: 1.496, acc: 0.646:  76%|███████▌  | 76/100 [00:24<00:07,  3.19it/s]
[ssh] stdout: [train epoch 2] loss: 1.496, acc: 0.648:  77%|███████▋  | 77/100 [00:24<00:07,  3.15it/s]
[ssh] stdout: [train epoch 2] loss: 1.491, acc: 0.651:  78%|███████▊  | 78/100 [00:25<00:06,  3.16it/s]
[ssh] stdout: [train epoch 2] loss: 1.490, acc: 0.650:  79%|███████▉  | 79/100 [00:25<00:06,  3.15it/s]
[ssh] stdout: [train epoch 2] loss: 1.489, acc: 0.652:  80%|████████  | 80/100 [00:25<00:06,  3.17it/s]
[ssh] stdout: [train epoch 2] loss: 1.489, acc: 0.653:  81%|████████  | 81/100 [00:26<00:05,  3.17it/s]
[ssh] stdout: [train epoch 2] loss: 1.486, acc: 0.654:  82%|████████▏ | 82/100 [00:26<00:05,  3.19it/s]
[ssh] stdout: [train epoch 2] loss: 1.486, acc: 0.654:  83%|████████▎ | 83/100 [00:26<00:05,  3.19it/s]
[ssh] stdout: [train epoch 2] loss: 1.482, acc: 0.655:  84%|████████▍ | 84/100 [00:27<00:05,  3.19it/s]
[ssh] stdout: [train epoch 2] loss: 1.478, acc: 0.654:  85%|████████▌ | 85/100 [00:27<00:04,  3.22it/s]
[ssh] stdout: [train epoch 2] loss: 1.472, acc: 0.658:  86%|████████▌ | 86/100 [00:27<00:03,  3.62it/s]
[ssh] stdout: [train epoch 2] loss: 1.468, acc: 0.659:  87%|████████▋ | 87/100 [00:27<00:03,  3.93it/s]
[ssh] stdout: [train epoch 2] loss: 1.470, acc: 0.659:  88%|████████▊ | 88/100 [00:28<00:02,  4.16it/s]
[ssh] stdout: [train epoch 2] loss: 1.472, acc: 0.657:  89%|████████▉ | 89/100 [00:28<00:02,  4.33it/s]
[ssh] stdout: [train epoch 2] loss: 1.470, acc: 0.660:  90%|█████████ | 90/100 [00:28<00:02,  4.49it/s]
[ssh] stdout: [train epoch 2] loss: 1.467, acc: 0.661:  91%|█████████ | 91/100 [00:28<00:01,  4.64it/s]
[ssh] stdout: [train epoch 2] loss: 1.465, acc: 0.660:  92%|█████████▏| 92/100 [00:28<00:01,  4.75it/s]
[ssh] stdout: [train epoch 2] loss: 1.462, acc: 0.661:  93%|█████████▎| 93/100 [00:29<00:01,  4.86it/s]
[ssh] stdout: [train epoch 2] loss: 1.462, acc: 0.661:  94%|█████████▍| 94/100 [00:29<00:01,  4.90it/s]
[ssh] stdout: [train epoch 2] loss: 1.461, acc: 0.661:  95%|█████████▌| 95/100 [00:29<00:01,  4.45it/s]
[ssh] stdout: [train epoch 2] loss: 1.461, acc: 0.661:  96%|█████████▌| 96/100 [00:29<00:00,  4.61it/s]
[ssh] stdout: [train epoch 2] loss: 1.461, acc: 0.659:  97%|█████████▋| 97/100 [00:29<00:00,  4.70it/s]
[ssh] stdout: [train epoch 2] loss: 1.464, acc: 0.657:  98%|█████████▊| 98/100 [00:30<00:00,  4.80it/s]
[ssh] stdout: [train epoch 2] loss: 1.464, acc: 0.655:  99%|█████████▉| 99/100 [00:30<00:00,  4.85it/s]
[ssh] stdout: [train epoch 2] loss: 1.462, acc: 0.656: 100%|██████████| 100/100 [00:30<00:00,  4.84it/s]
[ssh] stdout: [train epoch 2] loss: 1.462, acc: 0.656: 100%|██████████| 100/100 [00:30<00:00,  3.27it/s]
[ssh] stdout:
[ssh] stdout:   0%|          | 0/25 [00:00<?, ?it/s]
[ssh] stdout: [valid epoch 2] loss: 1.147, acc: 0.750:   4%|▍         | 1/25 [00:00<00:20,  1.16it/s]
[ssh] stdout: [valid epoch 2] loss: 1.207, acc: 0.688:   8%|▊         | 2/25 [00:01<00:12,  1.78it/s]
[ssh] stdout: [valid epoch 2] loss: 1.320, acc: 0.667:  12%|█▏        | 3/25 [00:01<00:10,  2.20it/s]
[ssh] stdout: [valid epoch 2] loss: 1.249, acc: 0.625:  16%|█▌        | 4/25 [00:01<00:08,  2.48it/s]
[ssh] stdout: [valid epoch 2] loss: 1.279, acc: 0.650:  20%|██        | 5/25 [00:02<00:07,  2.58it/s]
[ssh] stdout: [valid epoch 2] loss: 1.235, acc: 0.688:  24%|██▍       | 6/25 [00:02<00:07,  2.65it/s]
[ssh] stdout: [valid epoch 2] loss: 1.200, acc: 0.696:  28%|██▊       | 7/25 [00:02<00:06,  2.77it/s]
[ssh] stdout: [valid epoch 2] loss: 1.170, acc: 0.719:  32%|███▏      | 8/25 [00:03<00:06,  2.80it/s]
[ssh] stdout: [valid epoch 2] loss: 1.172, acc: 0.722:  36%|███▌      | 9/25 [00:03<00:05,  2.82it/s]
[ssh] stdout: [valid epoch 2] loss: 1.167, acc: 0.725:  40%|████      | 10/25 [00:03<00:05,  2.98it/s]
[ssh] stdout: [valid epoch 2] loss: 1.151, acc: 0.750:  44%|████▍     | 11/25 [00:04<00:04,  3.28it/s]
[ssh] stdout: [valid epoch 2] loss: 1.168, acc: 0.750:  48%|████▊     | 12/25 [00:04<00:03,  3.59it/s]
[ssh] stdout: [valid epoch 2] loss: 1.176, acc: 0.750:  52%|█████▏    | 13/25 [00:04<00:03,  3.91it/s]
[ssh] stdout: [valid epoch 2] loss: 1.199, acc: 0.741:  56%|█████▌    | 14/25 [00:04<00:02,  4.19it/s]
[ssh] stdout: [valid epoch 2] loss: 1.189, acc: 0.742:  60%|██████    | 15/25 [00:04<00:02,  4.27it/s]
[ssh] stdout: [valid epoch 2] loss: 1.211, acc: 0.727:  64%|██████▍   | 16/25 [00:05<00:02,  4.35it/s]
[ssh] stdout: [valid epoch 2] loss: 1.199, acc: 0.735:  68%|██████▊   | 17/25 [00:05<00:01,  4.55it/s]
[ssh] stdout: [valid epoch 2] loss: 1.209, acc: 0.729:  72%|███████▏  | 18/25 [00:05<00:01,  4.28it/s]
[ssh] stdout: [valid epoch 2] loss: 1.220, acc: 0.724:  76%|███████▌  | 19/25 [00:05<00:01,  4.14it/s]
[ssh] stdout: [valid epoch 2] loss: 1.226, acc: 0.725:  80%|████████  | 20/25 [00:06<00:01,  4.09it/s]
[ssh] stdout: [valid epoch 2] loss: 1.231, acc: 0.726:  84%|████████▍ | 21/25 [00:06<00:00,  4.24it/s]
[ssh] stdout: [valid epoch 2] loss: 1.233, acc: 0.727:  88%|████████▊ | 22/25 [00:06<00:00,  4.41it/s]
[ssh] stdout: [valid epoch 2] loss: 1.256, acc: 0.701:  92%|█████████▏| 23/25 [00:06<00:00,  4.44it/s]
[ssh] stdout: [valid epoch 2] loss: 1.261, acc: 0.693:  96%|█████████▌| 24/25 [00:07<00:00,  4.29it/s]
[ssh] stdout: [valid epoch 2] loss: 1.254, acc: 0.700: 100%|██████████| 25/25 [00:07<00:00,  4.26it/s]
[ssh] stdout: [valid epoch 2] loss: 1.254, acc: 0.700: 100%|██████████| 25/25 [00:07<00:00,  3.42it/s]
[ssh] stdout: EPOCH2 GFLOPS: 739.71 GFLOPS, TIME: 37.85 seconds.
[ssh] stdout:
[ssh] stdout:   0%|          | 0/100 [00:00<?, ?it/s]
[ssh] stdout: [train epoch 3] loss: 1.418, acc: 0.750:   1%|          | 1/100 [00:00<01:24,  1.18it/s]
[ssh] stdout: [train epoch 3] loss: 1.296, acc: 0.750:   2%|▏         | 2/100 [00:01<00:54,  1.81it/s]
[ssh] stdout: [train epoch 3] loss: 1.562, acc: 0.583:   3%|▎         | 3/100 [00:01<00:43,  2.24it/s]
[ssh] stdout: [train epoch 3] loss: 1.479, acc: 0.562:   4%|▍         | 4/100 [00:01<00:38,  2.47it/s]
[ssh] stdout: [train epoch 3] loss: 1.447, acc: 0.575:   5%|▌         | 5/100 [00:02<00:35,  2.70it/s]
[ssh] stdout: [train epoch 3] loss: 1.409, acc: 0.604:   6%|▌         | 6/100 [00:02<00:32,  2.86it/s]
[ssh] stdout: [train epoch 3] loss: 1.383, acc: 0.643:   7%|▋         | 7/100 [00:02<00:31,  2.96it/s]
[ssh] stdout: [train epoch 3] loss: 1.394, acc: 0.641:   8%|▊         | 8/100 [00:03<00:30,  3.03it/s]
[ssh] stdout: [train epoch 3] loss: 1.374, acc: 0.667:   9%|▉         | 9/100 [00:03<00:29,  3.06it/s]
[ssh] stdout: [train epoch 3] loss: 1.419, acc: 0.650:  10%|█         | 10/100 [00:03<00:29,  3.02it/s]
[ssh] stdout: [train epoch 3] loss: 1.406, acc: 0.636:  11%|█         | 11/100 [00:04<00:28,  3.07it/s]
[ssh] stdout: [train epoch 3] loss: 1.387, acc: 0.656:  12%|█▏        | 12/100 [00:04<00:28,  3.04it/s]
[ssh] stdout: [train epoch 3] loss: 1.389, acc: 0.654:  13%|█▎        | 13/100 [00:04<00:28,  3.09it/s]
[ssh] stdout: [train epoch 3] loss: 1.368, acc: 0.661:  14%|█▍        | 14/100 [00:05<00:28,  2.98it/s]
[ssh] stdout: [train epoch 3] loss: 1.365, acc: 0.667:  15%|█▌        | 15/100 [00:05<00:27,  3.06it/s]
[ssh] stdout: [train epoch 3] loss: 1.355, acc: 0.680:  16%|█▌        | 16/100 [00:05<00:26,  3.13it/s]
[ssh] stdout: [train epoch 3] loss: 1.377, acc: 0.669:  17%|█▋        | 17/100 [00:06<00:26,  3.15it/s]
[ssh] stdout: [train epoch 3] loss: 1.378, acc: 0.660:  18%|█▊        | 18/100 [00:06<00:25,  3.18it/s]
[ssh] stdout: [train epoch 3] loss: 1.367, acc: 0.671:  19%|█▉        | 19/100 [00:06<00:25,  3.17it/s]
[ssh] stdout: [train epoch 3] loss: 1.359, acc: 0.681:  20%|██        | 20/100 [00:06<00:25,  3.18it/s]
[ssh] stdout: [train epoch 3] loss: 1.355, acc: 0.679:  21%|██        | 21/100 [00:07<00:24,  3.19it/s]
[ssh] stdout: [train epoch 3] loss: 1.350, acc: 0.682:  22%|██▏       | 22/100 [00:07<00:24,  3.12it/s]
[ssh] stdout: [train epoch 3] loss: 1.336, acc: 0.690:  23%|██▎       | 23/100 [00:07<00:24,  3.15it/s]
[ssh] stdout: [train epoch 3] loss: 1.331, acc: 0.698:  24%|██▍       | 24/100 [00:08<00:24,  3.15it/s]
[ssh] stdout: [train epoch 3] loss: 1.340, acc: 0.690:  25%|██▌       | 25/100 [00:08<00:24,  3.07it/s]
[ssh] stdout: [train epoch 3] loss: 1.334, acc: 0.692:  26%|██▌       | 26/100 [00:08<00:24,  3.08it/s]
[ssh] stdout: [train epoch 3] loss: 1.334, acc: 0.690:  27%|██▋       | 27/100 [00:09<00:24,  3.04it/s]
[ssh] stdout: [train epoch 3] loss: 1.337, acc: 0.688:  28%|██▊       | 28/100 [00:09<00:23,  3.09it/s]
[ssh] stdout: [train epoch 3] loss: 1.339, acc: 0.690:  29%|██▉       | 29/100 [00:09<00:22,  3.14it/s]
[ssh] stdout: [train epoch 3] loss: 1.345, acc: 0.683:  30%|███       | 30/100 [00:10<00:22,  3.12it/s]
[ssh] stdout: [train epoch 3] loss: 1.349, acc: 0.677:  31%|███       | 31/100 [00:10<00:22,  3.13it/s]
[ssh] stdout: [train epoch 3] loss: 1.348, acc: 0.680:  32%|███▏      | 32/100 [00:10<00:21,  3.15it/s]
[ssh] stdout: [train epoch 3] loss: 1.345, acc: 0.678:  33%|███▎      | 33/100 [00:11<00:21,  3.13it/s]
[ssh] stdout: [train epoch 3] loss: 1.347, acc: 0.676:  34%|███▍      | 34/100 [00:11<00:20,  3.15it/s]
[ssh] stdout: [train epoch 3] loss: 1.344, acc: 0.675:  35%|███▌      | 35/100 [00:11<00:20,  3.13it/s]
[ssh] stdout: [train epoch 3] loss: 1.340, acc: 0.677:  36%|███▌      | 36/100 [00:12<00:20,  3.15it/s]
[ssh] stdout: [train epoch 3] loss: 1.342, acc: 0.676:  37%|███▋      | 37/100 [00:12<00:19,  3.17it/s]
[ssh] stdout: [train epoch 3] loss: 1.347, acc: 0.674:  38%|███▊      | 38/100 [00:12<00:19,  3.17it/s]
[ssh] stdout: [train epoch 3] loss: 1.343, acc: 0.679:  39%|███▉      | 39/100 [00:13<00:19,  3.19it/s]
[ssh] stdout: [train epoch 3] loss: 1.336, acc: 0.678:  40%|████      | 40/100 [00:13<00:18,  3.19it/s]
[ssh] stdout: [train epoch 3] loss: 1.335, acc: 0.674:  41%|████      | 41/100 [00:13<00:18,  3.17it/s]
[ssh] stdout: [train epoch 3] loss: 1.339, acc: 0.673:  42%|████▏     | 42/100 [00:13<00:18,  3.16it/s]
[ssh] stdout: [train epoch 3] loss: 1.332, acc: 0.677:  43%|████▎     | 43/100 [00:14<00:18,  3.14it/s]
[ssh] stdout: [train epoch 3] loss: 1.329, acc: 0.679:  44%|████▍     | 44/100 [00:14<00:17,  3.15it/s]
[ssh] stdout: [train epoch 3] loss: 1.332, acc: 0.678:  45%|████▌     | 45/100 [00:14<00:17,  3.17it/s]
[ssh] stdout: [train epoch 3] loss: 1.329, acc: 0.677:  46%|████▌     | 46/100 [00:15<00:17,  3.17it/s]
[ssh] stdout: [train epoch 3] loss: 1.339, acc: 0.668:  47%|████▋     | 47/100 [00:15<00:16,  3.16it/s]
[ssh] stdout: [train epoch 3] loss: 1.336, acc: 0.667:  48%|████▊     | 48/100 [00:15<00:16,  3.17it/s]
[ssh] stdout: [train epoch 3] loss: 1.334, acc: 0.671:  49%|████▉     | 49/100 [00:16<00:16,  3.17it/s]
[ssh] stdout: [train epoch 3] loss: 1.333, acc: 0.667:  50%|█████     | 50/100 [00:16<00:15,  3.20it/s]
[ssh] stdout: [train epoch 3] loss: 1.330, acc: 0.667:  51%|█████     | 51/100 [00:16<00:15,  3.18it/s]
[ssh] stdout: [train epoch 3] loss: 1.329, acc: 0.668:  52%|█████▏    | 52/100 [00:17<00:14,  3.21it/s]
[ssh] stdout: [train epoch 3] loss: 1.329, acc: 0.667:  53%|█████▎    | 53/100 [00:17<00:14,  3.23it/s]
[ssh] stdout: [train epoch 3] loss: 1.334, acc: 0.667:  54%|█████▍    | 54/100 [00:17<00:14,  3.23it/s]
[ssh] stdout: [train epoch 3] loss: 1.329, acc: 0.666:  55%|█████▌    | 55/100 [00:18<00:14,  3.21it/s]
[ssh] stdout: [train epoch 3] loss: 1.328, acc: 0.667:  56%|█████▌    | 56/100 [00:18<00:13,  3.19it/s]
[ssh] stdout: [train epoch 3] loss: 1.326, acc: 0.671:  57%|█████▋    | 57/100 [00:18<00:13,  3.19it/s]
[ssh] stdout: [train epoch 3] loss: 1.335, acc: 0.666:  58%|█████▊    | 58/100 [00:18<00:13,  3.13it/s]
[ssh] stdout: [train epoch 3] loss: 1.335, acc: 0.667:  59%|█████▉    | 59/100 [00:19<00:13,  3.14it/s]
[ssh] stdout: [train epoch 3] loss: 1.336, acc: 0.667:  60%|██████    | 60/100 [00:19<00:12,  3.17it/s]
[ssh] stdout: [train epoch 3] loss: 1.340, acc: 0.662:  61%|██████    | 61/100 [00:19<00:12,  3.16it/s]
[ssh] stdout: [train epoch 3] loss: 1.348, acc: 0.657:  62%|██████▏   | 62/100 [00:20<00:12,  3.17it/s]
[ssh] stdout: [train epoch 3] loss: 1.348, acc: 0.659:  63%|██████▎   | 63/100 [00:20<00:11,  3.12it/s]
[ssh] stdout: [train epoch 3] loss: 1.349, acc: 0.656:  64%|██████▍   | 64/100 [00:20<00:11,  3.14it/s]
[ssh] stdout: [train epoch 3] loss: 1.353, acc: 0.656:  65%|██████▌   | 65/100 [00:21<00:11,  3.06it/s]
[ssh] stdout: [train epoch 3] loss: 1.355, acc: 0.653:  66%|██████▌   | 66/100 [00:21<00:11,  3.05it/s]
[ssh] stdout: [train epoch 3] loss: 1.352, acc: 0.655:  67%|██████▋   | 67/100 [00:21<00:10,  3.08it/s]
[ssh] stdout: [train epoch 3] loss: 1.354, acc: 0.651:  68%|██████▊   | 68/100 [00:22<00:10,  3.01it/s]
[ssh] stdout: [train epoch 3] loss: 1.353, acc: 0.650:  69%|██████▉   | 69/100 [00:22<00:10,  3.07it/s]
[ssh] stdout: [train epoch 3] loss: 1.352, acc: 0.654:  70%|███████   | 70/100 [00:22<00:09,  3.05it/s]
[ssh] stdout: [train epoch 3] loss: 1.353, acc: 0.651:  71%|███████   | 71/100 [00:23<00:09,  3.07it/s]
[ssh] stdout: [train epoch 3] loss: 1.350, acc: 0.653:  72%|███████▏  | 72/100 [00:23<00:08,  3.12it/s]
[ssh] stdout: [train epoch 3] loss: 1.348, acc: 0.656:  73%|███████▎  | 73/100 [00:23<00:08,  3.15it/s]
[ssh] stdout: [train epoch 3] loss: 1.346, acc: 0.659:  74%|███████▍  | 74/100 [00:24<00:08,  3.17it/s]
[ssh] stdout: [train epoch 3] loss: 1.344, acc: 0.658:  75%|███████▌  | 75/100 [00:24<00:07,  3.19it/s]
[ssh] stdout: [train epoch 3] loss: 1.339, acc: 0.663:  76%|███████▌  | 76/100 [00:24<00:07,  3.20it/s]
[ssh] stdout: [train epoch 3] loss: 1.340, acc: 0.662:  77%|███████▋  | 77/100 [00:25<00:07,  3.19it/s]
[ssh] stdout: [train epoch 3] loss: 1.340, acc: 0.660:  78%|███████▊  | 78/100 [00:25<00:06,  3.20it/s]
[ssh] stdout: [train epoch 3] loss: 1.341, acc: 0.658:  79%|███████▉  | 79/100 [00:25<00:06,  3.18it/s]
[ssh] stdout: [train epoch 3] loss: 1.341, acc: 0.658:  80%|████████  | 80/100 [00:26<00:06,  3.17it/s]
[ssh] stdout: [train epoch 3] loss: 1.341, acc: 0.659:  81%|████████  | 81/100 [00:26<00:06,  3.15it/s]
[ssh] stdout: [train epoch 3] loss: 1.340, acc: 0.659:  82%|████████▏ | 82/100 [00:26<00:05,  3.15it/s]
[ssh] stdout: [train epoch 3] loss: 1.338, acc: 0.660:  83%|████████▎ | 83/100 [00:26<00:05,  3.16it/s]
[ssh] stdout: [train epoch 3] loss: 1.338, acc: 0.661:  84%|████████▍ | 84/100 [00:27<00:05,  3.17it/s]
[ssh] stdout: [train epoch 3] loss: 1.337, acc: 0.660:  85%|████████▌ | 85/100 [00:27<00:04,  3.05it/s]
[ssh] stdout: [train epoch 3] loss: 1.339, acc: 0.661:  86%|████████▌ | 86/100 [00:27<00:04,  3.13it/s]
[ssh] stdout: [train epoch 3] loss: 1.342, acc: 0.661:  87%|████████▋ | 87/100 [00:28<00:03,  3.41it/s]
[ssh] stdout: [train epoch 3] loss: 1.344, acc: 0.661:  88%|████████▊ | 88/100 [00:28<00:03,  3.73it/s]
[ssh] stdout: [train epoch 3] loss: 1.342, acc: 0.659:  89%|████████▉ | 89/100 [00:28<00:02,  3.81it/s]
[ssh] stdout: [train epoch 3] loss: 1.346, acc: 0.657:  90%|█████████ | 90/100 [00:28<00:02,  3.99it/s]
[ssh] stdout: [train epoch 3] loss: 1.345, acc: 0.658:  91%|█████████ | 91/100 [00:29<00:02,  4.21it/s]
[ssh] stdout: [train epoch 3] loss: 1.347, acc: 0.656:  92%|█████████▏| 92/100 [00:29<00:01,  4.44it/s]
[ssh] stdout: [train epoch 3] loss: 1.349, acc: 0.655:  93%|█████████▎| 93/100 [00:29<00:01,  4.05it/s]
[ssh] stdout: [train epoch 3] loss: 1.345, acc: 0.657:  94%|█████████▍| 94/100 [00:29<00:01,  4.07it/s]
[ssh] stdout: [train epoch 3] loss: 1.342, acc: 0.658:  95%|█████████▌| 95/100 [00:29<00:01,  4.33it/s]
[ssh] stdout: [train epoch 3] loss: 1.338, acc: 0.660:  96%|█████████▌| 96/100 [00:30<00:00,  4.48it/s]
[ssh] stdout: [train epoch 3] loss: 1.339, acc: 0.660:  97%|█████████▋| 97/100 [00:30<00:00,  4.65it/s]
[ssh] stdout: [train epoch 3] loss: 1.340, acc: 0.659:  98%|█████████▊| 98/100 [00:30<00:00,  4.77it/s]
[ssh] stdout: [train epoch 3] loss: 1.339, acc: 0.658:  99%|█████████▉| 99/100 [00:30<00:00,  4.87it/s]
[ssh] stdout: [train epoch 3] loss: 1.339, acc: 0.657: 100%|██████████| 100/100 [00:31<00:00,  4.73it/s]
[ssh] stdout: [train epoch 3] loss: 1.339, acc: 0.657: 100%|██████████| 100/100 [00:31<00:00,  3.22it/s]
[ssh] stdout:
[ssh] stdout:   0%|          | 0/25 [00:00<?, ?it/s]
[ssh] stdout: [valid epoch 3] loss: 1.092, acc: 0.750:   4%|▍         | 1/25 [00:00<00:20,  1.18it/s]
[ssh] stdout: [valid epoch 3] loss: 1.158, acc: 0.688:   8%|▊         | 2/25 [00:01<00:12,  1.81it/s]
[ssh] stdout: [valid epoch 3] loss: 1.271, acc: 0.667:  12%|█▏        | 3/25 [00:01<00:09,  2.21it/s]
[ssh] stdout: [valid epoch 3] loss: 1.200, acc: 0.625:  16%|█▌        | 4/25 [00:01<00:08,  2.46it/s]
[ssh] stdout: [valid epoch 3] loss: 1.230, acc: 0.650:  20%|██        | 5/25 [00:02<00:07,  2.66it/s]
[ssh] stdout: [valid epoch 3] loss: 1.187, acc: 0.688:  24%|██▍       | 6/25 [00:02<00:06,  2.79it/s]
[ssh] stdout: [valid epoch 3] loss: 1.151, acc: 0.696:  28%|██▊       | 7/25 [00:02<00:06,  2.86it/s]
[ssh] stdout: [valid epoch 3] loss: 1.121, acc: 0.719:  32%|███▏      | 8/25 [00:03<00:05,  2.93it/s]
[ssh] stdout: [valid epoch 3] loss: 1.123, acc: 0.722:  36%|███▌      | 9/25 [00:03<00:05,  2.98it/s]
[ssh] stdout: [valid epoch 3] loss: 1.117, acc: 0.725:  40%|████      | 10/25 [00:03<00:04,  3.02it/s]
[ssh] stdout: [valid epoch 3] loss: 1.100, acc: 0.750:  44%|████▍     | 11/25 [00:04<00:04,  3.36it/s]
[ssh] stdout: [valid epoch 3] loss: 1.117, acc: 0.750:  48%|████▊     | 12/25 [00:04<00:03,  3.72it/s]
[ssh] stdout: [valid epoch 3] loss: 1.126, acc: 0.740:  52%|█████▏    | 13/25 [00:04<00:03,  3.81it/s]
[ssh] stdout: [valid epoch 3] loss: 1.149, acc: 0.732:  56%|█████▌    | 14/25 [00:04<00:02,  4.15it/s]
[ssh] stdout: [valid epoch 3] loss: 1.139, acc: 0.733:  60%|██████    | 15/25 [00:04<00:02,  4.41it/s]
[ssh] stdout: [valid epoch 3] loss: 1.162, acc: 0.719:  64%|██████▍   | 16/25 [00:05<00:02,  4.17it/s]
[ssh] stdout: [valid epoch 3] loss: 1.151, acc: 0.728:  68%|██████▊   | 17/25 [00:05<00:01,  4.42it/s]
[ssh] stdout: [valid epoch 3] loss: 1.161, acc: 0.722:  72%|███████▏  | 18/25 [00:05<00:01,  4.62it/s]
[ssh] stdout: [valid epoch 3] loss: 1.171, acc: 0.717:  76%|███████▌  | 19/25 [00:05<00:01,  4.53it/s]
[ssh] stdout: [valid epoch 3] loss: 1.177, acc: 0.719:  80%|████████  | 20/25 [00:05<00:01,  4.63it/s]
[ssh] stdout: [valid epoch 3] loss: 1.182, acc: 0.720:  84%|████████▍ | 21/25 [00:06<00:00,  4.62it/s]
[ssh] stdout: [valid epoch 3] loss: 1.184, acc: 0.716:  88%|████████▊ | 22/25 [00:06<00:00,  4.60it/s]
[ssh] stdout: [valid epoch 3] loss: 1.206, acc: 0.690:  92%|█████████▏| 23/25 [00:06<00:00,  4.61it/s]
[ssh] stdout: [valid epoch 3] loss: 1.212, acc: 0.682:  96%|█████████▌| 24/25 [00:06<00:00,  4.73it/s]
[ssh] stdout: [valid epoch 3] loss: 1.205, acc: 0.690: 100%|██████████| 25/25 [00:07<00:00,  4.78it/s]
[ssh] stdout: [valid epoch 3] loss: 1.205, acc: 0.690: 100%|██████████| 25/25 [00:07<00:00,  3.56it/s]
[ssh] stdout: EPOCH3 GFLOPS: 736.08 GFLOPS, TIME: 38.04 seconds.
[ssh] stdout: ======================== DataFlow ========================
[ssh] stdout:           Total E2E time: 122.53 seconds
[ssh] stdout:            Average Time Per Epoch: 38.04 seconds,
[ssh] stdout:           AVG Calculate GFLOPS: 736.08 GFLOPS
[ssh] stdout: ======================== DataFlow ========================
[ssh] stdout: Total training time: 122.53 seconds