WARNING:torch.distributed.run:
*****************************************
Setting OMP_NUM_THREADS environment variable for each process to be 1 in default, to avoid your system being overloaded, please further tune the variable for optimal performance in your application as needed.
*****************************************
projects.mmdet3d_plugin
projects.mmdet3d_plugin
projects.mmdet3d_plugin
projects.mmdet3d_plugin
======
#SLEEP:4.0
Loading NuScenes tables for version v1.0-mini...
======
Loading NuScenes tables for version v1.0-mini...
======
Loading NuScenes tables for version v1.0-mini...
======
Loading NuScenes tables for version v1.0-mini...
#SLEEP:1.0
23 category,
8 attribute,
4 visibility,
911 instance,
12 sensor,
120 calibrated_sensor,
31206 ego_pose,
8 log,
10 scene,
404 sample,
31206 sample_data,
18538 sample_annotation,
4 map,
Done loading in 0.940 seconds.
======
#SLEEP:1.0
Reverse indexing ...
23 category,
8 attribute,
4 visibility,
911 instance,
12 sensor,
120 calibrated_sensor,
31206 ego_pose,
8 log,
10 scene,
404 sample,
31206 sample_data,
18538 sample_annotation,
4 map,
Done loading in 0.937 seconds.
======
#SLEEP:2.0
Reverse indexing ...
23 category,
8 attribute,
4 visibility,
911 instance,
12 sensor,
120 calibrated_sensor,
31206 ego_pose,
8 log,
10 scene,
404 sample,
31206 sample_data,
18538 sample_annotation,
4 map,
Done loading in 0.964 seconds.
======
Reverse indexing ...
#SLEEP:1.0
23 category,
8 attribute,
4 visibility,
911 instance,
12 sensor,
120 calibrated_sensor,
31206 ego_pose,
8 log,
10 scene,
404 sample,
31206 sample_data,
18538 sample_annotation,
4 map,
Done loading in 1.077 seconds.
======
Reverse indexing ...
#SLEEP:2.0
Done reverse indexing in 0.3 seconds.
======
Done reverse indexing in 0.3 seconds.
======
Done reverse indexing in 0.3 seconds.
======
Done reverse indexing in 0.3 seconds.
======
#SLEEP:1.0
load checkpoint from local path: /home/wangqie/UniAD/ckpts/uniad_base_e2e.pth
load checkpoint from local path: /home/wangqie/UniAD/ckpts/uniad_base_e2e.pth
load checkpoint from local path: /home/wangqie/UniAD/ckpts/uniad_base_e2e.pth
load checkpoint from local path: /home/wangqie/UniAD/ckpts/uniad_base_e2e.pth
#SLEEP:1.0
root - INFO - ModulatedDeformConvPack img_backbone.layer3.0.conv2 is upgraded to version 2.
root - INFO - ModulatedDeformConvPack img_backbone.layer3.1.conv2 is upgraded to version 2.
root - INFO - ModulatedDeformConvPack img_backbone.layer3.2.conv2 is upgraded to version 2.
root - INFO - ModulatedDeformConvPack img_backbone.layer3.3.conv2 is upgraded to version 2.
root - INFO - ModulatedDeformConvPack img_backbone.layer3.4.conv2 is upgraded to version 2.
root - INFO - ModulatedDeformConvPack img_backbone.layer3.5.conv2 is upgraded to version 2.
root - INFO - ModulatedDeformConvPack img_backbone.layer3.6.conv2 is upgraded to version 2.
root - INFO - ModulatedDeformConvPack img_backbone.layer3.7.conv2 is upgraded to version 2.
root - INFO - ModulatedDeformConvPack img_backbone.layer3.8.conv2 is upgraded to version 2.
root - INFO - ModulatedDeformConvPack img_backbone.layer3.9.conv2 is upgraded to version 2.
root - INFO - ModulatedDeformConvPack img_backbone.layer3.10.conv2 is upgraded to version 2.
root - INFO - ModulatedDeformConvPack img_backbone.layer3.11.conv2 is upgraded to version 2.
root - INFO - ModulatedDeformConvPack img_backbone.layer3.12.conv2 is upgraded to version 2.
root - INFO - ModulatedDeformConvPack img_backbone.layer3.13.conv2 is upgraded to version 2.
root - INFO - ModulatedDeformConvPack img_backbone.layer3.14.conv2 is upgraded to version 2.
root - INFO - ModulatedDeformConvPack img_backbone.layer3.15.conv2 is upgraded to version 2.
root - INFO - ModulatedDeformConvPack img_backbone.layer3.16.conv2 is upgraded to version 2.
root - INFO - ModulatedDeformConvPack img_backbone.layer3.17.conv2 is upgraded to version 2.
root - INFO - ModulatedDeformConvPack img_backbone.layer3.18.conv2 is upgraded to version 2.
root - INFO - ModulatedDeformConvPack img_backbone.layer3.19.conv2 is upgraded to version 2.
root - INFO - ModulatedDeformConvPack img_backbone.layer3.20.conv2 is upgraded to version 2.
root - INFO - ModulatedDeformConvPack img_backbone.layer3.21.conv2 is upgraded to version 2.
root - INFO - ModulatedDeformConvPack img_backbone.layer3.22.conv2 is upgraded to version 2.
root - INFO - ModulatedDeformConvPack img_backbone.layer4.0.conv2 is upgraded to version 2.
root - INFO - ModulatedDeformConvPack img_backbone.layer4.1.conv2 is upgraded to version 2.
root - INFO - ModulatedDeformConvPack img_backbone.layer4.2.conv2 is upgraded to version 2.
Current CUDA Device ID: 2
The model and loaded state dict do not match exactly
Current CUDA Device ID: 0
Current CUDA Device ID: 1
[ ] 0/81, elapsed: 0s, ETA:
#SLEEP:1.0
[ ] 1/81, 0.1 task/s, elapsed: 8s, ETA: 600s
[ ] 2/81, 0.3 task/s, elapsed: 8s, ETA: 296s
[> ] 3/81, 0.4 task/s, elapsed: 8s, ETA: 195s
[> ] 4/81, 0.5 task/s, elapsed: 8s, ETA: 144s
#SLEEP:1.0
[>> ] 5/81, 0.6 task/s, elapsed: 9s, ETA: 132s
[>> ] 6/81, 0.7 task/s, elapsed: 9s, ETA: 109s
[>> ] 7/81, 0.8 task/s, elapsed: 9s, ETA: 92s
[>>> ] 8/81, 0.9 task/s, elapsed: 9s, ETA: 79s
#SLEEP:1.0
[>>> ] 9/81, 0.9 task/s, elapsed: 10s, ETA: 77s
[>>> ] 10/81, 1.0 task/s, elapsed: 10s, ETA: 68s
[>>>> ] 11/81, 1.1 task/s, elapsed: 10s, ETA: 61s
[>>>> ] 12/81, 1.2 task/s, elapsed: 10s, ETA: 55s
#SLEEP:1.0
[>>>>> ] 13/81, 1.2 task/s, elapsed: 11s, ETA: 55s
[>>>>> ] 14/81, 1.3 task/s, elapsed: 11s, ETA: 50s
#SLEEP:1.0
[>>>>> ] 15/81, 1.4 task/s, elapsed: 11s, ETA: 46s
#SLEEP:1.0
[>>>>>> ] 16/81, 1.5 task/s, elapsed: 11s, ETA: 43s
[>>>>>> ] 17/81, 1.5 task/s, elapsed: 11s, ETA: 43s
[>>>>>>> ] 18/81, 1.6 task/s, elapsed: 11s, ETA: 40s
#SLEEP:1.0
[>>>>>>> ] 19/81, 1.7 task/s, elapsed: 11s, ETA: 37s
#SLEEP:1.0
[>>>>>>> ] 20/81, 1.8 task/s, elapsed: 11s, ETA: 35s
[>>>>>>>> ] 21/81, 1.7 task/s, elapsed: 12s, ETA: 35s
[>>>>>>>> ] 22/81, 1.8 task/s, elapsed: 12s, ETA: 33s
#SLEEP:1.0
[>>>>>>>>> ] 23/81, 1.9 task/s, elapsed: 12s, ETA: 31s
[>>>>>>>>> ] 24/81, 1.9 task/s, elapsed: 12s, ETA: 29s
[>>>>>>>>> ] 25/81, 1.9 task/s, elapsed: 13s, ETA: 30s
[>>>>>>>>>> ] 26/81, 2.0 task/s, elapsed: 13s, ETA: 28s
#SLEEP:1.0
[>>>>>>>>>> ] 27/81, 2.0 task/s, elapsed: 13s, ETA: 26s
[>>>>>>>>>>> ] 28/81, 2.1 task/s, elapsed: 13s, ETA: 25s
[>>>>>>>>>>> ] 29/81, 2.1 task/s, elapsed: 14s, ETA: 25s
[>>>>>>>>>>> ] 30/81, 2.1 task/s, elapsed: 14s, ETA: 24s
#SLEEP:1.0
[>>>>>>>>>>>> ] 31/81, 2.2 task/s, elapsed: 14s, ETA: 23s
[>>>>>>>>>>>> ] 32/81, 2.3 task/s, elapsed: 14s, ETA: 22s
[>>>>>>>>>>>>> ] 33/81, 2.2 task/s, elapsed: 15s, ETA: 22s
[>>>>>>>>>>>>> ] 34/81, 2.3 task/s, elapsed: 15s, ETA: 21s
#SLEEP:1.0
[>>>>>>>>>>>>> ] 35/81, 2.3 task/s, elapsed: 15s, ETA: 20s
[>>>>>>>>>>>>>> ] 36/81, 2.4 task/s, elapsed: 15s, ETA: 19s
[>>>>>>>>>>>>>> ] 37/81, 2.3 task/s, elapsed: 16s, ETA: 19s
[>>>>>>>>>>>>>>> ] 38/81, 2.4 task/s, elapsed: 16s, ETA: 18s
#SLEEP:1.0
[>>>>>>>>>>>>>>> ] 39/81, 2.4 task/s, elapsed: 16s, ETA: 17s
[>>>>>>>>>>>>>>> ] 40/81, 2.5 task/s, elapsed: 16s, ETA: 16s
[>>>>>>>>>>>>>>>> ] 41/81, 2.4 task/s, elapsed: 17s, ETA: 17s
#SLEEP:1.0
[>>>>>>>>>>>>>>>> ] 42/81, 2.5 task/s, elapsed: 17s, ETA: 16s
[>>>>>>>>>>>>>>>> ] 43/81, 2.5 task/s, elapsed: 17s, ETA: 15s
[>>>>>>>>>>>>>>>>> ] 44/81, 2.6 task/s, elapsed: 17s, ETA: 14s
[>>>>>>>>>>>>>>>>> ] 45/81, 2.5 task/s, elapsed: 18s, ETA: 14s
#SLEEP:1.0
[>>>>>>>>>>>>>>>>>> ] 46/81, 2.6 task/s, elapsed: 18s, ETA: 14s
[>>>>>>>>>>>>>>>>>> ] 47/81, 2.6 task/s, elapsed: 18s, ETA: 13s
[>>>>>>>>>>>>>>>>>> ] 48/81, 2.7 task/s, elapsed: 18s, ETA: 12s
[>>>>>>>>>>>>>>>>>>> ] 49/81, 2.6 task/s, elapsed: 19s, ETA: 12s
#SLEEP:1.0
[>>>>>>>>>>>>>>>>>>> ] 50/81, 2.7 task/s, elapsed: 19s, ETA: 12s
[>>>>>>>>>>>>>>>>>>>> ] 51/81, 2.7 task/s, elapsed: 19s, ETA: 11s
[>>>>>>>>>>>>>>>>>>>> ] 52/81, 2.8 task/s, elapsed: 19s, ETA: 10s
[>>>>>>>>>>>>>>>>>>>> ] 53/81, 2.7 task/s, elapsed: 20s, ETA: 10s
#SLEEP:1.0
[>>>>>>>>>>>>>>>>>>>>> ] 54/81, 2.7 task/s, elapsed: 20s, ETA: 10s
[>>>>>>>>>>>>>>>>>>>>> ] 55/81, 2.8 task/s, elapsed: 20s, ETA: 9s
[>>>>>>>>>>>>>>>>>>>>>> ] 56/81, 2.8 task/s, elapsed: 20s, ETA: 9s
[>>>>>>>>>>>>>>>>>>>>>> ] 57/81, 2.8 task/s, elapsed: 21s, ETA: 9s
#SLEEP:1.0
[>>>>>>>>>>>>>>>>>>>>>> ] 58/81, 2.8 task/s, elapsed: 21s, ETA: 8s
[>>>>>>>>>>>>>>>>>>>>>>> ] 59/81, 2.9 task/s, elapsed: 21s, ETA: 8s
[>>>>>>>>>>>>>>>>>>>>>>> ] 60/81, 2.9 task/s, elapsed: 21s, ETA: 7s
[>>>>>>>>>>>>>>>>>>>>>>>> ] 61/81, 2.8 task/s, elapsed: 22s, ETA: 7s
#SLEEP:1.0
[>>>>>>>>>>>>>>>>>>>>>>>> ] 62/81, 2.9 task/s, elapsed: 22s, ETA: 7s
[>>>>>>>>>>>>>>>>>>>>>>>> ] 63/81, 2.9 task/s, elapsed: 22s, ETA: 6s
[>>>>>>>>>>>>>>>>>>>>>>>>> ] 64/81, 3.0 task/s, elapsed: 22s, ETA: 6s
[>>>>>>>>>>>>>>>>>>>>>>>>> ] 65/81, 2.9 task/s, elapsed: 23s, ETA: 6s
#SLEEP:1.0
[>>>>>>>>>>>>>>>>>>>>>>>>>> ] 66/81, 2.9 task/s, elapsed: 23s, ETA: 5s
[>>>>>>>>>>>>>>>>>>>>>>>>>> ] 67/81, 3.0 task/s, elapsed: 23s, ETA: 5s
[>>>>>>>>>>>>>>>>>>>>>>>>>> ] 68/81, 3.0 task/s, elapsed: 23s, ETA: 4s
[>>>>>>>>>>>>>>>>>>>>>>>>>>> ] 70/81, 3.0 task/s, elapsed: 23s, ETA: 4s
#SLEEP:1.0
[>>>>>>>>>>>>>>>>>>>>>>>>>>>> ] 71/81, 3.0 task/s, elapsed: 23s, ETA: 3s
[>>>>>>>>>>>>>>>>>>>>>>>>>>> ] 69/81, 2.9 task/s, elapsed: 23s, ETA: 4s
[>>>>>>>>>>>>>>>>>>>>>>>>>>>> ] 73/81, 3.0 task/s, elapsed: 24s, ETA: 3s
[>>>>>>>>>>>>>>>>>>>>>>>>>>>>> ] 74/81, 3.0 task/s, elapsed: 24s, ETA: 2s
#SLEEP:1.0
[>>>>>>>>>>>>>>>>>>>>>>>>>>>>> ] 75/81, 3.1 task/s, elapsed: 24s, ETA: 2s
[>>>>>>>>>>>>>>>>>>>>>>>>>>>>>> ] 76/81, 3.1 task/s, elapsed: 24s, ETA: 2s
[>>>>>>>>>>>>>>>>>>>>>>>>>>>>>> ] 77/81, 3.0 task/s, elapsed: 25s, ETA: 1s
[>>>>>>>>>>>>>>>>>>>>>>>>>>>>>> ] 78/81, 3.1 task/s, elapsed: 25s, ETA: 1s
#SLEEP:1.0
[>>>>>>>>>>>>>>>>>>>>>>>>>>>>>>> ] 79/81, 3.1 task/s, elapsed: 25s, ETA: 1s
[>>>>>>>>>>>>>>>>>>>>>>>>>>>>>>> ] 80/81, 3.2 task/s, elapsed: 25s, ETA: 0s
[>>>>>>>>>>>>>>>>>>>>>>>>>>>>>>>>] 81/81, 3.1 task/s, elapsed: 26s, ETA: 0s
#SLEEP:1.0
[>>>>>>>>>>>>>>>>>>>>>>>>>>>>>>>>] 82/81, 3.1 task/s, elapsed: 26s, ETA: 0s
[>>>>>>>>>>>>>>>>>>>>>>>>>>>>>>>>] 83/81, 3.2 task/s, elapsed: 26s, ETA: 0s
[>>>>>>>>>>>>>>>>>>>>>>>>>>>>>>>>>] 84/81, 3.2 task/s, elapsed: 26s, ETA: 0s
#SLEEP:1.0
Total samples: 81
Total time: 27.71 seconds
Throughput: 2.92 samples/second
writing results to output/results.pkl
[>>>>>>>>>>>>>>>>>>>>>>>>>>>> ] 72/81, 3.1 task/s, elapsed: 23s, ETA: 3s
