Current compile soc version is Ascend910B3
-- The C compiler identification is GNU 10.3.1
-- The CXX compiler identification is GNU 10.3.1
-- Detecting C compiler ABI info
-- Detecting C compiler ABI info - done
-- Check for working C compiler: /usr/bin/cc - skipped
-- Detecting C compile features
-- Detecting C compile features - done
-- Detecting CXX compiler ABI info
-- Detecting CXX compiler ABI info - done
-- Check for working CXX compiler: /usr/bin/c++ - skipped
-- Detecting CXX compile features
-- Detecting CXX compile features - done
-- Configuring done
-- Generating done
-- Build files have been written to: /root/tmp/pagerank/PageRank_v_3_0/build
[  2%] Creating directories for 'ascendc_kernels_npu_preprocess'
[  5%] No download step for 'ascendc_kernels_npu_preprocess'
[  8%] No update step for 'ascendc_kernels_npu_preprocess'
[ 11%] No patch step for 'ascendc_kernels_npu_preprocess'
[ 13%] Performing configure step for 'ascendc_kernels_npu_preprocess'
-- The C compiler identification is GNU 10.3.1
-- The CXX compiler identification is GNU 10.3.1
-- Detecting C compiler ABI info
-- Detecting C compiler ABI info - done
-- Check for working C compiler: /usr/bin/cc - skipped
-- Detecting C compile features
-- Detecting C compile features - done
-- Detecting CXX compiler ABI info
-- Detecting CXX compiler ABI info - done
-- Check for working CXX compiler: /usr/bin/c++ - skipped
-- Detecting CXX compile features
-- Detecting CXX compile features - done
-- Configuring done
-- Generating done
-- Build files have been written to: /root/tmp/pagerank/PageRank_v_3_0/build/ascendc_kernels_npu_preprocess-prefix/src/ascendc_kernels_npu_preprocess-build
[ 16%] Performing build step for 'ascendc_kernels_npu_preprocess'
[100%] Building CXX object CMakeFiles/aic_obj.dir/root/tmp/pagerank/PageRank_v_3_0/pagerank_custom.cpp.o
[100%] Building CXX object CMakeFiles/aiv_obj.dir/root/tmp/pagerank/PageRank_v_3_0/pagerank_custom.cpp.o
[100%] Building CXX object CMakeFiles/preprocess_obj.dir/root/tmp/pagerank/PageRank_v_3_0/pagerank_custom.cpp.o
[100%] Built target preprocess_obj
[100%] Built target aic_obj
[100%] Built target aiv_obj
[100%] Built target _host_cpp
[ 19%] No install step for 'ascendc_kernels_npu_preprocess'
[ 22%] Completed 'ascendc_kernels_npu_preprocess'
[ 22%] Built target ascendc_kernels_npu_preprocess
[ 27%] Creating directories for 'ascendc_kernels_npu_aic_device'
[ 30%] Creating directories for 'ascendc_kernels_npu_host'
[ 30%] Creating directories for 'ascendc_kernels_npu_aiv_device'
[ 38%] No download step for 'ascendc_kernels_npu_host'
[ 38%] No download step for 'ascendc_kernels_npu_aic_device'
[ 38%] No download step for 'ascendc_kernels_npu_aiv_device'
[ 44%] No update step for 'ascendc_kernels_npu_aiv_device'
[ 47%] No update step for 'ascendc_kernels_npu_host'
[ 47%] No update step for 'ascendc_kernels_npu_aic_device'
[ 52%] No patch step for 'ascendc_kernels_npu_aic_device'
[ 52%] No patch step for 'ascendc_kernels_npu_aiv_device'
[ 55%] No patch step for 'ascendc_kernels_npu_host'
[ 61%] Performing configure step for 'ascendc_kernels_npu_aic_device'
[ 61%] Performing configure step for 'ascendc_kernels_npu_aiv_device'
[ 63%] Performing configure step for 'ascendc_kernels_npu_host'
-- The C compiler identification is GNU 10.3.1
-- The C compiler identification is GNU 10.3.1
-- The C compiler identification is GNU 10.3.1
-- The CXX compiler identification is GNU 10.3.1
-- The CXX compiler identification is GNU 10.3.1
-- Check for working C compiler: /usr/bin/cc - skipped
-- Check for working C compiler: /usr/bin/cc - skipped
-- Check for working C compiler: /usr/bin/cc - skipped
-- Detecting C compile features
-- Detecting C compile features
-- Detecting C compile features
-- Detecting C compile features - done
-- Detecting C compile features - done
-- Generating done
-- Build files have been written to: /root/tmp/pagerank/PageRank_v_3_0/build/ascendc_kernels_npu_aic_device-prefix/src/ascendc_kernels_npu_aic_device-build
-- Generating done
-- Build files have been written to: /root/tmp/pagerank/PageRank_v_3_0/build/ascendc_kernels_npu_host-prefix/src/ascendc_kernels_npu_host-build
-- Build files have been written to: /root/tmp/pagerank/PageRank_v_3_0/build/ascendc_kernels_npu_aiv_device-prefix/src/ascendc_kernels_npu_aiv_device-build
[ 72%] Performing build step for 'ascendc_kernels_npu_aic_device'
[ 72%] Performing build step for 'ascendc_kernels_npu_host'
[ 72%] Performing build step for 'ascendc_kernels_npu_aiv_device'
[ 75%] No install step for 'ascendc_kernels_npu_aic_device'
[100%] Building CXX object CMakeFiles/host_bisheng_obj.dir/root/tmp/pagerank/PageRank_v_3_0/pagerank_custom.cpp.o
[100%] Building CXX object CMakeFiles/device_aiv_obj.dir/root/tmp/pagerank/PageRank_v_3_0/build/auto_gen/ascendc_kernels_npu/auto_gen_pagerank_custom.cpp.o
/usr/local/Ascend/ascend-toolkit/latest/bin/ascendc_pack_kernel /root/tmp/pagerank/PageRank_v_3_0/build/CMakeFiles/ascendc_kernels_npu_host_stub_obj.dir/auto_gen/ascendc_kernels_npu/host_stub.cpp.o /root/tmp/pagerank/PageRank_v_3_0/build/ascendc_kernels_npu_merge_obj_dir/device_aiv.o 1 /root/tmp/pagerank/PageRank_v_3_0/build/CMakeFiles/ascendc_kernels_npu_host_stub_obj.dir/auto_gen/ascendc_kernels_npu/host_stub.cpp.o
recompile: /usr/bin/c++ -fPIC -g -Wl,-z,relro -Wl,-z,now -Wl,-z,noexecstack -shared -Wl,-soname,libascendc_kernels_npu.so -o lib/libascendc_kernels_npu.so CMakeFiles/ascendc_kernels_npu_host_stub_obj.dir/auto_gen/ascendc_kernels_npu/host_stub.cpp.o /root/tmp/pagerank/PageRank_v_3_0/build/ascendc_kernels_npu_host_dir/objects-Debug/host_bisheng_obj/root/tmp/pagerank/PageRank_v_3_0/pagerank_custom.cpp.o    -L/usr/local/Ascend/ascend-toolkit/latest/lib64  -L/usr/local/Ascend/ascend-toolkit/latest/tools/simulator/Ascend910B3/lib  /usr/local/Ascend/ascend-toolkit/latest/lib64/libascendc_runtime.a -lascend_dump -lc_sec
[ 94%] Built target ascendc_kernels_npu
[ 97%] Building CXX object CMakeFiles/ascendc_kernels_bbit.dir/main.cpp.o
[100%] Linking CXX executable ascendc_kernels_bbit
[100%] Built target ascendc_kernels_bbit
opType=compute_msg, DumpHead: AIV-8, CoreType=AIV, block dim=32, total_block_num=32, block_remain_len=1048448, block_initial_space=1048576, rsv=0, magic=5aa5bccd
CANN Version: 8.0.RC3, TimeStamp: 20241026152044625
opType=compute_msg, DumpHead: AIV-9, CoreType=AIV, block dim=32, total_block_num=32, block_remain_len=1048448, block_initial_space=1048576, rsv=0, magic=5aa5bccd
CANN Version: 8.0.RC3, TimeStamp: 20241026152044625
opType=compute_msg, DumpHead: AIV-10, CoreType=AIV, block dim=32, total_block_num=32, block_remain_len=1048448, block_initial_space=1048576, rsv=0, magic=5aa5bccd
CANN Version: 8.0.RC3, TimeStamp: 20241026152044625
opType=compute_msg, DumpHead: AIV-11, CoreType=AIV, block dim=32, total_block_num=32, block_remain_len=1048448, block_initial_space=1048576, rsv=0, magic=5aa5bccd
CANN Version: 8.0.RC3, TimeStamp: 20241026152044625
opType=compute_msg, DumpHead: AIV-12, CoreType=AIV, block dim=32, total_block_num=32, block_remain_len=1048448, block_initial_space=1048576, rsv=0, magic=5aa5bccd
CANN Version: 8.0.RC3, TimeStamp: 20241026152044625
opType=compute_msg, DumpHead: AIV-13, CoreType=AIV, block dim=32, total_block_num=32, block_remain_len=1048448, block_initial_space=1048576, rsv=0, magic=5aa5bccd
CANN Version: 8.0.RC3, TimeStamp: 20241026152044625
================================ DATAFLOW METHOD =======================================
		Graph: nodes:335318, edges:15459350
		GTEPS: 0.020744
		Total Cost: 46.535 seconds 
================================ DATAFLOW METHOD =======================================
5e54dcf5d40488730ef1a1146d3954ee  output/value.bin
Rank | Node ID | Score
------------------------------
   1 |       1 | 0.020396
   2 |  120991 | 0.008172
   3 |    2259 | 0.008070
   4 |  170570 | 0.008024
   5 |  289915 | 0.008021
   6 |  118851 | 0.007990
   7 |   21751 | 0.007988
   8 |  302985 | 0.007988
   9 |   84954 | 0.007987
  10 |  232019 | 0.007942
  11 |   50099 | 0.007893
  12 |   23044 | 0.007883
  13 |  318268 | 0.007875
  14 |  319671 | 0.007845
  15 |  303790 | 0.007770
  16 |  174501 | 0.007589
  17 |   80958 | 0.007483
  18 |       2 | 0.007482
  19 |   52496 | 0.007466
  20 |  224968 | 0.007439
