Autocomplete enabled for the xbutil command
Autocomplete enabled for the xbmgmt command
XILINX_XRT : /opt/xilinx/xrt
PATH : /opt/xilinx/xrt/bin:/tools/Xilinx/Vitis_HLS/2023.2/bin:/tools/Xilinx/Model_Composer/2023.2/bin:/tools/Xilinx/Vitis/2023.2/bin:/tools/Xilinx/Vitis/2023.2/gnu/microblaze/lin/bin:/tools/Xilinx/Vitis/2023.2/gnu/microblaze/linux_toolchain/lin64_le/bin:/tools/Xilinx/Vitis/2023.2/gnu/aarch32/lin/gcc-arm-linux-gnueabi/bin:/tools/Xilinx/Vitis/2023.2/gnu/aarch32/lin/gcc-arm-none-eabi/bin:/tools/Xilinx/Vitis/2023.2/gnu/aarch64/lin/aarch64-linux/bin:/tools/Xilinx/Vitis/2023.2/gnu/aarch64/lin/aarch64-none/bin:/tools/Xilinx/Vitis/2023.2/gnu/armr5/lin/gcc-arm-none-eabi/bin:/tools/Xilinx/Vitis/2023.2/tps/lnx64/cmake-3.3.2/bin:/tools/Xilinx/Vitis/2023.2/aietools/bin:/tools/Xilinx/Vitis/2023.2/gnu/riscv/lin/riscv64-unknown-elf/bin:/tools/Xilinx/Vivado/2023.2/bin:/tools/Xilinx/DocNav:/usr/local/sbin:/usr/local/bin:/usr/sbin:/usr/bin:/sbin:/bin:/usr/games:/usr/local/games:/snap/bin
LD_LIBRARY_PATH : /opt/xilinx/xrt/lib
PYTHONPATH : /opt/xilinx/xrt/python
╔════════════════════════════╗
开始初始化XRT环境
╚════════════════════════════╝
√ 设备0初始化完成
√ 设备1初始化完成
√ 设备2初始化完成
√ 设备3初始化完成
√ 设备0内核创建完成
√ 设备1内核创建完成
√ 设备2内核创建完成
√ 设备3内核创建完成
╔════════════════════════════╗
加载预处理边数据
╚════════════════════════════╝
√ 加载组0边数据: 64110 条边
√ 加载组1边数据: 96719 条边
√ 加载组2边数据: 77785 条边
√ 加载组3边数据: 72757 条边
√ 加载组4边数据: 61575 条边
√ 加载组5边数据: 63314 条边
√ 加载组6边数据: 72227 条边
√ 加载组7边数据: 66141 条边
√ 加载组8边数据: 71131 条边
√ 加载组9边数据: 79871 条边
√ 加载组10边数据: 63340 条边
√ 加载组11边数据: 57722 条边
√ 加载组12边数据: 64293 条边
√ 加载组13边数据: 69328 条边
√ 加载组14边数据: 62177 条边
√ 加载组15边数据: 54254 条边
√ 加载组16边数据: 63396 条边
√ 加载组17边数据: 70121 条边
√ 加载组18边数据: 64854 条边
√ 加载组19边数据: 58083 条边
√ 加载组20边数据: 66405 条边
√ 加载组21边数据: 46305 条边
√ 加载组22边数据: 64001 条边
√ 加载组23边数据: 66160 条边
√ 加载组24边数据: 63125 条边
√ 加载组25边数据: 53234 条边
√ 加载组26边数据: 56881 条边
√ 加载组27边数据: 63660 条边
√ 加载组28边数据: 61528 条边
√ 加载组29边数据: 75445 条边
√ 加载组30边数据: 66338 条边
√ 加载组31边数据: 68178 条边
√ 加载组32边数据: 52701 条边
√ 加载组33边数据: 64294 条边
√ 加载组34边数据: 57337 条边
√ 加载组35边数据: 51141 条边
√ 加载组36边数据: 70170 条边
√ 加载组37边数据: 54430 条边
√ 加载组38边数据: 76869 条边
√ 加载组39边数据: 76115 条边
√ 加载组40边数据: 62908 条边
√ 加载组41边数据: 67711 条边
√ 加载组42边数据: 67011 条边
√ 加载组43边数据: 52774 条边
√ 加载组44边数据: 63723 条边
√ 加载组45边数据: 60553 条边
√ 加载组46边数据: 60546 条边
√ 加载组47边数据: 57508 条边
√ 加载组48边数据: 71742 条边
√ 加载组49边数据: 63967 条边
√ 加载组50边数据: 81598 条边
√ 加载组51边数据: 59548 条边
√ 加载组52边数据: 66574 条边
√ 加载组53边数据: 61577 条边
√ 加载组54边数据: 60882 条边
√ 加载组55边数据: 56557 条边
√ 加载组56边数据: 61822 条边
√ 加载组57边数据: 61442 条边
√ 加载组58边数据: 63122 条边
√ 加载组59边数据: 84180 条边
√ 加载组60边数据: 61843 条边
√ 加载组61边数据: 63879 条边
√ 加载组62边数据: 55629 条边
√ 加载组63边数据: 60869 条边
√ 加载组64边数据: 51375 条边
√ 加载组65边数据: 59073 条边
√ 加载组66边数据: 57096 条边
√ 加载组67边数据: 53966 条边
√ 加载组68边数据: 59567 条边
√ 加载组69边数据: 62649 条边
√ 加载组70边数据: 74077 条边
√ 加载组71边数据: 76512 条边
√ 加载组72边数据: 64276 条边
√ 加载组73边数据: 60996 条边
√ 加载组74边数据: 63510 条边
√ 加载组75边数据: 64195 条边
√ 加载组76边数据: 63613 条边
√ 加载组77边数据: 58306 条边
√ 加载组78边数据: 60086 条边
√ 加载组79边数据: 60954 条边
√ 加载组80边数据: 65016 条边
√ 加载组81边数据: 68347 条边
√ 加载组82边数据: 49233 条边
√ 加载组83边数据: 52855 条边
√ 加载组84边数据: 54807 条边
√ 加载组85边数据: 63684 条边
√ 加载组86边数据: 63737 条边
√ 加载组87边数据: 70873 条边
√ 加载组88边数据: 64343 条边
√ 加载组89边数据: 51116 条边
√ 加载组90边数据: 61999 条边
√ 加载组91边数据: 45770 条边
√ 加载组92边数据: 59175 条边
√ 加载组93边数据: 62787 条边
√ 加载组94边数据: 75444 条边
√ 加载组95边数据: 80039 条边
√ 加载组96边数据: 68004 条边
√ 加载组97边数据: 55946 条边
√ 加载组98边数据: 82540 条边
597 条边
√ 加载组100边数据: 52221 条边
√ 加载组101边数据: 59827 条边
√ 加载组102边数据: 55912 条边
√ 加载组103边数据: 68124 条边
√ 加载组104边数据: 61416 条边
√ 加载组105边数据: 54083 条边
√ 加载组106边数据: 63734 条边
√ 加载组107边数据: 79641 条边
√ 加载组108边数据: 67805 条边
√ 加载组109边数据: 62413 条边
√ 加载组110边数据: 60923 条边
√ 加载组111边数据: 50429 条边
√ 加载组112边数据: 55169 条边
√ 加载组113边数据: 58119 条边
√ 加载组114边数据: 52572 条边
√ 加载组115边数据: 66608 条边
√ 加载组116边数据: 68638 条边
√ 加载组117边数据: 57432 条边
√ 加载组118边数据: 58510 条边
√ 加载组119边数据: 69197 条边
╔════════════════════════════╗
加载压缩出度数据
╚════════════════════════════╝
√ 加载组0出度数据: 3328 字节
√ 加载组1出度数据: 3328 字节
√ 加载组2出度数据: 3328 字节
√ 加载组3出度数据: 3328 字节
√ 加载组4出度数据: 3328 字节
√ 加载组5出度数据: 3328 字节
√ 加载组6出度数据: 3328 字节
√ 加载组7出度数据: 3328 字节
√ 加载组8出度数据: 3328 字节
√ 加载组9出度数据: 3328 字节
√ 加载组10出度数据: 3328 字节
√ 加载组11出度数据: 3328 字节
√ 加载组12出度数据: 3328 字节
√ 加载组13出度数据: 3328 字节
√ 加载组14出度数据: 3328 字节
√ 加载组15出度数据: 3328 字节
√ 加载组16出度数据: 3328 字节
√ 加载组17出度数据: 3328 字节
√ 加载组18出度数据: 3328 字节
√ 加载组19出度数据: 3328 字节
√ 加载组20出度数据: 3328 字节
√ 加载组21出度数据: 3328 字节
√ 加载组22出度数据: 3328 字节
√ 加载组23出度数据: 3328 字节
√ 加载组24出度数据: 3328 字节
√ 加载组25出度数据: 3328 字节
√ 加载组26出度数据: 3328 字节
√ 加载组27出度数据: 3328 字节
√ 加载组28出度数据: 3328 字节
√ 加载组29出度数据: 3328 字节
√ 加载组30出度数据: 3328 字节
√ 加载组31出度数据: 3328 字节
√ 加载组32出度数据: 3328 字节
√ 加载组33出度数据: 3328 字节
√ 加载组34出度数据: 3328 字节
√ 加载组35出度数据: 3328 字节
√ 加载组36出度数据: 3328 字节
√ 加载组37出度数据: 3328 字节
√ 加载组38出度数据: 3328 字节
√ 加载组39出度数据: 3328 字节
√ 加载组40出度数据: 3328 字节
√ 加载组41出度数据: 3328 字节
√ 加载组42出度数据: 3328 字节
√ 加载组43出度数据: 3328 字节
√ 加载组44出度数据: 3328 字节
√ 加载组45出度数据: 3328 字节
√ 加载组46出度数据: 3328 字节
√ 加载组47出度数据: 3328 字节
√ 加载组48出度数据: 3328 字节
√ 加载组49出度数据: 3328 字节
√ 加载组50出度数据: 3328 字节
√ 加载组51出度数据: 3328 字节
√ 加载组52出度数据: 3328 字节
√ 加载组53出度数据: 3328 字节
√ 加载组54出度数据: 3328 字节
√ 加载组55出度数据: 3328 字节
√ 加载组56出度数据: 3328 字节
√ 加载组57出度数据: 3328 字节
√ 加载组58出度数据: 3328 字节
√ 加载组59出度数据: 3328 字节
√ 加载组60出度数据: 3328 字节
√ 加载组61出度数据: 3328 字节
√ 加载组62出度数据: 3328 字节
√ 加载组63出度数据: 3328 字节
√ 加载组64出度数据: 3328 字节
√ 加载组65出度数据: 3328 字节
√ 加载组66出度数据: 3328 字节
√ 加载组67出度数据: 3328 字节
√ 加载组68出度数据: 3328 字节
√ 加载组69出度数据: 3328 字节
√ 加载组70出度数据: 3328 字节
√ 加载组71出度数据: 3328 字节
√ 加载组72出度数据: 3328 字节
√ 加载组73出度数据: 3328 字节
√ 加载组74出度数据: 3328 字节
√ 加载组99边数据: 56 加载组75出度数据: 3328 字节
√ 加载组76出度数据: 3328 字节
√ 加载组77出度数据: 3328 字节
√ 加载组78出度数据: 3328 字节
√ 加载组79出度数据: 3328 字节
√ 加载组80出度数据: 3328 字节
√ 加载组81出度数据: 3328 字节
√ 加载组82出度数据: 3328 字节
√ 加载组83出度数据: 3328 字节
√ 加载组84出度数据: 3328 字节
√ 加载组85出度数据: 3328 字节
√ 加载组86出度数据: 3328 字节
√ 加载组87出度数据: 3328 字节
√ 加载组88出度数据: 3328 字节
√ 加载组89出度数据: 3328 字节
√ 加载组90出度数据: 3328 字节
√ 加载组91出度数据: 3328 字节
√ 加载组92出度数据: 3328 字节
√ 加载组93出度数据: 3328 字节
√ 加载组94出度数据: 3328 字节
√ 加载组95出度数据: 3328 字节
√ 加载组96出度数据: 3328 字节
√ 加载组97出度数据: 3328 字节
√ 加载组98出度数据: 3328 字节
√ 加载组99出度数据: 3328 字节
√ 加载组100出度数据: 3328 字节
√ 加载组101出度数据: 3328 字节
√ 加载组102出度数据: 3328 字节
√ 加载组103出度数据: 3328 字节
√ 加载组104出度数据: 3328 字节
√ 加载组105出度数据: 3328 字节
√ 加载组106出度数据: 3328 字节
√ 加载组107出度数据: 3328 字节
√ 加载组108出度数据: 3328 字节
√ 加载组109出度数据: 3328 字节
√ 加载组110出度数据: 3328 字节
√ 加载组111出度数据: 3328 字节
√ 加载组112出度数据: 3328 字节
√ 加载组113出度数据: 3328 字节
√ 加载组114出度数据: 3328 字节
√ 加载组115出度数据: 3328 字节
√ 加载组116出度数据: 3328 字节
√ 加载组117出度数据: 3328 字节
√ 加载组118出度数据: 3328 字节
√ 加载组119出度数据: 3328 字节
╔════════════════════════════╗
加载初始PR数据
╚════════════════════════════╝
√ 加载初始PR数据: 398080 字节
╔════════════════════════════╗
加载节点分组数据
╚════════════════════════════╝
√ 已加载分组节点数数据
设备0 总节点数: 43557
设备1 总节点数: 43530
设备2 总节点数: 43530
设备3 总节点数: 43530
√ 设备0HBM控制器创建完成
√ 设备1HBM控制器创建完成
√ 设备2HBM控制器创建完成
√ 设备3HBM控制器创建完成
√ 设备0HBM缓冲区分配完成
√ 设备1HBM缓冲区分配完成
√ 设备2HBM缓冲区分配完成
√ 设备3HBM缓冲区分配完成
√ 设备0内核参数设置完成
√ 设备1内核参数设置完成
√ 设备2内核参数设置完成
√ 设备3内核参数设置完成
╔════════════════════════════╗
启动所有内核
╚════════════════════════════╝
╔════════════════════════════╗
所有内核执行完成
╚════════════════════════════╝
总执行时间: 7992 微秒
总边数: 7600696
总节点数: 174147
Top 20 nodes: | Score
Rank | Node ID | -------------
1 | 159453 | 0.003471
2 | 78518 | 0.001432
3 | 133428 | 0.001427
4 | 144315 | 0.001420
5 | 158201 | 0.001416
6 | 20999 | 0.001414
7 | 20983 | 0.001412
8 | 115679 | 0.001412
9 | 143636 | 0.001398
10 | 46630 | 0.001394
11 | 108888 | 0.001392
12 | 19809 | 0.001387
13 | 124266 | 0.001385
14 | 116089 | 0.001347
15 | 123461 | 0.001346
16 | 48707 | 0.001325
17 | 74854 | 0.001323
18 | 74852 | 0.001309
19 | 48718 | 0.000591
20 | 48718 | 0.000591
GTEPS: 5.70632
