Autocomplete enabled for the xbutil command
Autocomplete enabled for the xbmgmt command
XILINX_XRT : /opt/xilinx/xrt
PATH : /opt/xilinx/xrt/bin:/tools/Xilinx/Vitis_HLS/2023.2/bin:/tools/Xilinx/Model_Composer/2023.2/bin:/tools/Xilinx/Vitis/2023.2/bin:/tools/Xilinx/Vitis/2023.2/gnu/microblaze/lin/bin:/tools/Xilinx/Vitis/2023.2/gnu/microblaze/linux_toolchain/lin64_le/bin:/tools/Xilinx/Vitis/2023.2/gnu/aarch32/lin/gcc-arm-linux-gnueabi/bin:/tools/Xilinx/Vitis/2023.2/gnu/aarch32/lin/gcc-arm-none-eabi/bin:/tools/Xilinx/Vitis/2023.2/gnu/aarch64/lin/aarch64-linux/bin:/tools/Xilinx/Vitis/2023.2/gnu/aarch64/lin/aarch64-none/bin:/tools/Xilinx/Vitis/2023.2/gnu/armr5/lin/gcc-arm-none-eabi/bin:/tools/Xilinx/Vitis/2023.2/tps/lnx64/cmake-3.3.2/bin:/tools/Xilinx/Vitis/2023.2/aietools/bin:/tools/Xilinx/Vitis/2023.2/gnu/riscv/lin/riscv64-unknown-elf/bin:/tools/Xilinx/Vivado/2023.2/bin:/tools/Xilinx/DocNav:/usr/local/sbin:/usr/local/bin:/usr/sbin:/usr/bin:/sbin:/bin:/usr/games:/usr/local/games:/snap/bin
LD_LIBRARY_PATH : /opt/xilinx/xrt/lib
PYTHONPATH : /opt/xilinx/xrt/python
╔════════════════════════════╗
开始初始化XRT环境
╚════════════════════════════╝
√ 设备0初始化完成
√ 设备1初始化完成
√ 设备2初始化完成
√ 设备3初始化完成
√ 设备0内核创建完成
√ 设备1内核创建完成
√ 设备2内核创建完成
√ 设备3内核创建完成
╔════════════════════════════╗
加载预处理边数据
╚════════════════════════════╝
√ 加载组0边数据: 239782 条边
√ 加载组1边数据: 307421 条边
√ 加载组2边数据: 292287 条边
√ 加载组3边数据: 252963 条边
√ 加载组4边数据: 263958 条边
√ 加载组5边数据: 283271 条边
√ 加载组6边数据: 242212 条边
√ 加载组7边数据: 252525 条边
√ 加载组8边数据: 216032 条边
√ 加载组9边数据: 266323 条边
√ 加载组10边数据: 256453 条边
√ 加载组11边数据: 253204 条边
√ 加载组12边数据: 258635 条边
√ 加载组13边数据: 228430 条边
√ 加载组14边数据: 243576 条边
√ 加载组15边数据: 250806 条边
√ 加载组16边数据: 244898 条边
√ 加载组17边数据: 250732 条边
√ 加载组18边数据: 289074 条边
√ 加载组19边数据: 304362 条边
√ 加载组20边数据: 257063 条边
√ 加载组21边数据: 245106 条边
√ 加载组22边数据: 288371 条边
√ 加载组23边数据: 245395 条边
√ 加载组24边数据: 254501 条边
√ 加载组25边数据: 291328 条边
√ 加载组26边数据: 300113 条边
√ 加载组27边数据: 284943 条边
√ 加载组28边数据: 246900 条边
√ 加载组29边数据: 294487 条边
√ 加载组30边数据: 257836 条边
√ 加载组31边数据: 252313 条边
√ 加载组32边数据: 234015 条边
√ 加载组33边数据: 260396 条边
√ 加载组34边数据: 292798 条边
√ 加载组35边数据: 240326 条边
√ 加载组36边数据: 270533 条边
√ 加载组37边数据: 263296 条边
√ 加载组38边数据: 272599 条边
√ 加载组39边数据: 255694 条边
√ 加载组40边数据: 239181 条边
√ 加载组41边数据: 240316 条边
√ 加载组42边数据: 233339 条边
√ 加载组43边数据: 256687 条边
√ 加载组44边数据: 263571 条边
√ 加载组45边数据: 257673 条边
√ 加载组46边数据: 243911 条边
√ 加载组47边数据: 267733 条边
√ 加载组48边数据: 302573 条边
√ 加载组49边数据: 286033 条边
√ 加载组50边数据: 234224 条边
√ 加载组51边数据: 263509 条边
√ 加载组52边数据: 284808 条边
√ 加载组53边数据: 281825 条边
√ 加载组54边数据: 243442 条边
√ 加载组55边数据: 256841 条边
√ 加载组56边数据: 237678 条边
√ 加载组57边数据: 253301 条边
√ 加载组58边数据: 235700 条边
√ 加载组59边数据: 277727 条边
√ 加载组60边数据: 266280 条边
√ 加载组61边数据: 242027 条边
√ 加载组62边数据: 267478 条边
√ 加载组63边数据: 265799 条边
√ 加载组64边数据: 252093 条边
√ 加载组65边数据: 305489 条边
√ 加载组66边数据: 294806 条边
√ 加载组67边数据: 278647 条边
√ 加载组68边数据: 233131 条边
√ 加载组69边数据: 297007 条边
√ 加载组70边数据: 272958 条边
√ 加载组71边数据: 258228 条边
√ 加载组72边数据: 244155 条边
√ 加载组73边数据: 258240 条边
√ 加载组74边数据: 264876 条边
√ 加载组75边数据: 213132 条边
√ 加载组76边数据: 244648 条边
√ 加载组77边数据: 226219 条边
√ 加载组78边数据: 216453 条边
√ 加载组79边数据: 257118 条边
√ 加载组80边数据: 264587 条边
√ 加载组81边数据: 260096 条边
√ 加载组82边数据: 265250 条边
√ 加载组83边数据: 260098 条边
√ 加载组84边数据: 233288 条边
√ 加载组85边数据: 229597 条边
√ 加载组86边数据: 238783 条边
√ 加载组87边数据: 219000 条边
√ 加载组88边数据: 261592 条边
√ 加载组89边数据: 253669 条边
√ 加载组90边数据: 246493 条边
√ 加载组91边数据: 265385 条边
√ 加载组92边数据: 270795 条边
√ 加载组93边数据: 246388 条边
√ 加载组94边数据: 253528 条边
√ 加载组95边数据: 278604 条边
√ 加载组96边数据: 263692 条边
√ 加组97边数据: 288929 条边
√ 加载组98边数据: 223933 条边
√ 加载组99边数据: 256395 条边
√ 加载组100边数据: 224506 条边
√ 加载组101边数据: 308405 条边
√ 加载组102边数据: 324175 条边
√ 加载组103边数据: 292009 条边
√ 加载组104边数据: 269238 条边
√ 加载组105边数据: 270018 条边
√ 加载组106边数据: 258020 条边
√ 加载组107边数据: 272913 条边
√ 加载组108边数据: 283239 条边
√ 加载组109边数据: 260826 条边
√ 加载组110边数据: 235650 条边
√ 加载组111边数据: 274029 条边
√ 加载组112边数据: 272521 条边
√ 加载组113边数据: 279090 条边
√ 加载组114边数据: 297202 条边
√ 加载组115边数据: 235764 条边
√ 加载组116边数据: 266818 条边
√ 加载组117边数据: 245276 条边
√ 加载组118边数据: 301378 条边
√ 加载组119边数据: 286850 条边
╔════════════════════════════╗
加载压缩出度数据
╚════════════════════════════╝
√ 加载组0出度数据: 12352 字节
√ 加载组1出度数据: 12352 字节
√ 加载组2出度数据: 12352 字节
√ 加载组3出度数据: 12352 字节
√ 加载组4出度数据: 12352 字节
√ 加载组5出度数据: 12352 字节
√ 加载组6出度数据: 12352 字节
√ 加载组7出度数据: 12352 字节
√ 加载组8出度数据: 12352 字节
√ 加载组9出度数据: 12352 字节
√ 加载组10出度数据: 12352 字节
√ 加载组11出度数据: 12352 字节
√ 加载组12出度数据: 12352 字节
√ 加载组13出度数据: 12352 字节
√ 加载组14出度数据: 12352 字节
√ 加载组15出度数据: 12352 字节
√ 加载组16出度数据: 12352 字节
√ 加载组17出度数据: 12352 字节
√ 加载组18出度数据: 12352 字节
√ 加载组19出度数据: 12352 字节
√ 加载组20出度数据: 12352 字节
√ 加载组21出度数据: 12352 字节
√ 加载组22出度数据: 12352 字节
√ 加载组23出度数据: 12352 字节
√ 加载组24出度数据: 12352 字节
√ 加载组25出度数据: 12352 字节
√ 加载组26出度数据: 12352 字节
√ 加载组27出度数据: 12352 字节
√ 加载组28出度数据: 12352 字节
√ 加载组29出度数据: 12352 字节
√ 加载组30出度数据: 12352 字节
√ 加载组31出度数据: 12352 字节
√ 加载组32出度数据: 12352 字节
√ 加载组33出度数据: 12352 字节
√ 加载组34出度数据: 12352 字节
√ 加载组35出度数据: 12352 字节
√ 加载组36出度数据: 12352 字节
√ 加载组37出度数据: 12352 字节
√ 加载组38出度数据: 12352 字节
√ 加载组39出度数据: 12352 字节
√ 加载组40出度数据: 12352 字节
√ 加载组41出度数据: 12352 字节
√ 加载组42出度数据: 12352 字节
√ 加载组43出度数据: 12352 字节
√ 加载组44出度数据: 12352 字节
√ 加载组45出度数据: 12352 字节
√ 加载组46出度数据: 12352 字节
√ 加载组47出度数据: 12352 字节
√ 加载组48出度数据: 12352 字节
√ 加载组49出度数据: 12352 字节
√ 加载组50出度数据: 12352 字节
√ 加载组51出度数据: 12352 字节
√ 加载组52出度数据: 12352 字节
√ 加载组53出度数据: 12352 字节
√ 加载组54出度数据: 12352 字节
√ 加载组55出度数据: 12352 字节
√ 加载组56出度数据: 12352 字节
√ 加载组57出度数据: 12352 字节
√ 加载组58出度数据: 12352 字节
√ 加载组59出度数据: 12352 字节
√ 加载组60出度数据: 12352 字节
√ 加载组61出度数据: 12352 字节
√ 加载组62出度数据: 12352 字节
√ 加载组63出度数据: 12352 字节
√ 加载组64出度数据: 12352 字节
√ 加载组65出度数据: 12352 字节
√ 加载组66出度数据: 12352 字节
√ 加载组67出度数据: 12352 字节
√ 加载组68出度数据: 12352 字节
√ 加载组69出度数据: 12352 字节
度数据: 12352 字节
√ 加载组71出度数据: 12352 字节
√ 加载组72出度数据: 12352 字节
√ 加载组73出度数据: 12352 字节
√ 加载组74出度数据: 12352 字节
√ 加载组75出度数据: 12352 字节
√ 加载组76出度数据: 12352 字节
√ 加载组77出度数据: 12352 字节
√ 加载组78出度数据: 12352 字节
√ 加载组79出度数据: 12352 字节
√ 加载组80出度数据: 12352 字节
√ 加载组81出度数据: 12352 字节
√ 加载组82出度数据: 12352 字节
√ 加载组83出度数据: 12352 字节
√ 加载组84出度数据: 12352 字节
√ 加载组85出度数据: 12352 字节
√ 加载组86出度数据: 12352 字节
√ 加载组87出度数据: 12352 字节
√ 加载组88出度数据: 12352 字节
√ 加载组89出度数据: 12352 字节
√ 加载组90出度数据: 12352 字节
√ 加载组91出度数据: 12352 字节
√ 加载组92出度数据: 12352 字节
√ 加载组93出度数据: 12352 字节
√ 加载组94出度数据: 12352 字节
√ 加载组95出度数据: 12352 字节
√ 加载组96出度数据: 12352 字节
√ 加载组97出度数据: 12352 字节
√ 加载组98出度数据: 12352 字节
√ 加载组99出度数据: 12352 字节
√ 加载组100出度数据: 12352 字节
√ 加载组101出度数据: 12352 字节
√ 加载组102出度数据: 12352 字节
√ 加载组103出度数据: 12352 字节
√ 加载组104出度数据: 12352 字节
√ 加载组105出度数据: 12352 字节
√ 加载组106出度数据: 12352 字节
√ 加载组107出度数据: 12352 字节
√ 加载组108出度数据: 12352 字节
√ 加载组109出度数据: 12352 字节
√ 加载组110出度数据: 12352 字节
√ 加载组111出度数据: 12352 字节
√ 加载组112出度数据: 12352 字节
√ 加载组113出度数据: 12352 字节
√ 加载组114出度数据: 12352 字节
√ 加载组115出度数据: 12352 字节
√ 加载组116出度数据: 12352 字节
√ 加载组117出度数据: 12352 字节
√ 加载组118出度数据: 12352 字节
√ 加载组119出度数据: 12352 字节
╔════════════════════════════╗
加载初始PR数据
╚════════════════════════════╝
√ 加载初始PR数据: 1476160 字节
╔════════════════════════════╗
加载节点分组数据
╚════════════════════════════╝
√ 已加载分组节点数数据
设备0 总节点数: 161459
设备1 总节点数: 161460
设备2 总节点数: 161460
设备3 总节点数: 161441
√ 设备0HBM控制器创建完成
√ 设备1HBM控制器创建完成
√ 设备2HBM控制器创建完成
√ 设备3HBM控制器创建完成
√ 加载组70√ 设备0HBM缓冲区分配完成
√ 设备1HBM缓冲区分配完成
√ 设备2HBM缓冲区分配完成
√ 设备3HBM缓冲区分配完成
√ 设备0内核参数设置完成
√ 设备1内核参数设置完成
√ 设备2内核参数设置完成
√ 设备3内核参数设置完成
╔════════════════════════════╗
启动所有内核
╚════════════════════════════╝
╔════════════════════════════╗
所有内核执行完成
╚════════════════════════════╝
总执行时间: 24282 微秒
总边数: 31361722
总节点数: 645820
Top 20 nodes: | Score
Rank | Node ID | -------------
1 | 33071 | 0.002199
2 | 326632 | 0.000885
3 | 326708 | 0.000860
4 | 9341 | 0.000857
5 | 426782 | 0.000855
6 | 101469 | 0.000852
7 | 139212 | 0.000851
8 | 544319 | 0.000850
9 | 194255 | 0.000850
10 | 34541 | 0.000847
11 | 261692 | 0.000844
12 | 141625 | 0.000833
13 | 64385 | 0.000826
14 | 36022 | 0.000824
15 | 433913 | 0.000810
16 | 199033 | 0.000809
17 | 530778 | 0.000808
18 | 254027 | 0.000806
19 | 97431 | 0.000805
20 | 2 | 0.000801
GTEPS: 7.7494