Current compile soc version is Ascend910B3
-- The C compiler identification is GNU 10.3.1
-- The CXX compiler identification is GNU 10.3.1
-- Detecting C compiler ABI info
-- Detecting C compiler ABI info - done
-- Check for working C compiler: /usr/bin/cc - skippede
-- Configuring done
-- Generating done
-- Build files have been written to: /root/tmp/pagerank/PageRank_v_3_0/build
[  2%] Creating directories for 'ascendc_kernels_npu_preprocess'
[  5%] No download step for 'ascendc_kernels_npu_preprocess'
[  8%] No update step for 'ascendc_kernels_npu_preprocess'
[ 11%] No patch step for 'ascendc_kernels_npu_preprocess'
[ 13%] Performing configure step for 'ascendc_kernels_npu_preprocess'
-- The C compiler identification is GNU 10.3.1
-- The CXX compiler identification is GNU 10.3.1
-- Detecting C compiler ABI info
-- Detecting C compiler ABI info - done
-- Check for working C compiler: /usr/bin/cc - skipped
-- Detecting C compile features
-- Detecting C compile features - done
-- Detecting CXX compiler ABI info
-- Detecting CXX compiler ABI info - done
-- Check for working CXX compiler: /usr/bin/c++ - skipped
-- Detecting CXX compile features
-- Detecting CXX compile features - done
-- Configuring done
-- Generating done
-- Build files have been written to: /root/tmp/pagerank/PageRank_v_3_0/build/ascendc_kernels_npu_preprocess-prefix/src/ascendc_kernels_npu_preprocess-build
[ 16%] Performing build step for 'ascendc_kernels_npu_preprocess'
[ 55%] No patch step for 'ascendc_kernels_npu_host'
[ 55%] No patch step for 'ascendc_kernels_npu_aiv_device'
[ 63%] Performing configure step for 'ascendc_kernels_npu_aiv_device'
[ 63%] Performing configure step for 'ascendc_kernels_npu_host'
[ 63%] Performing configure step for 'ascendc_kernels_npu_aic_device'
-- The C compiler identification is GNU 10.3.1
-- The C compiler identification is GNU 10.3.1
-- The C compiler identification is GNU 10.3.1
-- The CXX compiler identification is GNU 10.3.1
-- The CXX compiler identification is GNU 10.3.1
-- The CXX compiler identification is GNU 10.3.1
-- Detecting C compiler ABI info
-- Detecting C compiler ABI info
-- Detecting C compiler ABI info
-- Detecting C compiler ABI info - done
-- Detecting C compiler ABI info - done
-- Detecting C compiler ABI info - done
-- Check for working C compiler: /usr/bin/cc - skipped
-- Detecting C compile features
-- Detecting C compile features - done
-- Detecting CXX compiler ABI info
-- Check for working C compiler: /usr/bin/cc - skipped
-- Check for working C compiler: /usr/bin/cc - skipped
-- Detecting C compile features
-- Detecting C compile features
-- Detecting C compile features - done
-- Detecting C compile features - done
-- Detecting CXX compiler ABI info
-- Detecting CXX compiler ABI info
-- Detecting CXX compiler ABI info - done
-- Detecting CXX compiler ABI info - done
-- Detecting CXX compiler ABI info - done
-- Check for working CXX compiler: /usr/bin/c++ - skipped
-- Detecting CXX compile features
-- Detecting CXX compile features - done
-- Configuring done
-- Check for working CXX compiler: /usr/bin/c++ - skipped
-- Detecting CXX compile features
-- Detecting CXX compile features - done
-- Generating done
-- Build files have been written to: /root/tmp/pagerank/PageRank_v_3_0/build/ascendc_kernels_npu_aiv_device-prefix/src/ascendc_kernels_npu_aiv_device-build
-- Check for working CXX compiler: /usr/bin/c++ - skipped
-- Detecting CXX compile features
-- Configuring done
-- Detecting CXX compile features - done
-- Generating done
-- Configuring done
-- Build files have been written to: /root/tmp/pagerank/PageRank_v_3_0/build/ascendc_kernels_npu_aic_device-prefix/src/ascendc_kernels_npu_aic_device-build
-- Generating done
-- Build files have been written to: /root/tmp/pagerank/PageRank_v_3_0/build/ascendc_kernels_npu_host-prefix/src/ascendc_kernels_npu_host-build
[ 66%] Performing build step for 'ascendc_kernels_npu_aiv_device'
[ 69%] Performing build step for 'ascendc_kernels_npu_aic_device'
[ 72%] Performing build step for 'ascendc_kernels_npu_host'
[ 75%] No install step for 'ascendc_kernels_npu_aic_device'
[100%] Building CXX object CMakeFiles/device_aiv_obj.dir/root/tmp/pagerank/PageRank_v_3_0/build/auto_gen/ascendc_kernels_npu/auto_gen_pagerank_custom.cpp.o
[100%] Building CXX object CMakeFiles/host_bisheng_obj.dir/root/tmp/pagerank/PageRank_v_3_0/pagerank_custom.cpp.o
[ 77%] Completed 'ascendc_kernels_npu_aic_device'
[ 77%] Built target ascendc_kernels_npu_aic_device
[100%] Built target host_bisheng_obj
[ 80%] Performing install step for 'ascendc_kernels_npu_host'
Consolidate compiler generated dependencies of target host_bisheng_obj
[100%] Building CXX object CMakeFiles/host_bisheng_obj.dir/root/tmp/pagerank/PageRank_v_3_0/pagerank_custom.cpp.o
[100%] Built target host_bisheng_obj
Install the project...
-- Install configuration: "Debug"
-- Installing: /root/tmp/pagerank/PageRank_v_3_0/build/ascendc_kernels_npu_host_dir/./objects-Debug/host_bisheng_obj/root/tmp/pagerank/PageRank_v_3_0/pagerank_custom.cpp.o
[ 83%] Completed 'ascendc_kernels_npu_host'
[ 83%] Built target ascendc_kernels_npu_host
[100%] Built target device_aiv_obj
/usr/local/Ascend/ascend-toolkit/latest/tools/ccec_compiler/bin/ld.lld  -m aicorelinux -r  -Ttext=0 /root/tmp/pagerank/PageRank_v_3_0/build/ascendc_kernels_npu_aiv_device-prefix/src/ascendc_kernels_npu_aiv_device-build/CMakeFiles/device_aiv_obj.dir/root/tmp/pagerank/PageRank_v_3_0/build/auto_gen/ascendc_kernels_npu/auto_gen_pagerank_custom.cpp.o -static -o /root/tmp/pagerank/PageRank_v_3_0/build/ascendc_kernels_npu_aiv_device_dir/device_aiv.o
[100%] Built target merge_aiv_device_obj
[ 86%] No install step for 'ascendc_kernels_npu_aiv_device'
[ 88%] Completed 'ascendc_kernels_npu_aiv_device'
[ 88%] Built target ascendc_kernels_npu_aiv_device
[100%] Built target ascendc_kernels_bbit
-- Install configuration: "Debug"
-- Installing: /root/tmp/pagerank/PageRank_v_3_0/out/lib64/libascendc_kernels_npu.so
-- Installing: /root/tmp/pagerank/PageRank_v_3_0/out/include
-- Installing: /root/tmp/pagerank/PageRank_v_3_0/out/include/ascendc_kernels_npu
-- Installing: /root/tmp/pagerank/PageRank_v_3_0/out/include/ascendc_kernels_npu/aclrtlaunch_kernelTmp.h
-- Installing: /root/tmp/pagerank/PageRank_v_3_0/out/include/ascendc_kernels_npu/aclrtlaunch_foo_float.h
-- Installing: /root/tmp/pagerank/PageRank_v_3_0/out/include/ascendc_kernels_npu/aclrtlaunch_triple_chevrons_func.h
-- Installing: /root/tmp/pagerank/PageRank_v_3_0/out/include/ascendc_kernels_npu/aclrtlaunch_reset_value.h
-- Installing: /root/tmp/pagerank/PageRank_v_3_0/out/include/ascendc_kernels_npu/aclrtlaunch_compute_msg.h
-- Installing: /root/tmp/pagerank/PageRank_v_3_0/out/include/ascendc_kernels_npu/aclrtlaunch_aggregate_msg_split.h
-- Installing: /root/tmp/pagerank/PageRank_v_3_0/out/include/ascendc_kernels_npu/aclrtlaunch_aggregate_msg.h
-- Installing: /root/tmp/pagerank/PageRank_v_3_0/out/bin/ascendc_kernels_bbit
Graph: nodes:174147, edges:7600696
opType=compute_msg, DumpHead: AIV-0, CoreType=AIV, block dim=32, total_block_num=32, block_remain_len=1048408, block_initial_space=1048576, rsv=0, magic=5aa5bccd
CANN Version: 8.0.RC3, TimeStamp: 20241026152044625
Compute Message ...
opType=compute_msg, DumpHead: AIV-1, CoreType=AIV, block dim=32, total_block_num=32, block_remain_len=1048448, block_initial_space=1048576, rsv=0, magic=5aa5bccd
opType=reset_value, DumpHead: AIV-21, CoreType=AIV, block dim=32, total_block_num=32, block_remain_len=1048448, block_initial_space=1048576, rsv=0, magic=5aa5bccd
CANN Version: 8.0.RC3, TimeStamp: 20241026152044625
opType=reset_value, DumpHead: AIV-22, CoreType=AIV, block dim=32, total_block_num=32, block_remain_len=1048448, block_initial_space=1048576, rsv=0, magic=5aa5bccd
CANN Version: 8.0.RC3, TimeStamp: 20241026152044625
opType=reset_value, DumpHead: AIV-23, CoreType=AIV, block dim=32, total_block_num=32, block_remain_len=1048448, block_initial_space=1048576, rsv=0, magic=5aa5bccd
CANN Version: 8.0.RC3, TimeStamp: 20241026152044625
opType=reset_value, DumpHead: AIV-24, CoreType=AIV, block dim=32, total_block_num=32, block_remain_len=1048448, block_initial_space=1048576, rsv=0, magic=5aa5bccd
CANN Version: 8.0.RC3, TimeStamp: 20241026152044625
opType=reset_value, DumpHead: AIV-25, CoreType=AIV, block dim=32, total_block_num=32, block_remain_len=1048448, block_initial_space=1048576, rsv=0, magic=5aa5bccd
CANN Version: 8.0.RC3, TimeStamp: 20241026152044625
opType=reset_value, DumpHead: AIV-26, CoreType=AIV, block dim=32, total_block_num=32, block_remain_len=1048448, block_initial_space=1048576, rsv=0, magic=5aa5bccd
CANN Version: 8.0.RC3, TimeStamp: 20241026152044625
opType=reset_value, DumpHead: AIV-27, CoreType=AIV, block dim=32, total_block_num=32, block_remain_len=1048448, block_initial_space=1048576, rsv=0, magic=5aa5bccd
CANN Version: 8.0.RC3, TimeStamp: 20241026152044625
opType=reset_value, DumpHead: AIV-28, CoreType=AIV, block dim=32, total_block_num=32, block_remain_len=1048448, block_initial_space=1048576, rsv=0, magic=5aa5bccd
CANN Version: 8.0.RC3, TimeStamp: 20241026152044625
opType=reset_value, DumpHead: AIV-29, CoreType=AIV, block dim=32, total_block_num=32, block_remain_len=1048448, block_initial_space=1048576, rsv=0, magic=5aa5bccd
CANN Version: 8.0.RC3, TimeStamp: 20241026152044625
opType=reset_value, DumpHead: AIV-30, CoreType=AIV, block dim=32, total_block_num=32, block_remain_len=1048448, block_initial_space=1048576, rsv=0, magic=5aa5bccd
CANN Version: 8.0.RC3, TimeStamp: 20241026152044625
opType=reset_value, DumpHead: AIV-31, CoreType=AIV, block dim=32, total_block_num=32, block_remain_len=1048448, block_initial_space=1048576, rsv=0, magic=5aa5bccd
CANN Version: 8.0.RC3, TimeStamp: 20241026152044625
opType=reset_value, DumpHead: AIV-0, CoreType=AIV, block dim=32, total_block_num=32, block_remain_len=1048408, block_initial_space=1048576, rsv=0, magic=5aa5bccd
CANN Version: 8.0.RC3, TimeStamp: 20241026152044625
Reset Value ...
opType=reset_value, DumpHead: AIV-1, CoreType=AIV, block dim=32, total_block_num=32, block_remain_len=1048448, block_initial_space=1048576, rsv=0, magic=5aa5bccd
CANN Version: 8.0.RC3, TimeStamp: 20241026152044625
opType=reset_value, DumpHead: AIV-2, CoreType=AIV, block dim=32, total_block_num=32, block_remain_len=1048448, block_initial_space=1048576, rsv=0, magic=5aa5bccd
CANN Version: 8.0.RC3, TimeStamp: 20241026152044625
opType=reset_value, DumpHead: AIV-3, CoreType=AIV, block dim=32, total_block_num=32, block_remain_len=1048448, block_initial_space=1048576, rsv=0, magic=5aa5bccd
CANN Version: 8.0.RC3, TimeStamp: 20241026152044625
opType=reset_value, DumpHead: AIV-4, CoreType=AIV, block dim=32, total_block_num=32, block_remain_len=1048448, block_initial_space=1048576, rsv=0, magic=5aa5bccd
CANN Version: 8.0.RC3, TimeStamp: 20241026152044625
opType=reset_value, DumpHead: AIV-5, CoreType=AIV, block dim=32, total_block_num=32, block_remain_len=1048448, block_initial_space=1048576, rsv=0, magic=5aa5bccd
CANN Version: 8.0.RC3, TimeStamp: 20241026152044625
opType=reset_value, DumpHead: AIV-6, CoreType=AIV, block dim=32, total_block_num=32, block_remain_len=1048448, block_initial_space=1048576, rsv=0, magic=5aa5bccd
CANN Version: 8.0.RC3, TimeStamp: 20241026152044625
opType=reset_value, DumpHead: AIV-7, CoreType=AIV, block dim=32, total_block_num=32, block_remain_len=1048448, block_initial_space=1048576, rsv=0, magic=5aa5bccd
CANN Version: 8.0.RC3, TimeStamp: 20241026152044625
opType=reset_value, DumpHead: AIV-8, CoreType=AIV, block dim=32, total_block_num=32, block_remain_len=1048448, block_initial_space=1048576, rsv=0, magic=5aa5bccd
CANN Version: 8.0.RC3, TimeStamp: 20241026152044625
opType=reset_value, DumpHead: AIV-9, CoreType=AIV, block dim=32, total_block_num=32, block_remain_len=1048448, block_initial_space=1048576, rsv=0, magic=5aa5bccd
CANN Version: 8.0.RC3, TimeStamp: 20241026152044625
opType=reset_value, DumpHead: AIV-10, CoreType=AIV, block dim=32, total_block_num=32, block_remain_len=1048448, block_initial_space=1048576, rsv=0, magic=5aa5bccd
CANN Version: 8.0.RC3, TimeStamp: 20241026152044625
opType=reset_value, DumpHead: AIV-11, CoreType=AIV, block dim=32, total_block_num=32, block_remain_len=1048448, block_initial_space=1048576, rsv=0, magic=5aa5bccd
CANN Version: 8.0.RC3, TimeStamp: 20241026152044625
opType=reset_value, DumpHead: AIV-12, CoreType=AIV, block dim=32, total_block_num=32, block_remain_len=1048448, block_initial_space=1048576, rsv=0, magic=5aa5bccd
CANN Version: 8.0.RC3, TimeStamp: 20241026152044625
opType=reset_value, DumpHead: AIV-13, CoreType=AIV, block dim=32, total_block_num=32, block_remain_len=1048448, block_initial_space=1048576, rsv=0, magic=5aa5bccd
CANN Version: 8.0.RC3, TimeStamp: 20241026152044625
opType=reset_value, DumpHead: AIV-14, CoreType=AIV, block dim=32, total_block_num=32, block_remain_len=1048448, block_initial_space=1048576, rsv=0, magic=5aa5bccd
CANN Version: 8.0.RC3, TimeStamp: 20241026152044625
opType=reset_value, DumpHead: AIV-15, CoreType=AIV, block dim=32, total_block_num=32, block_remain_len=1048448, block_initial_space=1048576, rsv=0, magic=5aa5bccd
CANN Version: 8.0.RC3, TimeStamp: 20241026152044625
opType=reset_value, DumpHead: AIV-16, CoreType=AIV, block dim=32, total_block_num=32, block_remain_len=1048448, block_initial_space=1048576, rsv=0, magic=5aa5bccd
CANN Version: 8.0.RC3, TimeStamp: 20241026152044625
opType=reset_value, DumpHead: AIV-17, CoreType=AIV, block dim=32, total_block_num=32, block_remain_len=1048448, block_initial_space=1048576, rsv=0, magic=5aa5bccd
CANN Version: 8.0.RC3, TimeStamp: 20241026152044625
opType=reset_value, DumpHead: AIV-18, CoreType=AIV, block dim=32, total_block_num=32, block_remain_len=1048448, block_initial_space=1048576, rsv=0, magic=5aa5bccd
CANN Version: 8.0.RC3, TimeStamp: 20241026152044625
opType=reset_value, DumpHead: AIV-19, CoreType=AIV, block dim=32, total_block_num=32, block_remain_len=1048448, block_initial_space=1048576, rsv=0, magic=5aa5bccd
CANN Version: 8.0.RC3, TimeStamp: 20241026152044625
opType=reset_value, DumpHead: AIV-20, CoreType=AIV, block dim=32, total_block_num=32, block_remain_len=1048448, block_initial_space=1048576, rsv=0, magic=5aa5bccd
CANN Version: 8.0.RC3, TimeStamp: 20241026152044625
opType=reset_value, DumpHead: AIV-21, CoreType=AIV, block dim=32, total_block_num=32, block_remain_len=1048448, block_initial_space=1048576, rsv=0, magic=5aa5bccd
CANN Version: 8.0.RC3, TimeStamp: 20241026152044625
opType=reset_value, DumpHead: AIV-22, CoreType=AIV, block dim=32, total_block_num=32, block_remain_len=1048448, block_initial_space=1048576, rsv=0, magic=5aa5bccd
CANN Version: 8.0.RC3, TimeStamp: 20241026152044625
opType=reset_value, DumpHead: AIV-23, CoreType=AIV, block dim=32, total_block_num=32, block_remain_len=1048448, block_initial_space=1048576, rsv=0, magic=5aa5bccd
CANN Version: 8.0.RC3, TimeStamp: 20241026152044625
opType=reset_value, DumpHead: AIV-24, CoreType=AIV, block dim=32, total_block_num=32, block_remain_len=1048448, block_initial_space=1048576, rsv=0, magic=5aa5bccd
CANN Version: 8.0.RC3, TimeStamp: 20241026152044625
opType=reset_value, DumpHead: AIV-25, CoreType=AIV, block dim=32, total_block_num=32, block_remain_len=1048448, block_initial_space=1048576, rsv=0, magic=5aa5bccd
CANN Version: 8.0.RC3, TimeStamp: 20241026152044625
opType=reset_value, DumpHead: AIV-26, CoreType=AIV, block dim=32, total_block_num=32, block_remain_len=1048448, block_initial_space=1048576, rsv=0, magic=5aa5bccd
CANN Version: 8.0.RC3, TimeStamp: 20241026152044625
opType=reset_value, DumpHead: AIV-27, CoreType=AIV, block dim=32, total_block_num=32, block_remain_len=1048448, block_initial_space=1048576, rsv=0, magic=5aa5bccd
CANN Version: 8.0.RC3, TimeStamp: 20241026152044625
opType=reset_value, DumpHead: AIV-28, CoreType=AIV, block dim=32, total_block_num=32, block_remain_len=1048448, block_initial_space=1048576, rsv=0, magic=5aa5bccd
CANN Version: 8.0.RC3, TimeStamp: 20241026152044625
opType=reset_value, DumpHead: AIV-29, CoreType=AIV, block dim=32, total_block_num=32, block_remain_len=1048448, block_initial_space=1048576, rsv=0, magic=5aa5bccd
CANN Version: 8.0.RC3, TimeStamp: 20241026152044625
opType=reset_value, DumpHead: AIV-30, CoreType=AIV, block dim=32, total_block_num=32, block_remain_len=1048448, block_initial_space=1048576, rsv=0, magic=5aa5bccd
CANN Version: 8.0.RC3, TimeStamp: 20241026152044625
opType=reset_value, DumpHead: AIV-31, CoreType=AIV, block dim=32, total_block_num=32, block_remain_len=1048448, block_initial_space=1048576, rsv=0, magic=5aa5bccd
CANN Version: 8.0.RC3, TimeStamp: 20241026152044625
opType=reset_value, DumpHead: AIV-0, CoreType=AIV, block dim=32, total_block_num=32, block_remain_len=1048408, block_initial_space=1048576, rsv=0, magic=5aa5bccd
CANN Version: 8.0.RC3, TimeStamp: 20241026152044625
Reset Value ...
opType=reset_value, DumpHead: AIV-1, CoreType=AIV, block dim=32, total_block_num=32, block_remain_len=1048448, block_initial_space=1048576, rsv=0, magic=5aa5bccd
CANN Version: 8.0.RC3, TimeStamp: 20241026152044625
opType=reset_value, DumpHead: AIV-2, CoreType=AIV, block dim=32, total_block_num=32, block_remain_len=1048448, block_initial_space=1048576, rsv=0, magic=5aa5bccd
CANN Version: 8.0.RC3, TimeStamp: 20241026152044625
opType=reset_value, DumpHead: AIV-3, CoreType=AIV, block dim=32, total_block_num=32, block_remain_len=1048448, block_initial_space=1048576, rsv=0, magic=5aa5bccd
CANN Version: 8.0.RC3, TimeStamp: 20241026152044625
opType=reset_value, DumpHead: AIV-4, CoreType=AIV, block dim=32, total_block_num=32, block_remain_len=1048448, block_initial_space=1048576, rsv=0, magic=5aa5bccd
CANN Version: 8.0.RC3, TimeStamp: 20241026152044625
opType=reset_value, DumpHead: AIV-5, CoreType=AIV, block dim=32, total_block_num=32, block_remain_len=1048448, block_initial_space=1048576, rsv=0, magic=5aa5bccd
CANN Version: 8.0.RC3, TimeStamp: 20241026152044625
opType=reset_value, DumpHead: AIV-6, CoreType=AIV, block dim=32, total_block_num=32, block_remain_len=1048448, block_initial_space=1048576, rsv=0, magic=5aa5bccd
CANN Version: 8.0.RC3, TimeStamp: 20241026152044625
opType=reset_value, DumpHead: AIV-7, CoreType=AIV, block dim=32, total_block_num=32, block_remain_len=1048448, block_initial_space=1048576, rsv=0, magic=5aa5bccd
CANN Version: 8.0.RC3, TimeStamp: 20241026152044625
opType=reset_value, DumpHead: AIV-8, CoreType=AIV, block dim=32, total_block_num=32, block_remain_len=1048448, block_initial_space=1048576, rsv=0, magic=5aa5bccd
CANN Version: 8.0.RC3, TimeStamp: 20241026152044625
opType=reset_value, DumpHead: AIV-31, CoreType=AIV, block dim=32, total_block_num=32, block_remain_len=1048448, block_initial_space=1048576, rsv=0, magic=5aa5bccd
CANN Version: 8.0.RC3, TimeStamp: 20241026152044625
================================ DATAFLOW METHOD =======================================
		Graph: nodes:174147, edges:7600696
		GTEPS: 0.009900
		Total Cost: 26.595 seconds 
================================ DATAFLOW METHOD =======================================
ed484ab75780668ac7c5a6c6fa6f85f6  output/value.bin
Rank | Node ID | Score
------------------------------
   1 |       1 | 0.023015
   2 |  159453 | 0.009317
   3 |   78518 | 0.009257
   4 |  144325 | 0.009256
   5 |  133418 | 0.009210
   6 |   20983 | 0.009206
   7 |  158201 | 0.009202
   8 |    2099 | 0.009172
   9 |  115679 | 0.009159
  10 |  143636 | 0.009091
  11 |  108888 | 0.009049
  12 |   46630 | 0.009049
  13 |   19869 | 0.009010
  14 |  124206 | 0.008975
  15 |  116089 | 0.008717
  16 |  123461 | 0.008710
  17 |   48707 | 0.008560
  18 |   74854 | 0.008547
  19 |       2 | 0.008437
  20 |   48718 | 0.003846
