╔════════════════════════════╗
    开始初始化XRT环境     
╚════════════════════════════╝
√ XRT初始化完成 
╔════════════════════════════╗
    加载预处理边数据     
╚════════════════════════════╝
√ 加载组0边数据: 4204763 条边
√ 加载组1边数据: 4243368 条边
√ 加载组2边数据: 4366279 条边
√ 加载组3边数据: 4360913 条边
√ 加载组4边数据: 4055356 条边
√ 加载组5边数据: 4183039 条边
√ 加载组6边数据: 4065357 条边
√ 加载组7边数据: 4505293 条边
√ 加载组8边数据: 4305785 条边
√ 加载组9边数据: 4063927 条边
√ 加载组10边数据: 4275264 条边
√ 加载组11边数据: 4278066 条边
√ 加载组12边数据: 4347605 条边
√ 加载组13边数据: 4275913 条边
√ 加载组14边数据: 4363061 条边
√ 加载组15边数据: 4179383 条边
√ 加载组16边数据: 4321128 条边
√ 加载组17边数据: 4278861 条边
√ 加载组18边数据: 4373519 条边
√ 加载组19边数据: 4249207 条边
√ 加载组20边数据: 4271153 条边
√ 加载组21边数据: 4351033 条边
√ 加载组22边数据: 4338448 条边
√ 加载组23边数据: 4285825 条边
√ 加载组24边数据: 4217832 条边
√ 加载组25边数据: 4239734 条边
√ 加载组26边数据: 4423346 条边
√ 加载组27边数据: 4126043 条边
√ 加载组28边数据: 4350251 条边
√ 加载组29边数据: 4294286 条边

╔════════════════════════════╗
     加载压缩出度数据     
╚════════════════════════════╝
√ 加载组0出度数据: 182400 字节
√ 加载组1出度数据: 182400 字节
√ 加载组2出度数据: 182400 字节
√ 加载组3出度数据: 182400 字节
√ 加载组4出度数据: 182400 字节
√ 加载组5出度数据: 182400 字节
√ 加载组6出度数据: 182400 字节
√ 加载组7出度数据: 182400 字节
√ 加载组8出度数据: 182400 字节
√ 加载组9出度数据: 182400 字节
√ 加载组10出度数据: 182400 字节
√ 加载组11出度数据: 182400 字节
√ 加载组12出度数据: 182400 字节
√ 加载组13出度数据: 182400 字节
√ 加载组14出度数据: 182400 字节
√ 加载组15出度数据: 182400 字节
√ 加载组16出度数据: 182400 字节
√ 加载组17出度数据: 182400 字节
√ 加载组18出度数据: 182400 字节
√ 加载组19出度数据: 182400 字节
√ 加载组20出度数据: 182400 字节
√ 加载组21出度数据: 182400 字节
√ 加载组22出度数据: 182400 字节
√ 加载组23出度数据: 182400 字节
√ 加载组24出度数据: 182400 字节
√ 加载组25出度数据: 182400 字节
√ 加载组26出度数据: 182400 字节
√ 加载组27出度数据: 182400 字节
√ 加载组28出度数据: 182400 字节
√ 加载组29出度数据: 182400 字节

╔════════════════════════════╗
    加载初始PR数据     
╚════════════════════════════╝
√ 加载初始PR数据: 5470400 字节

╔════════════════════════════╗
    加载节点分组数据     
╚════════════════════════════╝
√ 已加载分组节点数数据
 总节点数: 2393317

╔════════════════════════════╗
    启动内核             
╚════════════════════════════╝

╔════════════════════════════╗
    内核执行完成       
╚════════════════════════════╝
执行时间: 65614 微秒
总边数: 128194038
总节点数: 2393317
GTEPS: 1.95376