╔════════════════════════════╗
    开始初始化XRT环境     
╚════════════════════════════╝
√ 设备0初始化完成
√ 设备1初始化完成
√ 设备2初始化完成
√ 设备3初始化完成
√ 设备0内核创建完成
√ 设备1内核创建完成
√ 设备2内核创建完成
√ 设备3内核创建完成

╔════════════════════════════╗
    加载预处理边数据     
╚════════════════════════════╝
√ 加载组0边数据: 992649 条边
√ 加载组1边数据: 1230948 条边
√ 加载组2边数据: 1169648 条边
√ 加载组3边数据: 1115355 条边
√ 加载组4边数据: 1033428 条边
√ 加载组5边数据: 1048297 条边
√ 加载组6边数据: 995420 条边
√ 加载组7边数据: 1099351 条边
√ 加载组8边数据: 1166908 条边
√ 加载组9边数据: 1003356 条边
√ 加载组10边数据: 1091408 条边
√ 加载组11边数据: 1083885 条边


╔════════════════════════════╗
     加载压缩出度数据     
╚════════════════════════════╝
√ 加载组0出度数据: 45632 字节
√ 加载组1出度数据: 45632 字节
√ 加载组2出度数据: 45632 字节
√ 加载组3出度数据: 45632 字节
√ 加载组4出度数据: 45632 字节
√ 加载组5出度数据: 45632 字节
√ 加载组6出度数据: 45632 字节
√ 加载组7出度数据: 45632 字节


╔════════════════════════════╗
    加载初始PR数据     
╚════════════════════════════╝
√ 加载初始PR数据: 5470400 字节

╔════════════════════════════╗
    加载节点分组数据     
╚════════════════════════════╝
√ 已加载分组节点数数据
设备0 总节点数: 598325
设备1 总节点数: 598320
设备2 总节点数: 598320
设备3 总节点数: 598320
√ 设备0HBM控制器创建完成
√ 设备1HBM控制器创建完成
√ 设备2HBM控制器创建完成
√ 设备3HBM控制器创建完成
√ 设备0HBM缓冲区分配完成
√ 设备1HBM缓冲区分配完成
√ 设备2HBM缓冲区分配完成
√ 设备3HBM缓冲区分配完成
√ 设备0内核参数设置完成
√ 设备1内核参数设置完成
√ 设备2内核参数设置完成
√ 设备3内核参数设置完成

╔════════════════════════════╗
    启动所有内核       
╚════════════════════════════╝

╔════════════════════════════╗
    所有内核执行完成     
╚════════════════════════════╝
总执行时间: 18784 微秒
总边数: 128194128
总节点数: 2393285
GTEPS: 6.82464