╔════════════════════════════╗
    开始初始化XRT环境     
╚════════════════════════════╝
√ XRT初始化完成 
╔════════════════════════════╗
    加载预处理边数据     
╚════════════════════════════╝
√ 加载组0边数据: 1010388 条边
√ 加载组1边数据: 1067143 条边
√ 加载组2边数据: 1064572 条边
√ 加载组3边数据: 1025543 条边
√ 加载组4边数据: 1062374 条边
√ 加载组5边数据: 1107687 条边
√ 加载组6边数据: 1071240 条边
√ 加载组7边数据: 1083394 条边
√ 加载组8边数据: 945692 条边
√ 加载组9边数据: 1075416 条边
√ 加载组10边数据: 993095 条边
√ 加载组11边数据: 1060150 条边
√ 加载组12边数据: 1060301 条边
√ 加载组13边数据: 1035363 条边
√ 加载组14边数据: 1041258 条边
√ 加载组15边数据: 991626 条边
√ 加载组16边数据: 991474 条边
√ 加载组17边数据: 1017594 条边
√ 加载组18边数据: 1091336 条边
√ 加载组19边数据: 1108336 条边
√ 加载组20边数据: 991521 条边
√ 加载组21边数据: 1042737 条边
√ 加载组22边数据: 1110947 条边
√ 加载组23边数据: 1066405 条边
√ 加载组24边数据: 1028430 条边
√ 加载组25边数据: 1013527 条边
√ 加载组26边数据: 1043389 条边
√ 加载组27边数据: 1002517 条边
√ 加载组28边数据: 1045567 条边
√ 加载组29边数据: 1112730 条边

╔════════════════════════════╗
     加载压缩出度数据     
╚════════════════════════════╝
√ 加载组0出度数据: 49216 字节
√ 加载组1出度数据: 49216 字节
√ 加载组2出度数据: 49216 字节
√ 加载组3出度数据: 49216 字节
√ 加载组4出度数据: 49216 字节
√ 加载组5出度数据: 49216 字节
√ 加载组6出度数据: 49216 字节
√ 加载组7出度数据: 49216 字节
√ 加载组8出度数据: 49216 字节
√ 加载组9出度数据: 49216 字节
√ 加载组10出度数据: 49216 字节
√ 加载组11出度数据: 49216 字节
√ 加载组12出度数据: 49216 字节
√ 加载组13出度数据: 49216 字节
√ 加载组14出度数据: 49216 字节
√ 加载组15出度数据: 49216 字节
√ 加载组16出度数据: 49216 字节
√ 加载组17出度数据: 49216 字节
√ 加载组18出度数据: 49216 字节
√ 加载组19出度数据: 49216 字节
√ 加载组20出度数据: 49216 字节
√ 加载组21出度数据: 49216 字节
√ 加载组22出度数据: 49216 字节
√ 加载组23出度数据: 49216 字节
√ 加载组24出度数据: 49216 字节
√ 加载组25出度数据: 49216 字节
√ 加载组26出度数据: 49216 字节
√ 加载组27出度数据: 49216 字节
√ 加载组28出度数据: 49216 字节
√ 加载组29出度数据: 49216 字节

╔════════════════════════════╗
    加载初始PR数据     
╚════════════════════════════╝
√ 加载初始PR数据: 1476160 字节

╔════════════════════════════╗
    加载节点分组数据     
╚════════════════════════════╝
√ 已加载分组节点数数据
 总节点数: 645852

╔════════════════════════════╗
    启动内核             
╚════════════════════════════╝

╔════════════════════════════╗
    内核执行完成       
╚════════════════════════════╝
执行时间: 17315 微秒
总边数: 31361752
总节点数: 645852
GTEPS: 1.81125