╔════════════════════════════╗
    开始初始化XRT环境     
╚════════════════════════════╝
√ 设备0初始化完成
√ 设备1初始化完成
√ 设备2初始化完成
√ 设备3初始化完成
√ 设备0内核创建完成
√ 设备1内核创建完成
√ 设备2内核创建完成
√ 设备3内核创建完成

╔════════════════════════════╗
    加载预处理边数据     
╚════════════════════════════╝
√ 加载组0边数据: 64110 条边
√ 加载组1边数据: 96719 条边
√ 加载组2边数据: 77785 条边
√ 加载组3边数据: 72757 条边

╔════════════════════════════╗
     加载压缩出度数据     
╚════════════════════════════╝
√ 加载组0出度数据: 3328 字节
√ 加载组1出度数据: 3328 字节
√ 加载组2出度数据: 3328 字节
√ 加载组3出度数据: 3328 字节


╔════════════════════════════╗
    加载初始PR数据     
╚════════════════════════════╝
√ 加载初始PR数据: 398080 字节

╔════════════════════════════╗
    加载节点分组数据     
╚════════════════════════════╝
√ 已加载分组节点数数据
设备0 总节点数: 43557
设备1 总节点数: 43530
设备2 总节点数: 43530
设备3 总节点数: 43530
√ 设备0HBM控制器创建完成
√ 设备1HBM控制器创建完成
√ 设备2HBM控制器创建完成
√ 设备3HBM控制器创建完成
√ 设备0HBM缓冲区分配完成
√ 设备1HBM缓冲区分配完成
√ 设备2HBM缓冲区分配完成
√ 设备3HBM缓冲区分配完成
√ 设备0内核参数设置完成
√ 设备1内核参数设置完成
√ 设备2内核参数设置完成
√ 设备3内核参数设置完成

╔════════════════════════════╗
    启动所有内核       
╚════════════════════════════╝

╔════════════════════════════╗
    所有内核执行完成     
╚════════════════════════════╝
总执行时间: 1682 微秒
总边数: 7600816
总节点数: 174147
GTEPS: 4.51892