WARNING:tensorflow:From /root/miniconda3/envs/tf265/lib/python3.8/site-packages/tensorflow/python/compat/v2_compat.py:101: disable_resource_variables (from tensorflow.python.ops.variable_scope) is deprecated and will be removed in a future version.
Instructions for updating:
non-resource variables are not supported in the long term
2025-07-27 22:16:54.090466: W core/npu_wrapper.cpp:187] Unrecognized graph engine option atomic_clean_policy:0
2025-07-27 22:16:54.090576: W core/npu_wrapper.cpp:187] Unrecognized graph engine option compile_dynamic_mode:0
2025-07-27 22:16:54.090599: W core/npu_wrapper.cpp:187] Unrecognized graph engine option dump_debug_mode:all
2025-07-27 22:16:54.090616: W core/npu_wrapper.cpp:187] Unrecognized graph engine option dump_mode:output
2025-07-27 22:16:54.090629: W core/npu_wrapper.cpp:187] Unrecognized graph engine option enable_dump:0
2025-07-27 22:16:54.090643: W core/npu_wrapper.cpp:187] Unrecognized graph engine option enable_dump_debug:0
2025-07-27 22:16:54.090658: W core/npu_wrapper.cpp:187] Unrecognized graph engine option enable_graph_parallel:0
2025-07-27 22:16:54.090672: W core/npu_wrapper.cpp:187] Unrecognized graph engine option enable_small_channel:0
2025-07-27 22:16:54.090687: W core/npu_wrapper.cpp:187] Unrecognized graph engine option external_weight:0
2025-07-27 22:16:54.090701: W core/npu_wrapper.cpp:187] Unrecognized graph engine option hcom_parallel:1
2025-07-27 22:16:54.090714: W core/npu_wrapper.cpp:187] Unrecognized graph engine option input_fusion_size:131072
2025-07-27 22:16:54.090727: W core/npu_wrapper.cpp:187] Unrecognized graph engine option is_tailing_optimization:0
2025-07-27 22:16:54.090740: W core/npu_wrapper.cpp:187] Unrecognized graph engine option jit_compile:auto
2025-07-27 22:16:54.090773: I core/npu_wrapper.cpp:247] Start graph engine with options:
2025-07-27 22:16:54.090787: I core/npu_wrapper.cpp:249]   event_sync_timeout:-1
2025-07-27 22:16:54.090800: I core/npu_wrapper.cpp:249]   execute_times:-1
2025-07-27 22:16:54.090813: I core/npu_wrapper.cpp:249]   ge.deterministic:0
2025-07-27 22:16:54.090825: I core/npu_wrapper.cpp:249]   ge.exec.allow_hf32:1
2025-07-27 22:16:54.090838: I core/npu_wrapper.cpp:249]   ge.exec.deployMode:0
2025-07-27 22:16:54.090850: I core/npu_wrapper.cpp:249]   ge.exec.deviceId:0
2025-07-27 22:16:54.090863: I core/npu_wrapper.cpp:249]   ge.exec.dumpData:tensor
2025-07-27 22:16:54.090875: I core/npu_wrapper.cpp:249]   ge.exec.enable_exception_dump:2
2025-07-27 22:16:54.090887: I core/npu_wrapper.cpp:249]   ge.exec.hcclFlag:1
2025-07-27 22:16:54.090900: I core/npu_wrapper.cpp:249]   ge.exec.hccl_tailing_optimize:1
2025-07-27 22:16:54.090912: I core/npu_wrapper.cpp:249]   ge.exec.isUseHcom:1
2025-07-27 22:16:54.090924: I core/npu_wrapper.cpp:249]   ge.exec.logicalDeviceClusterDeployMode:LB
2025-07-27 22:16:54.090936: I core/npu_wrapper.cpp:249]   ge.exec.overflow:1
2025-07-27 22:16:54.090949: I core/npu_wrapper.cpp:249]   ge.exec.profilingMode:0
2025-07-27 22:16:54.090961: I core/npu_wrapper.cpp:249]   ge.exec.profilingOptions:{"output":".\/","training_trace":"on","task_trace":"on",                                             "hccl":"on","aicpu":"on","aic_metrics":"PipeUtilization",                                             "msproftx":"off"}
2025-07-27 22:16:54.090974: I core/npu_wrapper.cpp:249]   ge.exec.rankId:0
2025-07-27 22:16:54.090986: I core/npu_wrapper.cpp:249]   ge.exec.rankTableFile:/root/tmp/pagerank/PageRank_v_3_0/tensorflow/ranktable_4p.json
2025-07-27 22:16:54.090999: I core/npu_wrapper.cpp:249]   ge.exec.staticMemoryPolicy:0
2025-07-27 22:16:54.091011: I core/npu_wrapper.cpp:249]   ge.graphRunMode:1
2025-07-27 22:16:54.091024: I core/npu_wrapper.cpp:249]   ge.op_compiler_cache_mode:enable
2025-07-27 22:16:54.091036: I core/npu_wrapper.cpp:249]   ge.tuningPath:./
2025-07-27 22:16:54.091048: I core/npu_wrapper.cpp:249]   stream_sync_timeout:-1
2025-07-27 22:17:05.157722: I core/npu_wrapper.cpp:260] Start graph engine succeed
2025-07-27 22:17:05.182986: I core/npu_wrapper.cpp:266] Start tensorflow model parser succeed
2025-07-27 22:17:05.190541: I core/npu_wrapper.cpp:291] Create device instance /job:localhost/replica:0/task:0/device:NPU:0 with extra options:
2025-07-27 22:17:05.190625: W core/npu_wrapper.cpp:187] Unrecognized graph engine option _distribute.rank_id:0
2025-07-27 22:17:05.190656: W core/npu_wrapper.cpp:187] Unrecognized graph engine option _distribute.rank_table:/root/tmp/pagerank/PageRank_v_3_0/tensorflow/ranktable_4p.json
2025-07-27 22:17:05.190681: W core/npu_wrapper.cpp:187] Unrecognized graph engine option deterministic:0
2025-07-27 22:17:05.190698: W core/npu_wrapper.cpp:187] Unrecognized graph engine option dump_data:tensor
2025-07-27 22:17:05.190722: W core/npu_wrapper.cpp:187] Unrecognized graph engine option enable_exception_dump:2
2025-07-27 22:17:05.190739: W core/npu_wrapper.cpp:187] Unrecognized graph engine option enable_profiling:0
2025-07-27 22:17:05.190754: W core/npu_wrapper.cpp:187] Unrecognized graph engine option event_sync_timeout:-1
2025-07-27 22:17:05.190768: W core/npu_wrapper.cpp:187] Unrecognized graph engine option execute_times:-1
2025-07-27 22:17:05.190792: W core/npu_wrapper.cpp:187] Unrecognized graph engine option logical_device_cluster_deploy_mode:LB
2025-07-27 22:17:05.190807: W core/npu_wrapper.cpp:187] Unrecognized graph engine option op_compiler_cache_mode:enable
2025-07-27 22:17:05.190821: W core/npu_wrapper.cpp:187] Unrecognized graph engine option overflow_flag:1
2025-07-27 22:17:05.190834: W core/npu_wrapper.cpp:187] Unrecognized graph engine option profiling_options:{"output":".\/","training_trace":"on","task_trace":"on",                                             "hccl":"on","aicpu":"on","aic_metrics":"PipeUtilization",                                             "msproftx":"off"}
2025-07-27 22:17:05.190848: W core/npu_wrapper.cpp:187] Unrecognized graph engine option static_memory_policy:0
2025-07-27 22:17:05.190861: W core/npu_wrapper.cpp:187] Unrecognized graph engine option stream_sync_timeout:-1
2025-07-27 22:17:05.190874: W core/npu_wrapper.cpp:187] Unrecognized graph engine option work_path:./
2025-07-27 22:17:05.206839: I core/npu_logger.cpp:49] Npu stdout receiver of device 0 started
2025-07-27 22:17:05.207006: I core/npu_device_register.cpp:107] Npu device instance /job:localhost/replica:0/task:0/device:NPU:0 created
2025-07-27 22:18:34.567139: I ../../../../../../../../../../asl/tfadaptor/tf_adapter/kernels/geop_npu.cc:1130] The model has been compiled on the Ascend AI processor, current graph id is: 1
===> Parsed 15459350 edges, num_nodes = 335319
[RANK 0] Step 0, err = 1.267137
[RANK 0] Step 1, err = 0.247497
[RANK 0] Step 2, err = 0.042660
[RANK 0] Step 3, err = 0.011311
[RANK 0] Step 4, err = 0.002807
[RANK 0] Step 5, err = 0.000850
================================ TensorFlow METHOD =======================================
		Graph: nodes: 335318, edges: 15459350
		GTEPS: 0.019847
		Total Cost: 92.230 seconds
================================ TensorFlow METHOD =======================================

Printing top 20 node ids with their ranks
Rank | Node ID | Score
------------------------------
   1 |       1 | 0.002768
   2 |  120991 | 0.001114
   3 |    2259 | 0.001102
   4 |  170570 | 0.001096
   5 |  289915 | 0.001096
   6 |  302985 | 0.001092
   7 |   21751 | 0.001092
   8 |  118851 | 0.001091
   9 |   84954 | 0.001091
  10 |  232019 | 0.001085
  11 |   50099 | 0.001079
  12 |  318268 | 0.001076
  13 |   23044 | 0.001076
  14 |  319671 | 0.001073
  15 |  303790 | 0.001061
  16 |  174501 | 0.001037
  17 |   80958 | 0.001024
  18 |       2 | 0.001024
  19 |   52496 | 0.001022
  20 |  224968 | 0.001018
2025-07-27 22:18:37.484597: I core/npu_logger.cpp:58] Stopping npu stdout receiver of device 0
2025-07-27 22:18:37.485009: I core/npu_wrapper.cpp:312] Stop tensorflow model parser succeed
2025-07-27 22:18:37.485055: I core/npu_wrapper.cpp:322] Stop graph engine succeed
