WARNING:tensorflow:From /root/miniconda3/envs/tf265/lib/python3.8/site-packages/tensorflow/python/compat/v2_compat.py:101: disable_resource_variables (from tensorflow.python.ops.variable_scope) is deprecated and will be removed in a future version.
Instructions for updating:
non-resource variables are not supported in the long term
2025-07-27 18:41:27.295680: W core/npu_wrapper.cpp:187] Unrecognized graph engine option atomic_clean_policy:0
2025-07-27 18:41:27.295792: W core/npu_wrapper.cpp:187] Unrecognized graph engine option compile_dynamic_mode:0
2025-07-27 18:41:27.295819: W core/npu_wrapper.cpp:187] Unrecognized graph engine option dump_debug_mode:all
2025-07-27 18:41:27.295836: W core/npu_wrapper.cpp:187] Unrecognized graph engine option dump_mode:output
2025-07-27 18:41:27.295851: W core/npu_wrapper.cpp:187] Unrecognized graph engine option enable_dump:0
2025-07-27 18:41:27.295870: W core/npu_wrapper.cpp:187] Unrecognized graph engine option enable_dump_debug:0
2025-07-27 18:41:27.295885: W core/npu_wrapper.cpp:187] Unrecognized graph engine option enable_graph_parallel:0
2025-07-27 18:41:27.295900: W core/npu_wrapper.cpp:187] Unrecognized graph engine option enable_small_channel:0
2025-07-27 18:41:27.295916: W core/npu_wrapper.cpp:187] Unrecognized graph engine option external_weight:0
2025-07-27 18:41:27.295931: W core/npu_wrapper.cpp:187] Unrecognized graph engine option hcom_parallel:1
2025-07-27 18:41:27.295946: W core/npu_wrapper.cpp:187] Unrecognized graph engine option input_fusion_size:131072
2025-07-27 18:41:27.295959: W core/npu_wrapper.cpp:187] Unrecognized graph engine option is_tailing_optimization:0
2025-07-27 18:41:27.295974: W core/npu_wrapper.cpp:187] Unrecognized graph engine option jit_compile:auto
2025-07-27 18:41:27.296015: I core/npu_wrapper.cpp:247] Start graph engine with options:
2025-07-27 18:41:27.296032: I core/npu_wrapper.cpp:249]   event_sync_timeout:-1
2025-07-27 18:41:27.296047: I core/npu_wrapper.cpp:249]   execute_times:-1
2025-07-27 18:41:27.296060: I core/npu_wrapper.cpp:249]   ge.deterministic:0
2025-07-27 18:41:27.296075: I core/npu_wrapper.cpp:249]   ge.exec.allow_hf32:1
2025-07-27 18:41:27.296087: I core/npu_wrapper.cpp:249]   ge.exec.deployMode:0
2025-07-27 18:41:27.296100: I core/npu_wrapper.cpp:249]   ge.exec.deviceId:0
2025-07-27 18:41:27.296114: I core/npu_wrapper.cpp:249]   ge.exec.dumpData:tensor
2025-07-27 18:41:27.296127: I core/npu_wrapper.cpp:249]   ge.exec.enable_exception_dump:2
2025-07-27 18:41:27.296141: I core/npu_wrapper.cpp:249]   ge.exec.hcclFlag:1
2025-07-27 18:41:27.296154: I core/npu_wrapper.cpp:249]   ge.exec.hccl_tailing_optimize:1
2025-07-27 18:41:27.296166: I core/npu_wrapper.cpp:249]   ge.exec.isUseHcom:1
2025-07-27 18:41:27.296180: I core/npu_wrapper.cpp:249]   ge.exec.logicalDeviceClusterDeployMode:LB
2025-07-27 18:41:27.296193: I core/npu_wrapper.cpp:249]   ge.exec.overflow:1
2025-07-27 18:41:27.296207: I core/npu_wrapper.cpp:249]   ge.exec.profilingMode:0
2025-07-27 18:41:27.296220: I core/npu_wrapper.cpp:249]   ge.exec.profilingOptions:{"output":".\/","training_trace":"on","task_trace":"on",                                             "hccl":"on","aicpu":"on","aic_metrics":"PipeUtilization",                                             "msproftx":"off"}
2025-07-27 18:41:27.296233: I core/npu_wrapper.cpp:249]   ge.exec.rankId:0
2025-07-27 18:41:27.296248: I core/npu_wrapper.cpp:249]   ge.exec.rankTableFile:/root/tmp/pagerank/PageRank_v_3_0/tensorflow/ranktable_4p.json
2025-07-27 18:41:27.296261: I core/npu_wrapper.cpp:249]   ge.exec.staticMemoryPolicy:0
2025-07-27 18:41:27.296276: I core/npu_wrapper.cpp:249]   ge.graphRunMode:1
2025-07-27 18:41:27.296288: I core/npu_wrapper.cpp:249]   ge.op_compiler_cache_mode:enable
2025-07-27 18:41:27.296300: I core/npu_wrapper.cpp:249]   ge.tuningPath:./
2025-07-27 18:41:27.296314: I core/npu_wrapper.cpp:249]   stream_sync_timeout:-1
2025-07-27 18:41:37.939650: I core/npu_wrapper.cpp:260] Start graph engine succeed
2025-07-27 18:41:37.960156: I core/npu_wrapper.cpp:266] Start tensorflow model parser succeed
2025-07-27 18:41:37.967483: I core/npu_wrapper.cpp:291] Create device instance /job:localhost/replica:0/task:0/device:NPU:0 with extra options:
2025-07-27 18:41:37.967551: W core/npu_wrapper.cpp:187] Unrecognized graph engine option _distribute.rank_id:0
2025-07-27 18:41:37.967577: W core/npu_wrapper.cpp:187] Unrecognized graph engine option _distribute.rank_table:/root/tmp/pagerank/PageRank_v_3_0/tensorflow/ranktable_4p.json
2025-07-27 18:41:37.967607: W core/npu_wrapper.cpp:187] Unrecognized graph engine option deterministic:0
2025-07-27 18:41:37.967623: W core/npu_wrapper.cpp:187] Unrecognized graph engine option dump_data:tensor
2025-07-27 18:41:37.967640: W core/npu_wrapper.cpp:187] Unrecognized graph engine option enable_exception_dump:2
2025-07-27 18:41:37.967657: W core/npu_wrapper.cpp:187] Unrecognized graph engine option enable_profiling:0
2025-07-27 18:41:37.967671: W core/npu_wrapper.cpp:187] Unrecognized graph engine option event_sync_timeout:-1
2025-07-27 18:41:37.967686: W core/npu_wrapper.cpp:187] Unrecognized graph engine option execute_times:-1
2025-07-27 18:41:37.967711: W core/npu_wrapper.cpp:187] Unrecognized graph engine option logical_device_cluster_deploy_mode:LB
2025-07-27 18:41:37.967727: W core/npu_wrapper.cpp:187] Unrecognized graph engine option op_compiler_cache_mode:enable
2025-07-27 18:41:37.967740: W core/npu_wrapper.cpp:187] Unrecognized graph engine option overflow_flag:1
2025-07-27 18:41:37.967755: W core/npu_wrapper.cpp:187] Unrecognized graph engine option profiling_options:{"output":".\/","training_trace":"on","task_trace":"on",                                             "hccl":"on","aicpu":"on","aic_metrics":"PipeUtilization",                                             "msproftx":"off"}
2025-07-27 18:41:37.967767: W core/npu_wrapper.cpp:187] Unrecognized graph engine option static_memory_policy:0
2025-07-27 18:41:37.967780: W core/npu_wrapper.cpp:187] Unrecognized graph engine option stream_sync_timeout:-1
2025-07-27 18:41:37.967794: W core/npu_wrapper.cpp:187] Unrecognized graph engine option work_path:./
2025-07-27 18:41:37.983313: I core/npu_logger.cpp:49] Npu stdout receiver of device 0 started
2025-07-27 18:41:37.983448: I core/npu_device_register.cpp:107] Npu device instance /job:localhost/replica:0/task:0/device:NPU:0 created
2025-07-27 18:44:38.763646: I ../../../../../../../../../../asl/tfadaptor/tf_adapter/kernels/geop_npu.cc:1130] The model has been compiled on the Ascend AI processor, current graph id is: 1
===> Parsed 31361722 edges, num_nodes = 645821
[RANK 0] Step 0, err = 1.281494
[RANK 0] Step 1, err = 0.246171
[RANK 0] Step 2, err = 0.041434
[RANK 0] Step 3, err = 0.010977
[RANK 0] Step 4, err = 0.002705
[RANK 0] Step 5, err = 0.000823
================================ TensorFlow METHOD =======================================
		Graph: nodes: 645820, edges: 31361722
		GTEPS: 0.032640
		Total Cost: 184.639 seconds
================================ TensorFlow METHOD =======================================

Printing top 20 node ids with their ranks
Rank | Node ID | Score
------------------------------
   1 |       1 | 0.002206
   2 |  330702 | 0.000867
   3 |  326638 | 0.000859
   4 |    9341 | 0.000858
   5 |  426482 | 0.000856
   6 |  101769 | 0.000854
   7 |  139132 | 0.000853
   8 |  544219 | 0.000852
   9 |  194455 | 0.000851
  10 |   34541 | 0.000849
  11 |  261692 | 0.000846
  12 |  141625 | 0.000835
  13 |   64385 | 0.000827
  14 |   36022 | 0.000826
  15 |  433913 | 0.000811
  16 |  199033 | 0.000810
  17 |  530778 | 0.000809
  18 |  254027 | 0.000807
  19 |   97431 | 0.000806
  20 |       2 | 0.000802
2025-07-27 18:44:42.718871: I core/npu_logger.cpp:58] Stopping npu stdout receiver of device 0
2025-07-27 18:44:42.719302: I core/npu_wrapper.cpp:312] Stop tensorflow model parser succeed
2025-07-27 18:44:42.719352: I core/npu_wrapper.cpp:322] Stop graph engine succeed