/root/miniconda3/envs/mindspore_py39/lib/python3.9/site-packages/numpy/core/getlimits.py:549: UserWarning: The value of the smallest subnormal for <class 'numpy.float64'> type is zero.
  setattr(self, word, getattr(machar, word).flat[0])
/root/miniconda3/envs/mindspore_py39/lib/python3.9/site-packages/numpy/core/getlimits.py:89: UserWarning: The value of the smallest subnormal for <class 'numpy.float64'> type is zero.
  return self._float_to_str(self.smallest_subnormal)
/root/miniconda3/envs/mindspore_py39/lib/python3.9/site-packages/numpy/core/getlimits.py:549: UserWarning: The value of the smallest subnormal for <class 'numpy.float32'> type is zero.
  setattr(self, word, getattr(machar, word).flat[0])
/root/miniconda3/envs/mindspore_py39/lib/python3.9/site-packages/numpy/core/getlimits.py:89: UserWarning: The value of the smallest subnormal for <class 'numpy.float32'> type is zero.
  return self._float_to_str(self.smallest_subnormal)
[2025-07-30 17:48:45] dataflow.train INFO - We recommend installing `termcolor` via `pip install termcolor` and setup logger by `set_logger(..., color=True)`
[2025-07-30 17:48:53] dataflow.train INFO - Essential Experiment Configurations:
MindSpore mode[GRAPH(0)/PYNATIVE(1)]: 0
Distributed mode: False
Number of devices: 1
Number of training samples: 38400
Number of validation samples: 9600
Number of classes: 100
Number of batches: 150
Batch size: 256
Auto augment: randaug-m9-mstd0.5
MixUp: 0.8
CutMix: 1.0
Model: vit_b_16_224
Model parameters: 85875556
Number of epochs: 8
Optimizer: adamw
Learning rate: 0.0016
LR Scheduler: cosine_decay
Momentum: 0.9
Weight decay: 0.3
Auto mixed precision: O2
Loss scale: 1024(fixed)
[2025-07-30 17:48:53] dataflow.train INFO - Resume training from /dev/MODEL/VIT/DataFlow/backup/vit_b_16_224-496_18.ckpt, last step: 0, last epoch: 0
..[2025-07-30 17:52:16] dataflow.utils.callbacks INFO - Epoch: [1/8], batch: [150/150], loss: 1.465940, lr: 0.000000, time: 191.310164s
..[2025-07-30 17:52:45] dataflow.utils.callbacks INFO - Validation Top_1_Accuracy: 65.6563%, Top_5_Accuracy: 86.0833%, time: 29.129699s
[2025-07-30 17:52:45] dataflow.utils.callbacks INFO - => New best val acc: 65.6563%
[2025-07-30 17:52:50] dataflow.utils.callbacks INFO - Saving model to /dev/MODEL/VIT/DataFlow/ckpt/vit_b_16_224-1_150.ckpt
[2025-07-30 17:52:52] dataflow.utils.checkpoint_manager INFO - Top-k accuracy checkpoints:
/dev/MODEL/VIT/DataFlow/ckpt/vit_b_16_224-1_150.ckpt    0.6565625071525574
[2025-07-30 17:52:52] dataflow.utils.callbacks INFO - Total time since last epoch: 238.880986(train: 202.973356, val: 29.129699)s, GFLOPS: 250.62       ETA: 1672.166902s
[2025-07-30 17:52:52] dataflow.utils.callbacks INFO - ---------------------------------------- DataFlow Method ----------------------------------------
[2025-07-30 17:53:59] dataflow.utils.callbacks INFO - Epoch: [2/8], batch: [150/150], loss: 1.883843, lr: 0.000000, time: 65.884184s
[2025-07-30 17:54:08] dataflow.utils.callbacks INFO - Validation Top_1_Accuracy: 65.6563%, Top_5_Accuracy: 86.0833%, time: 8.850125s
[2025-07-30 17:54:10] dataflow.utils.callbacks INFO - Saving model to /dev/MODEL/VIT/DataFlow/ckpt/vit_b_16_224-2_150.ckpt
[2025-07-30 17:54:12] dataflow.utils.checkpoint_manager INFO - Top-k accuracy checkpoints:
/dev/MODEL/VIT/DataFlow/ckpt/vit_b_16_224-1_150.ckpt    0.6565625071525574
/dev/MODEL/VIT/DataFlow/ckpt/vit_b_16_224-2_150.ckpt    0.6565625071525574
[2025-07-30 17:54:12] dataflow.utils.callbacks INFO - Total time since last epoch: 78.535907(train: 65.894783, val: 8.850125)s, GFLOPS: 762.30  ETA: 471.215444s
[2025-07-30 17:54:12] dataflow.utils.callbacks INFO - ---------------------------------------- DataFlow Method ----------------------------------------
[2025-07-30 17:55:18] dataflow.utils.callbacks INFO - Epoch: [3/8], batch: [150/150], loss: 2.276978, lr: 0.000000, time: 65.884055s
[2025-07-30 17:55:27] dataflow.utils.callbacks INFO - Validation Top_1_Accuracy: 65.6563%, Top_5_Accuracy: 86.0833%, time: 8.619132s
[2025-07-30 17:55:28] dataflow.utils.callbacks INFO - Saving model to /dev/MODEL/VIT/DataFlow/ckpt/vit_b_16_224-3_150.ckpt
[2025-07-30 17:55:30] dataflow.utils.checkpoint_manager INFO - Top-k accuracy checkpoints:
/dev/MODEL/VIT/DataFlow/ckpt/vit_b_16_224-1_150.ckpt    0.6565625071525574
/dev/MODEL/VIT/DataFlow/ckpt/vit_b_16_224-2_150.ckpt    0.6565625071525574
/dev/MODEL/VIT/DataFlow/ckpt/vit_b_16_224-3_150.ckpt    0.6565625071525574
[2025-07-30 17:55:30] dataflow.utils.callbacks INFO - Total time since last epoch: 77.779948(train: 65.917356, val: 8.619132)s, GFLOPS: 769.71  ETA: 388.899741s
[2025-07-30 17:55:30] dataflow.utils.callbacks INFO - ---------------------------------------- DataFlow Method ----------------------------------------
[2025-07-30 17:56:36] dataflow.utils.callbacks INFO - Epoch: [4/8], batch: [150/150], loss: 2.484861, lr: 0.000000, time: 65.872084s
[2025-07-30 17:56:44] dataflow.utils.callbacks INFO - Validation Top_1_Accuracy: 65.6563%, Top_5_Accuracy: 86.0833%, time: 8.512897s
[2025-07-30 17:56:45] dataflow.utils.callbacks INFO - Saving model to /dev/MODEL/VIT/DataFlow/ckpt/vit_b_16_224-4_150.ckpt
[2025-07-30 17:56:47] dataflow.utils.checkpoint_manager INFO - Top-k accuracy checkpoints:
/dev/MODEL/VIT/DataFlow/ckpt/vit_b_16_224-1_150.ckpt    0.6565625071525574
/dev/MODEL/VIT/DataFlow/ckpt/vit_b_16_224-2_150.ckpt    0.6565625071525574
/dev/MODEL/VIT/DataFlow/ckpt/vit_b_16_224-3_150.ckpt    0.6565625071525574
/dev/MODEL/VIT/DataFlow/ckpt/vit_b_16_224-4_150.ckpt    0.6565625071525574
[2025-07-30 17:56:47] dataflow.utils.callbacks INFO - Total time since last epoch: 77.133439(train: 65.880376, val: 8.512897)s, GFLOPS: 776.16  ETA: 308.533756s
[2025-07-30 17:56:47] dataflow.utils.callbacks INFO - ---------------------------------------- DataFlow Method ----------------------------------------
[2025-07-30 17:57:53] dataflow.utils.callbacks INFO - Epoch: [5/8], batch: [150/150], loss: 2.710495, lr: 0.000000, time: 65.873310s
[2025-07-30 17:58:02] dataflow.utils.callbacks INFO - Validation Top_1_Accuracy: 65.6563%, Top_5_Accuracy: 86.0833%, time: 8.862779s
[2025-07-30 17:58:03] dataflow.utils.callbacks INFO - Saving model to /dev/MODEL/VIT/DataFlow/ckpt/vit_b_16_224-5_150.ckpt
[2025-07-30 17:58:05] dataflow.utils.checkpoint_manager INFO - Top-k accuracy checkpoints:
/dev/MODEL/VIT/DataFlow/ckpt/vit_b_16_224-1_150.ckpt    0.6565625071525574
/dev/MODEL/VIT/DataFlow/ckpt/vit_b_16_224-2_150.ckpt    0.6565625071525574
/dev/MODEL/VIT/DataFlow/ckpt/vit_b_16_224-3_150.ckpt    0.6565625071525574
/dev/MODEL/VIT/DataFlow/ckpt/vit_b_16_224-4_150.ckpt    0.6565625071525574
/dev/MODEL/VIT/DataFlow/ckpt/vit_b_16_224-5_150.ckpt    0.6565625071525574
[2025-07-30 17:58:05] dataflow.utils.callbacks INFO - Total time since last epoch: 78.014943(train: 65.881151, val: 8.862779)s, GFLOPS: 767.39  ETA: 234.044829s
[2025-07-30 17:58:05] dataflow.utils.callbacks INFO - ---------------------------------------- DataFlow Method ----------------------------------------
[2025-07-30 17:59:11] dataflow.utils.callbacks INFO - Epoch: [6/8], batch: [150/150], loss: 1.935820, lr: 0.000000, time: 65.938257s
[2025-07-30 17:59:20] dataflow.utils.callbacks INFO - Validation Top_1_Accuracy: 65.6563%, Top_5_Accuracy: 86.0833%, time: 8.449675s
[2025-07-30 17:59:20] dataflow.utils.callbacks INFO - Saving model to /dev/MODEL/VIT/DataFlow/ckpt/vit_b_16_224-6_150.ckpt
[2025-07-30 17:59:22] dataflow.utils.checkpoint_manager INFO - Top-k accuracy checkpoints:
/dev/MODEL/VIT/DataFlow/ckpt/vit_b_16_224-1_150.ckpt    0.6565625071525574
/dev/MODEL/VIT/DataFlow/ckpt/vit_b_16_224-2_150.ckpt    0.6565625071525574
/dev/MODEL/VIT/DataFlow/ckpt/vit_b_16_224-3_150.ckpt    0.6565625071525574
/dev/MODEL/VIT/DataFlow/ckpt/vit_b_16_224-4_150.ckpt    0.6565625071525574
/dev/MODEL/VIT/DataFlow/ckpt/vit_b_16_224-5_150.ckpt    0.6565625071525574
/dev/MODEL/VIT/DataFlow/ckpt/vit_b_16_224-6_150.ckpt    0.6565625071525574
[2025-07-30 17:59:22] dataflow.utils.callbacks INFO - Total time since last epoch: 76.981809(train: 65.969746, val: 8.449675)s, GFLOPS: 777.69  ETA: 153.963618s
[2025-07-30 17:59:22] dataflow.utils.callbacks INFO - ---------------------------------------- DataFlow Method ----------------------------------------
[2025-07-30 18:00:28] dataflow.utils.callbacks INFO - Epoch: [7/8], batch: [150/150], loss: 1.838659, lr: 0.000000, time: 65.872928s
[2025-07-30 18:00:37] dataflow.utils.callbacks INFO - Validation Top_1_Accuracy: 65.6563%, Top_5_Accuracy: 86.0833%, time: 8.939984s
[2025-07-30 18:00:41] dataflow.utils.callbacks INFO - Saving model to /dev/MODEL/VIT/DataFlow/ckpt/vit_b_16_224-7_150.ckpt
[2025-07-30 18:00:43] dataflow.utils.checkpoint_manager INFO - Top-k accuracy checkpoints:
/dev/MODEL/VIT/DataFlow/ckpt/vit_b_16_224-1_150.ckpt    0.6565625071525574
/dev/MODEL/VIT/DataFlow/ckpt/vit_b_16_224-2_150.ckpt    0.6565625071525574
/dev/MODEL/VIT/DataFlow/ckpt/vit_b_16_224-3_150.ckpt    0.6565625071525574
/dev/MODEL/VIT/DataFlow/ckpt/vit_b_16_224-4_150.ckpt    0.6565625071525574
/dev/MODEL/VIT/DataFlow/ckpt/vit_b_16_224-5_150.ckpt    0.6565625071525574
/dev/MODEL/VIT/DataFlow/ckpt/vit_b_16_224-6_150.ckpt    0.6565625071525574
/dev/MODEL/VIT/DataFlow/ckpt/vit_b_16_224-7_150.ckpt    0.6565625071525574
[2025-07-30 18:00:43] dataflow.utils.callbacks INFO - Total time since last epoch: 81.282982(train: 65.880060, val: 8.939984)s, GFLOPS: 736.53  ETA: 81.282982s
[2025-07-30 18:00:43] dataflow.utils.callbacks INFO - ---------------------------------------- DataFlow Method ----------------------------------------
[2025-07-30 18:01:50] dataflow.utils.callbacks INFO - Epoch: [8/8], batch: [150/150], loss: 1.471040, lr: 0.000000, time: 65.919480s
[2025-07-30 18:01:58] dataflow.utils.callbacks INFO - Validation Top_1_Accuracy: 65.6563%, Top_5_Accuracy: 86.0833%, time: 8.860420s
[2025-07-30 18:01:59] dataflow.utils.callbacks INFO - Saving model to /dev/MODEL/VIT/DataFlow/ckpt/vit_b_16_224-8_150.ckpt
[2025-07-30 18:02:01] dataflow.utils.checkpoint_manager INFO - Top-k accuracy checkpoints:
/dev/MODEL/VIT/DataFlow/ckpt/vit_b_16_224-1_150.ckpt    0.6565625071525574
/dev/MODEL/VIT/DataFlow/ckpt/vit_b_16_224-2_150.ckpt    0.6565625071525574
/dev/MODEL/VIT/DataFlow/ckpt/vit_b_16_224-3_150.ckpt    0.6565625071525574
/dev/MODEL/VIT/DataFlow/ckpt/vit_b_16_224-4_150.ckpt    0.6565625071525574
/dev/MODEL/VIT/DataFlow/ckpt/vit_b_16_224-5_150.ckpt    0.6565625071525574
/dev/MODEL/VIT/DataFlow/ckpt/vit_b_16_224-6_150.ckpt    0.6565625071525574
/dev/MODEL/VIT/DataFlow/ckpt/vit_b_16_224-7_150.ckpt    0.6565625071525574
/dev/MODEL/VIT/DataFlow/ckpt/vit_b_16_224-8_150.ckpt    0.6565625071525574
[2025-07-30 18:02:01] dataflow.utils.callbacks INFO - Total time since last epoch: 77.704937(train: 65.926816, val: 8.860420)s, GFLOPS: 770.45  ETA: 0.000000s
[2025-07-30 18:02:01] dataflow.utils.callbacks INFO - ---------------------------------------- DataFlow Method ----------------------------------------
[2025-07-30 18:02:01] dataflow.utils.callbacks INFO - Finish training!
[2025-07-30 18:02:01] dataflow.utils.callbacks INFO - Average calculate time: 78.66 seconds, gflops: 761.56
[2025-07-30 18:02:01] dataflow.utils.callbacks INFO - ======================================== DataFlow Method ========================================
[2025-07-30 18:02:02] dataflow.train INFO - Total E2E Time: 796.9242 second