================================ SYSTEM INFO =======================================
                Python Version: 3.8.20
                PyTorch Version: 2.4.1+cu118
================================ SYSTEM INFO =======================================
start loading data...
load data complete...
shape of matrix: [174148, 174148], num_nodes=174148
start calculating pagerank...
calculate complete...
printing top 20 node ids with their ranks:
S No.    Node Id         Rank
1        1       0.003471294
2        159453          0.0014315245
3        78518   0.0014265359
4        133418          0.001419843
5        144325          0.0014166472
6        158201          0.0014157278
7        2099    0.0014137119
8        20983   0.001412219
9        115679          0.0014116857
10       143636          0.0013976737
11       46630   0.0013942138
12       108888          0.0013919898
13       19869   0.0013874312
14       124206          0.0013854674
15       116089          0.001346763
16       123461          0.0013459722
17       48707   0.0013247061
18       74854   0.0013234324
19       2       0.0013085783
20       48718   0.00059129915
================================ DATAFLOW METHOD =======================================
                Graph: nodes:174148, edges:45604176
                GTEPS: 0.014431 GFLOPS
                Total Cost: 18.434 seconds
================================ DATAFLOW METHOD =======================================