╔════════════════════════════╗
    开始初始化XRT环境     
╚════════════════════════════╝
√ XRT初始化完成 
╔════════════════════════════╗
    加载预处理边数据     
╚════════════════════════════╝
√ 加载组0边数据: 254287 条边
√ 加载组1边数据: 274543 条边
√ 加载组2边数据: 245287 条边
√ 加载组3边数据: 260704 条边
√ 加载组4边数据: 245728 条边
√ 加载组5边数据: 253564 条边
√ 加载组6边数据: 267494 条边
√ 加载组7边数据: 230480 条边
√ 加载组8边数据: 290104 条边
√ 加载组9边数据: 275229 条边
√ 加载组10边数据: 252543 条边
√ 加载组11边数据: 261769 条边
√ 加载组12边数据: 251489 条边
√ 加载组13边数据: 251219 条边
√ 加载组14边数据: 250823 条边
√ 加载组15边数据: 233082 条边
√ 加载组16边数据: 251286 条边
√ 加载组17边数据: 265573 条边
√ 加载组18边数据: 264484 条边
√ 加载组19边数据: 245414 条边
√ 加载组20边数据: 273939 条边
√ 加载组21边数据: 224626 条边
√ 加载组22边数据: 234974 条边
√ 加载组23边数据: 238708 条边
√ 加载组24边数据: 231383 条边
√ 加载组25边数据: 240080 条边
√ 加载组26边数据: 251075 条边
√ 加载组27边数据: 253404 条边
√ 加载组28边数据: 247500 条边
√ 加载组29边数据: 279935 条边

╔════════════════════════════╗
     加载压缩出度数据     
╚════════════════════════════╝
√ 加载组0出度数据: 13312 字节
√ 加载组1出度数据: 13312 字节
√ 加载组2出度数据: 13312 字节
√ 加载组3出度数据: 13312 字节
√ 加载组4出度数据: 13312 字节
√ 加载组5出度数据: 13312 字节
√ 加载组6出度数据: 13312 字节
√ 加载组7出度数据: 13312 字节
√ 加载组8出度数据: 13312 字节
√ 加载组9出度数据: 13312 字节
√ 加载组10出度数据: 13312 字节
√ 加载组11出度数据: 13312 字节
√ 加载组12出度数据: 13312 字节
√ 加载组13出度数据: 13312 字节
√ 加载组14出度数据: 13312 字节
√ 加载组15出度数据: 13312 字节
√ 加载组16出度数据: 13312 字节
√ 加载组17出度数据: 13312 字节
√ 加载组18出度数据: 13312 字节
√ 加载组19出度数据: 13312 字节
√ 加载组20出度数据: 13312 字节
√ 加载组21出度数据: 13312 字节
√ 加载组22出度数据: 13312 字节
√ 加载组23出度数据: 13312 字节
√ 加载组24出度数据: 13312 字节
√ 加载组25出度数据: 13312 字节
√ 加载组26出度数据: 13312 字节
√ 加载组27出度数据: 13312 字节
√ 加载组28出度数据: 13312 字节
√ 加载组29出度数据: 13312 字节

╔════════════════════════════╗
    加载初始PR数据     
╚════════════════════════════╝
√ 加载初始PR数据: 398080 字节

╔════════════════════════════╗
    加载节点分组数据     
╚════════════════════════════╝
√ 已加载分组节点数数据
 总节点数: 174179

╔════════════════════════════╗
    启动内核             
╚════════════════════════════╝

╔════════════════════════════╗
    内核执行完成       
╚════════════════════════════╝
执行时间: 4073 微秒
总边数: 7600726
总节点数: 174179
GTEPS: 1.86612