Autocomplete enabled for the xbutil command
Autocomplete enabled for the xbmgmt command
XILINX_XRT : /opt/xilinx/xrt
PATH : /opt/xilinx/xrt/bin:/tools/Xilinx/Vitis_HLS/2023.2/bin:/tools/Xilinx/Model_Composer/2023.2/bin:/tools/Xilinx/Vitis/2023.2/bin:/tools/Xilinx/Vitis/2023.2/gnu/microblaze/lin/bin:/tools/Xilinx/Vitis/2023.2/gnu/microblaze/linux_toolchain/lin64_le/bin:/tools/Xilinx/Vitis/2023.2/gnu/aarch32/lin/gcc-arm-linux-gnueabi/bin:/tools/Xilinx/Vitis/2023.2/gnu/aarch32/lin/gcc-arm-none-eabi/bin:/tools/Xilinx/Vitis/2023.2/gnu/aarch64/lin/aarch64-linux/bin:/tools/Xilinx/Vitis/2023.2/gnu/aarch64/lin/aarch64-none/bin:/tools/Xilinx/Vitis/2023.2/gnu/armr5/lin/gcc-arm-none-eabi/bin:/tools/Xilinx/Vitis/2023.2/tps/lnx64/cmake-3.3.2/bin:/tools/Xilinx/Vitis/2023.2/aietools/bin:/tools/Xilinx/Vitis/2023.2/gnu/riscv/lin/riscv64-unknown-elf/bin:/tools/Xilinx/Vivado/2023.2/bin:/tools/Xilinx/DocNav:/usr/local/sbin:/usr/local/bin:/usr/sbin:/usr/bin:/sbin:/bin:/usr/games:/usr/local/games:/snap/bin
LD_LIBRARY_PATH : /opt/xilinx/xrt/lib
PYTHONPATH : /opt/xilinx/xrt/python
╔════════════════════════════╗
开始初始化XRT环境
╚════════════════════════════╝
√ XRT初始化完成
╔════════════════════════════╗
加载预处理边数据
╚════════════════════════════╝
√ 加载组0边数据: 507833 条边
√ 加载组1边数据: 595473 条边
√ 加载组2边数据: 530070 条边
√ 加载组3边数据: 494521 条边
√ 加载组4边数据: 505688 条边
√ 加载组5边数据: 496750 条边
√ 加载组6边数据: 524242 条边
√ 加载组7边数据: 474249 条边
√ 加载组8边数据: 490652 条边
√ 加载组9边数据: 542066 条边
√ 加载组10边数据: 513711 条边
√ 加载组11边数据: 473165 条边
√ 加载组12边数据: 524571 条边
√ 加载组13边数据: 497526 条边
√ 加载组14边数据: 513263 条边
√ 加载组15边数据: 516223 条边
√ 加载组16边数据: 494582 条边
√ 加载组17边数据: 507527 条边
√ 加载组18边数据: 537437 条边
√ 加载组19边数据: 532207 条边
√ 加载组20边数据: 538501 条边
√ 加载组21边数据: 530355 条边
√ 加载组22边数据: 518737 条边
√ 加载组23边数据: 472267 条边
√ 加载组24边数据: 531212 条边
√ 加载组25边数据: 536524 条边
√ 加载组26边数据: 511550 条边
√ 加载组27边数据: 496292 条边
√ 加载组28边数据: 552654 条边
√ 加载组29边数据: 499532 条边
╔════════════════════════════╗
加载压缩出度数据
╚════════════════════════════╝
√ 加载组0出度数据: 25600 字节
√ 加载组1出度数据: 25600 字节
√ 加载组2出度数据: 25600 字节
√ 加载组3出度数据: 25600 字节
√ 加载组4出度数据: 25600 字节
√ 加载组5出度数据: 25600 字节
√ 加载组6出度数据: 25600 字节
√ 加载组7出度数据: 25600 字节
√ 加载组8出度数据: 25600 字节
√ 加载组9出度数据: 25600 字节
√ 加载组10出度数据: 25600 字节
√ 加载组11出度数据: 25600 字节
√ 加载组12出度数据: 25600 字节
√ 加载组13出度数据: 25600 字节
√ 加载组14出度数据: 25600 字节
√ 加载组15出度数据: 25600 字节
√ 加载组16出度数据: 25600 字节
√ 加载组17出度数据: 25600 字节
√ 加载组18出度数据: 25600 字节
√ 加载组19出度数据: 25600 字节
√ 加载组20出度数据: 25600 字节
√ 加载组21出度数据: 25600 字节
√ 加载组22出度数据: 25600 字节
√ 加载组23出度数据: 25600 字节
√ 加载组24出度数据: 25600 字节
√ 加载组25出度数据: 25600 字节
√ 加载组26出度数据: 25600 字节
√ 加载组27出度数据: 25600 字节
√ 加载组28出度数据: 25600 字节
√ 加载组29出度数据: 25600 字节
╔════════════════════════════╗
加载初始PR数据
╚════════════════════════════╝
√ 加载初始PR数据: 766464 字节
╔════════════════════════════╗
加载节点分组数据
╚════════════════════════════╝
√ 已加载分组节点数数据
总节点数: 335318
╔════════════════════════════╗
启动内核
╚════════════════════════════╝
╔════════════════════════════╗
内核执行完成
╚════════════════════════════╝
执行时间: 43620 微秒
总边数: 15459350
总节点数: 335318
Top 20 nodes: | Score
Rank | Node ID | -------------
1 | 120991 | 0.002757
2 | 2259 | 0.001112
3 | 170570 | 0.001100
4 | 289915 | 0.001094
5 | 302985 | 0.001093
6 | 21751 | 0.001090
7 | 113851 | 0.001089
8 | 84954 | 0.001088
9 | 232019 | 0.001083
10 | 50999 | 0.001077
11 | 318268 | 0.001074
12 | 23044 | 0.001074
13 | 319671 | 0.001071
14 | 303790 | 0.001059
15 | 174501 | 0.001036
16 | 80958 | 0.001023
17 | 2 | 0.001022
18 | 52496 | 0.001020
19 | 224968 | 0.001016
20 | 224968 | 0.001016
GTEPS: 2.12646