Autocomplete enabled for the xbutil command
Autocomplete enabled for the xbmgmt command
XILINX_XRT : /opt/xilinx/xrt
PATH : /opt/xilinx/xrt/bin:/tools/Xilinx/Vitis_HLS/2023.2/bin:/tools/Xilinx/Model_Composer/2023.2/bin:/tools/Xilinx/Vitis/2023.2/bin:/tools/Xilinx/Vitis/2023.2/gnu/microblaze/lin/bin:/tools/Xilinx/Vitis/2023.2/gnu/microblaze/linux_toolchain/lin64_le/bin:/tools/Xilinx/Vitis/2023.2/gnu/aarch32/lin/gcc-arm-linux-gnueabi/bin:/tools/Xilinx/Vitis/2023.2/gnu/aarch32/lin/gcc-arm-none-eabi/bin:/tools/Xilinx/Vitis/2023.2/gnu/aarch64/lin/aarch64-linux/bin:/tools/Xilinx/Vitis/2023.2/gnu/aarch64/lin/aarch64-none/bin:/tools/Xilinx/Vitis/2023.2/gnu/armr5/lin/gcc-arm-none-eabi/bin:/tools/Xilinx/Vitis/2023.2/tps/lnx64/cmake-3.3.2/bin:/tools/Xilinx/Vitis/2023.2/aietools/bin:/tools/Xilinx/Vitis/2023.2/gnu/riscv/lin/riscv64-unknown-elf/bin:/tools/Xilinx/Vivado/2023.2/bin:/tools/Xilinx/DocNav:/usr/local/sbin:/usr/local/bin:/usr/sbin:/usr/bin:/sbin:/bin:/usr/games:/usr/local/games:/snap/bin
LD_LIBRARY_PATH : /opt/xilinx/xrt/lib
PYTHONPATH : /opt/xilinx/xrt/python
╔════════════════════════════╗
开始初始化XRT环境
╚════════════════════════════╝
√ XRT初始化完成
╔════════════════════════════╗
加载预处理边数据
╚════════════════════════════╝
√ 加载组0边数据: 254287 条边
√ 加载组1边数据: 274543 条边
√ 加载组2边数据: 245287 条边
√ 加载组3边数据: 260704 条边
√ 加载组4边数据: 245728 条边
√ 加载组5边数据: 253564 条边
√ 加载组6边数据: 267494 条边
√ 加载组7边数据: 230480 条边
√ 加载组8边数据: 290104 条边
√ 加载组9边数据: 275229 条边
√ 加载组10边数据: 252543 条边
√ 加载组11边数据: 261769 条边
√ 加载组12边数据: 251489 条边
√ 加载组13边数据: 251219 条边
√ 加载组14边数据: 250823 条边
√ 加载组15边数据: 233082 条边
√ 加载组16边数据: 251286 条边
√ 加载组17边数据: 265573 条边
√ 加载组18边数据: 264484 条边
√ 加载组19边数据: 245414 条边
√ 加载组20边数据: 273939 条边
√ 加载组21边数据: 224626 条边
√ 加载组22边数据: 234974 条边
√ 加载组23边数据: 238708 条边
√ 加载组24边数据: 231383 条边
√ 加载组25边数据: 240080 条边
√ 加载组26边数据: 251075 条边
√ 加载组27边数据: 253404 条边
√ 加载组28边数据: 247500 条边
√ 加载组29边数据: 279935 条边
╔════════════════════════════╗
加载压缩出度数据
╚════════════════════════════╝
√ 加载组0出度数据: 13312 字节
√ 加载组1出度数据: 13312 字节
√ 加载组2出度数据: 13312 字节
√ 加载组3出度数据: 13312 字节
√ 加载组4出度数据: 13312 字节
√ 加载组5出度数据: 13312 字节
√ 加载组6出度数据: 13312 字节
√ 加载组7出度数据: 13312 字节
√ 加载组8出度数据: 13312 字节
√ 加载组9出度数据: 13312 字节
√ 加载组10出度数据: 13312 字节
√ 加载组11出度数据: 13312 字节
√ 加载组12出度数据: 13312 字节
√ 加载组13出度数据: 13312 字节
√ 加载组14出度数据: 13312 字节
√ 加载组15出度数据: 13312 字节
√ 加载组16出度数据: 13312 字节
√ 加载组17出度数据: 13312 字节
√ 加载组18出度数据: 13312 字节
√ 加载组19出度数据: 13312 字节
√ 加载组20出度数据: 13312 字节
√ 加载组21出度数据: 13312 字节
√ 加载组22出度数据: 13312 字节
√ 加载组23出度数据: 13312 字节
√ 加载组24出度数据: 13312 字节
√ 加载组25出度数据: 13312 字节
√ 加载组26出度数据: 13312 字节
√ 加载组27出度数据: 13312 字节
√ 加载组28出度数据: 13312 字节
√ 加载组29出度数据: 13312 字节
╔════════════════════════════╗
加载初始PR数据
╚════════════════════════════╝
√ 加载初始PR数据: 398080 字节
╔════════════════════════════╗
加载节点分组数据
╚════════════════════════════╝
√ 已加载分组节点数数据
总节点数: 174147
╔════════════════════════════╗
启动内核
╚════════════════════════════╝
╔════════════════════════════╗
内核执行完成
╚════════════════════════════╝
执行时间: 19560 微秒
总边数: 7600696
总节点数: 174147
Top 20 nodes: | Score
Rank | Node ID | -------------
1 | 159453 | 0.003471
2 | 78518 | 0.001432
3 | 133428 | 0.001427
4 | 144315 | 0.001420
5 | 158201 | 0.001416
6 | 20999 | 0.001414
7 | 20983 | 0.001412
8 | 115679 | 0.001412
9 | 143636 | 0.001398
10 | 46630 | 0.001394
11 | 108888 | 0.001392
12 | 19809 | 0.001387
13 | 124266 | 0.001385
14 | 116089 | 0.001347
15 | 123461 | 0.001346
16 | 48707 | 0.001325
17 | 74854 | 0.001323
18 | 74852 | 0.001309
19 | 48718 | 0.000591
20 | 48718 | 0.000591
GTEPS: 2.33151