2.4.1+cu118
Start predicting...
predict.py:46: FutureWarning: You are using `torch.load` with `weights_only=False` (the current default value), which uses the default pickle module implicitly. It is possible to construct malicious pickle data which will execute arbitrary code during unpickling (See https://github.com/pytorch/pytorch/blob/main/SECURITY.md#untrusted-models for more details). In a future release, the default value for `weights_only` will be flipped to `True`. This limits the functions that could be executed during unpickling. Arbitrary objects will no longer be allowed to be loaded via this mode unless they are explicitly allowlisted by the user via `torch.serialization.add_safe_globals`. We recommend you start setting `weights_only=True` for any use case where you don't have full control of the loaded file. Please open an issue on GitHub for any issues related to this experimental feature.
  model.load_state_dict(torch.load(model_weight_path, map_location=device))
[1/20] Result for 14267691818_301aceda07.jpg from worker 1 | Class: roses | Prob: 0.555 | Time: 0.4162s | GFLOPS: 40.51
[2/20] Result for 5060519573_c628547e20_n.jpg from worker 0 | Class: roses | Prob: 0.434 | Time: 0.4463s | GFLOPS: 37.78
[3/20] Result for 8388497874_1fe750cc95_m.jpg from worker 1 | Class: roses | Prob: 0.560 | Time: 0.0720s | GFLOPS: 234.01
[4/20] Result for 12395698413_c0388278f7.jpg from worker 1 | Class: roses | Prob: 0.527 | Time: 0.0648s | GFLOPS: 260.37
[5/20] Result for 8853083579_dd1dfa3188.jpg from worker 0 | Class: roses | Prob: 0.371 | Time: 0.0751s | GFLOPS: 224.48
[6/20] Result for 3560426426_1c66cb8330.jpg from worker 1 | Class: roses | Prob: 0.557 | Time: 0.0650s | GFLOPS: 259.45
[7/20] Result for 459042023_6273adc312_n.jpg from worker 0 | Class: roses | Prob: 0.538 | Time: 0.0730s | GFLOPS: 230.93
[8/20] Result for 6936225976_a91b60d8c2_m.jpg from worker 1 | Class: roses | Prob: 0.615 | Time: 0.0646s | GFLOPS: 261.13
[9/20] Result for 17990320484_93bba345d2_m.jpg from worker 0 | Class: roses | Prob: 0.567 | Time: 0.0725s | GFLOPS: 232.59
[10/20] Result for 8742493617_c2a9bf854f_m.jpg from worker 1 | Class: roses | Prob: 0.532 | Time: 0.0647s | GFLOPS: 260.39
[11/20] Result for 2675221506_5286c0595f.jpg from worker 0 | Class: roses | Prob: 0.511 | Time: 0.0732s | GFLOPS: 230.33
[12/20] Result for 6347847065_83cf87333b_n.jpg from worker 1 | Class: roses | Prob: 0.507 | Time: 0.0652s | GFLOPS: 258.55
[13/20] Result for 3407482427_49d5c75291_m.jpg from worker 0 | Class: roses | Prob: 0.418 | Time: 0.0732s | GFLOPS: 230.37
[14/20] Result for 15419696882_9394168a10_n.jpg from worker 1 | Class: sunflowers | Prob: 0.213 | Time: 0.0663s | GFLOPS: 254.38
[15/20] Result for 3554620445_082dd0bec4_n.jpg from worker 0 | Class: roses | Prob: 0.547 | Time: 0.0732s | GFLOPS: 230.31
[16/20] Result for 15319767030_e6c5602a77_m.jpg from worker 1 | Class: roses | Prob: 0.305 | Time: 0.0660s | GFLOPS: 255.45
[17/20] Result for 2536282942_b5ca27577e.jpg from worker 0 | Class: tulips | Prob: 0.369 | Time: 0.0736s | GFLOPS: 229.08
[18/20] Result for 475936554_a2b38aaa8e.jpg from worker 1 | Class: roses | Prob: 0.286 | Time: 0.0667s | GFLOPS: 252.85
[19/20] Result for 4588034197_e300b0872a_n.jpg from worker 0 | Class: tulips | Prob: 0.338 | Time: 0.0746s | GFLOPS: 225.93
[20/20] Result for 2389205905_17ce9e6936.jpg from worker 1 | Class: roses | Prob: 0.489 | Time: 0.0651s | GFLOPS: 259.05
===== Summary (PyTorch Method) =====
Total images processed: 20
Total execution time: 5.41s 
Average inference time: 0.0808s/image (18.50 images/s)
Throughput: 231.41 GFLOPS